Component: ARM Compiler 5.06 update 5 (build 528) Tool: armlink [4d35e2]

==============================================================================

Section Cross References

    startup_cw32l011.o(STACK) refers (Special) to heapauxi.o(.text) for __use_two_region_memory
    startup_cw32l011.o(HEAP) refers (Special) to heapauxi.o(.text) for __use_two_region_memory
    startup_cw32l011.o(RESET) refers (Special) to heapauxi.o(.text) for __use_two_region_memory
    startup_cw32l011.o(RESET) refers to startup_cw32l011.o(STACK) for __initial_sp
    startup_cw32l011.o(RESET) refers to startup_cw32l011.o(.text) for Reset_Handler
    startup_cw32l011.o(RESET) refers to interrupts_cw32l011.o(i.NMI_Handler) for NMI_Handler
    startup_cw32l011.o(RESET) refers to interrupts_cw32l011.o(i.HardFault_Handler) for HardFault_Handler
    startup_cw32l011.o(RESET) refers to interrupts_cw32l011.o(i.SVC_Handler) for SVC_Handler
    startup_cw32l011.o(RESET) refers to interrupts_cw32l011.o(i.PendSV_Handler) for PendSV_Handler
    startup_cw32l011.o(RESET) refers to cw32l011_systick.o(i.SysTick_Handler) for SysTick_Handler
    startup_cw32l011.o(RESET) refers to interrupts_cw32l011.o(i.WDT_IRQHandler) for WDT_IRQHandler
    startup_cw32l011.o(RESET) refers to interrupts_cw32l011.o(i.LVD_IRQHandler) for LVD_IRQHandler
    startup_cw32l011.o(RESET) refers to interrupts_cw32l011.o(i.RTC_IRQHandler) for RTC_IRQHandler
    startup_cw32l011.o(RESET) refers to interrupts_cw32l011.o(i.FLASHRAM_IRQHandler) for FLASHRAM_IRQHandler
    startup_cw32l011.o(RESET) refers to interrupts_cw32l011.o(i.SYSCTRL_IRQHandler) for SYSCTRL_IRQHandler
    startup_cw32l011.o(RESET) refers to interrupts_cw32l011.o(i.GPIOA_IRQHandler) for GPIOA_IRQHandler
    startup_cw32l011.o(RESET) refers to interrupts_cw32l011.o(i.GPIOB_IRQHandler) for GPIOB_IRQHandler
    startup_cw32l011.o(RESET) refers to interrupts_cw32l011.o(i.GPIOC_IRQHandler) for GPIOC_IRQHandler
    startup_cw32l011.o(RESET) refers to interrupts_cw32l011.o(i.ADC_IRQHandler) for ADC_IRQHandler
    startup_cw32l011.o(RESET) refers to interrupts_cw32l011.o(i.ATIM_IRQHandler) for ATIM_IRQHandler
    startup_cw32l011.o(RESET) refers to interrupts_cw32l011.o(i.VC1_IRQHandler) for VC1_IRQHandler
    startup_cw32l011.o(RESET) refers to interrupts_cw32l011.o(i.VC2_IRQHandler) for VC2_IRQHandler
    startup_cw32l011.o(RESET) refers to interrupts_cw32l011.o(i.GTIM1_IRQHandler) for GTIM1_IRQHandler
    startup_cw32l011.o(RESET) refers to interrupts_cw32l011.o(i.GTIM2_IRQHandler) for GTIM2_IRQHandler
    startup_cw32l011.o(RESET) refers to interrupts_cw32l011.o(i.LPTIM_IRQHandler) for LPTIM_IRQHandler
    startup_cw32l011.o(RESET) refers to interrupts_cw32l011.o(i.BTIM1_IRQHandler) for BTIM1_IRQHandler
    startup_cw32l011.o(RESET) refers to interrupts_cw32l011.o(i.BTIM2_IRQHandler) for BTIM2_IRQHandler
    startup_cw32l011.o(RESET) refers to interrupts_cw32l011.o(i.BTIM3_IRQHandler) for BTIM3_IRQHandler
    startup_cw32l011.o(RESET) refers to interrupts_cw32l011.o(i.I2C_IRQHandler) for I2C_IRQHandler
    startup_cw32l011.o(RESET) refers to interrupts_cw32l011.o(i.SPI1_IRQHandler) for SPI1_IRQHandler
    startup_cw32l011.o(RESET) refers to interrupts_cw32l011.o(i.UART1_IRQHandler) for UART1_IRQHandler
    startup_cw32l011.o(RESET) refers to interrupts_cw32l011.o(i.UART2_IRQHandler) for UART2_IRQHandler
    startup_cw32l011.o(RESET) refers to interrupts_cw32l011.o(i.UART3_IRQHandler) for UART3_IRQHandler
    startup_cw32l011.o(RESET) refers to interrupts_cw32l011.o(i.CLKFAULT_IRQHandler) for CLKFAULT_IRQHandler
    startup_cw32l011.o(.text) refers (Special) to heapauxi.o(.text) for __use_two_region_memory
    startup_cw32l011.o(.text) refers to system_cw32l011.o(i.SystemInit) for SystemInit
    startup_cw32l011.o(.text) refers to __main.o(!!!main) for __main
    startup_cw32l011.o(.text) refers to startup_cw32l011.o(HEAP) for Heap_Mem
    startup_cw32l011.o(.text) refers to startup_cw32l011.o(STACK) for Stack_Mem
    system_cw32l011.o(i.SystemCoreClockUpdate) refers to system_cw32l011.o(.data) for SystemCoreClock
    system_cw32l011.o(i.SystemInit) refers to system_cw32l011.o(i.SystemCoreClockUpdate) for SystemCoreClockUpdate
    interrupts_cw32l011.o(i.BTIM1_IRQHandler) refers to cw32l011_btim.o(i.BTIM_GetITStatus) for BTIM_GetITStatus
    interrupts_cw32l011.o(i.BTIM1_IRQHandler) refers to cw32l011_btim.o(i.BTIM_ClearITPendingBit) for BTIM_ClearITPendingBit
    interrupts_cw32l011.o(i.BTIM1_IRQHandler) refers to interrupts_cw32l011.o(.data) for Status_Flag
    interrupts_cw32l011.o(i.BTIM1_IRQHandler) refers to main.o(.data) for PIR_pinif
    interrupts_cw32l011.o(i.GPIOB_IRQHandler) refers to interrupts_cw32l011.o(.data) for Status_Flag
    interrupts_cw32l011.o(i.GPIOB_IRQHandler) refers to main.o(.data) for PIR_pinif
    interrupts_cw32l011.o(i.UART3_IRQHandler) refers to cw32l011_uart.o(i.UART_GetITStatus) for UART_GetITStatus
[...]
    Libraries\src\cw32l011_crc.c             0x00000000   Number         0  cw32l011_crc.o ABSOLUTE
    Libraries\src\cw32l011_debug.c           0x00000000   Number         0  cw32l011_debug.o ABSOLUTE
    Libraries\src\cw32l011_digitalsign.c     0x00000000   Number         0  cw32l011_digitalsign.o ABSOLUTE
    Libraries\src\cw32l011_flash.c           0x00000000   Number         0  cw32l011_flash.o ABSOLUTE
    Libraries\src\cw32l011_gpio.c            0x00000000   Number         0  cw32l011_gpio.o ABSOLUTE
    Libraries\src\cw32l011_gtim.c            0x00000000   Number         0  cw32l011_gtim.o ABSOLUTE
    Libraries\src\cw32l011_i2c.c             0x00000000   Number         0  cw32l011_i2c.o ABSOLUTE
    Libraries\src\cw32l011_iwdt.c            0x00000000   Number         0  cw32l011_iwdt.o ABSOLUTE
    Libraries\src\cw32l011_lptim.c           0x00000000   Number         0  cw32l011_lptim.o ABSOLUTE
    Libraries\src\cw32l011_lvd.c             0x00000000   Number         0  cw32l011_lvd.o ABSOLUTE
    Libraries\src\cw32l011_pwr.c             0x00000000   Number         0  cw32l011_pwr.o ABSOLUTE
    Libraries\src\cw32l011_ram.c             0x00000000   Number         0  cw32l011_ram.o ABSOLUTE
    Libraries\src\cw32l011_rtc.c             0x00000000   Number         0  cw32l011_rtc.o ABSOLUTE
    Libraries\src\cw32l011_spi.c             0x00000000   Number         0  cw32l011_spi.o ABSOLUTE
    Libraries\src\cw32l011_sysctrl.c         0x00000000   Number         0  cw32l011_sysctrl.o ABSOLUTE
    Libraries\src\cw32l011_systick.c         0x00000000   Number         0  cw32l011_systick.o ABSOLUTE
    Libraries\src\cw32l011_uart.c            0x00000000   Number         0  cw32l011_uart.o ABSOLUTE
    Libraries\src\cw32l011_vc.c              0x00000000   Number         0  cw32l011_vc.o ABSOLUTE
    Libraries\src\i2c_eeprom.c               0x00000000   Number         0  i2c_eeprom.o ABSOLUTE
    StartKit_Board\\cw32l011_startkit_board.c 0x00000000   Number         0  cw32l011_startkit_board.o ABSOLUTE
    StartKit_Board\cw32l011_startkit_board.c 0x00000000   Number         0  cw32l011_startkit_board.o ABSOLUTE
    Startup\\system_cw32l011.c               0x00000000   Number         0  system_cw32l011.o ABSOLUTE
    Startup\startup_cw32l011.s               0x00000000   Number         0  startup_cw32l011.o ABSOLUTE
    Startup\system_cw32l011.c                0x00000000   Number         0  system_cw32l011.o ABSOLUTE
    USER\\src\\interrupts_cw32l011.c         0x00000000   Number         0  interrupts_cw32l011.o ABSOLUTE
    USER\\src\\main.c                        0x00000000   Number         0  main.o ABSOLUTE
    USER\\src\\mqtt_client.c                 0x00000000   Number         0  mqtt_client.o ABSOLUTE
    USER\\src\\my_init.c                     0x00000000   Number         0  my_init.o ABSOLUTE
    USER\\src\\wifi_comm.c                   0x00000000   Number         0  wifi_comm.o ABSOLUTE
    USER\src\interrupts_cw32l011.c           0x00000000   Number         0  interrupts_cw32l011.o ABSOLUTE
    USER\src\main.c                          0x00000000   Number         0  main.o ABSOLUTE
    USER\src\mqtt_client.c                   0x00000000   Number         0  mqtt_client.o ABSOLUTE
    USER\src\my_init.c                       0x00000000   Number         0  my_init.o ABSOLUTE
    USER\src\wifi_comm.c                     0x00000000   Number         0  wifi_comm.o ABSOLUTE
    dc.s                                     0x00000000   Number         0  dc.o ABSOLUTE
    !!!main                                  0x000000c0   Section        8  __main.o(!!!main)
    !!!scatter                               0x000000c8   Section       60  __scatter.o(!!!scatter)
    !!handler_copy                           0x00000104   Section       26  __scatter_copy.o(!!handler_copy)
    !!handler_zi                             0x00000120   Section       28  __scatter_zi.o(!!handler_zi)
    .ARM.Collect$$_printf_percent$$00000000  0x0000013c   Section        2  _printf_percent.o(.ARM.Collect$$_printf_percent$$00000000)
    .ARM.Collect$$_printf_percent$$00000009  0x0000013e   Section       10  _printf_d.o(.ARM.Collect$$_printf_percent$$00000009)
    .ARM.Collect$$_printf_percent$$0000000A  0x00000148   Section       10  _printf_u.o(.ARM.Collect$$_printf_percent$$0000000A)
    .ARM.Collect$$_printf_percent$$00000014  0x00000152   Section       10  _printf_s.o(.ARM.Collect$$_printf_percent$$00000014)
    .ARM.Collect$$_printf_percent$$00000017  0x0000015c   Section        4  _printf_percent_end.o(.ARM.Collect$$_printf_percent$$00000017)
    .ARM.Collect$$libinit$$00000000          0x00000160   Section        2  libinit.o(.ARM.Collect$$libinit$$00000000)
    .ARM.Collect$$libinit$$00000002          0x00000162   Section        0  libinit2.o(.ARM.Collect$$libinit$$00000002)
    .ARM.Collect$$libinit$$00000004          0x00000162   Section        0  libinit2.o(.ARM.Collect$$libinit$$00000004)
    .ARM.Collect$$libinit$$0000000A          0x00000162   Section        0  libinit2.o(.ARM.Collect$$libinit$$0000000A)
    .ARM.Collect$$libinit$$0000000C          0x00000162   Section        0  libinit2.o(.ARM.Collect$$libinit$$0000000C)
    .ARM.Collect$$libinit$$0000000E          0x00000162   Section        0  libinit2.o(.ARM.Collect$$libinit$$0000000E)
    .ARM.Collect$$libinit$$0000000F          0x00000162   Section        6  libinit2.o(.ARM.Collect$$libinit$$0000000F)
    .ARM.Collect$$libinit$$00000011          0x00000168   Section        0  libinit2.o(.ARM.Collect$$libinit$$00000011)
    .ARM.Collect$$libinit$$00000012          0x00000168   Section       12  libinit2.o(.ARM.Collect$$libinit$$00000012)
    .ARM.Collect$$libinit$$00000013          0x00000174   Section        0  libinit2.o(.ARM.Collect$$libinit$$00000013)
    .ARM.Collect$$libinit$$00000015          0x00000174   Section        0  libinit2.o(.ARM.Collect$$libinit$$00000015)
    .ARM.Collect$$libinit$$00000017          0x00000174   Section        0  libinit2.o(.ARM.Collect$$libinit$$00000017)
    .ARM.Collect$$libinit$$00000019          0x00000174   Section        0  libinit2.o(.ARM.Collect$$libinit$$00000019)
    .ARM.Collect$$libinit$$0000001B          0x00000174   Section        0  libinit2.o(.ARM.Collect$$libinit$$0000001B)
    .ARM.Collect$$libinit$$0000001D          0x00000174   Section        0  libinit2.o(.ARM.Collect$$libinit$$0000001D)
    .ARM.Collect$$libinit$$0000001F          0x00000174   Section        0  libinit2.o(.ARM.Collect$$libinit$$0000001F)
    .ARM.Collect$$libinit$$00000021          0x00000174   Section        0  libinit2.o(.ARM.Collect$$libinit$$00000021)
    .ARM.Collect$$libinit$$00000023          0x00000174   Section        0  libinit2.o(.ARM.Collect$$libinit$$00000023)
    .ARM.Collect$$libinit$$00000025          0x00000174   Section        0  libinit2.o(.ARM.Collect$$libinit$$00000025)
    .ARM.Collect$$libinit$$0000002C          0x00000174   Section        0  libinit2.o(.ARM.Collect$$libinit$$0000002C)
    .ARM.Collect$$libinit$$0000002E          0x00000174   Section        0  libinit2.o(.ARM.Collect$$libinit$$0000002E)
    .ARM.Collect$$libinit$$00000030          0x00000174   Section        0  libinit2.o(.ARM.Collect$$libinit$$00000030)
    .ARM.Collect$$libinit$$00000032          0x00000174   Section        0  libinit2.o(.ARM.Collect$$libinit$$00000032)
    .ARM.Collect$$libinit$$00000033          0x00000174   Section        2  libinit2.o(.ARM.Collect$$libinit$$00000033)
    .ARM.Collect$$libshutdown$$00000000      0x00000176   Section        2  libshutdown.o(.ARM.Collect$$libshutdown$$00000000)
    .ARM.Collect$$libshutdown$$00000002      0x00000178   Section        0  libshutdown2.o(.ARM.Collect$$libshutdown$$00000002)
    .ARM.Collect$$libshutdown$$00000004      0x00000178   Section        0  libshutdown2.o(.ARM.Collect$$libshutdown$$00000004)
    .ARM.Collect$$libshutdown$$00000007      0x00000178   Section        0  libshutdown2.o(.ARM.Collect$$libshutdown$$00000007)
    .ARM.Collect$$libshutdown$$0000000A      0x00000178   Section        0  libshutdown2.o(.ARM.Collect$$libshutdown$$0000000A)
    .ARM.Collect$$libshutdown$$0000000C      0x00000178   Section        0  libshutdown2.o(.ARM.Collect$$libshutdown$$0000000C)
    .ARM.Collect$$libshutdown$$0000000F      0x00000178   Section        0  libshutdown2.o(.ARM.Collect$$libshutdown$$0000000F)
    .ARM.Collect$$libshutdown$$00000010      0x00000178   Section        2  libshutdown2.o(.ARM.Collect$$libshutdown$$00000010)
    .ARM.Collect$$rtentry$$00000000          0x0000017a   Section        0  __rtentry.o(.ARM.Collect$$rtentry$$00000000)
    .ARM.Collect$$rtentry$$00000002          0x0000017a   Section        0  __rtentry2.o(.ARM.Collect$$rtentry$$00000002)
    .ARM.Collect$$rtentry$$00000004          0x0000017a   Section        6  __rtentry4.o(.ARM.Collect$$rtentry$$00000004)
    .ARM.Collect$$rtentry$$00000009          0x00000180   Section        0  __rtentry2.o(.ARM.Collect$$rtentry$$00000009)
    .ARM.Collect$$rtentry$$0000000A          0x00000180   Section        4  __rtentry2.o(.ARM.Collect$$rtentry$$0000000A)
    .ARM.Collect$$rtentry$$0000000C          0x00000184   Section        0  __rtentry2.o(.ARM.Collect$$rtentry$$0000000C)
    .ARM.Collect$$rtentry$$0000000D          0x00000184   Section        8  __rtentry2.o(.ARM.Collect$$rtentry$$0000000D)
    .ARM.Collect$$rtexit$$00000000           0x0000018c   Section        2  rtexit.o(.ARM.Collect$$rtexit$$00000000)
    .ARM.Collect$$rtexit$$00000002           0x0000018e   Section        0  rtexit2.o(.ARM.Collect$$rtexit$$00000002)
    .ARM.Collect$$rtexit$$00000003           0x0000018e   Section        4  rtexit2.o(.ARM.Collect$$rtexit$$00000003)
    .ARM.Collect$$rtexit$$00000004           0x00000192   Section        6  rtexit2.o(.ARM.Collect$$rtexit$$00000004)
    .text                                    0x00000198   Section       56  startup_cw32l011.o(.text)
    .text                                    0x000001d0   Section        2  use_no_semi_2.o(.text)
    .text                                    0x000001d4   Section        0  noretval__2sprintf.o(.text)
    .text                                    0x000001fc   Section        0  _printf_pad.o(.text)
    .text                                    0x0000024a   Section        0  _printf_str.o(.text)
    .text                                    0x0000029c   Section        0  _printf_dec.o(.text)
    .text                                    0x00000308   Section        0  __printf_flags_wp.o(.text)
    .text                                    0x00000440   Section        0  __0sscanf.o(.text)
    .text                                    0x00000480   Section        0  _scanf_int.o(.text)
    .text                                    0x000005ca   Section        0  _scanf_str.o(.text)
    .text                                    0x000006b2   Section        0  strstr.o(.text)
    .text                                    0x000006dc   Section        0  strlen.o(.text)
    .text                                    0x00000720   Section        0  strncmp.o(.text)
    .text                                    0x000007c0   Section        0  rt_memclr.o(.text)
    .text                                    0x00000800   Section        0  strcmp.o(.text)
    .text                                    0x00000888   Section      346  aeabi_sdiv.o(.text)
    .text                                    0x000009e2   Section        0  heapauxi.o(.text)
    .text                                    0x000009e8   Section        0  daddsub.o(.text)
    _dadd1                                   0x000009e9   Thumb Code   290  daddsub.o(.text)
    _dsub1                                   0x00000b0b   Thumb Code   470  daddsub.o(.text)
    .text                                    0x00000d40   Section        0  dfixui.o(.text)
    .text                                    0x00000d88   Section        0  f2d.o(.text)
    .text                                    0x00000ddc   Section        0  fdiv.o(.text)
    .text                                    0x00000f3c   Section        0  ffixui.o(.text)
    .text                                    0x00000f6c   Section        0  fflti.o(.text)
    .text                                    0x00000fca   Section        2  use_no_semi.o(.text)
    .text                                    0x00000fcc   Section        0  _printf_intcommon.o(.text)
    .text                                    0x0000107c   Section        0  _printf_char_common.o(.text)
    _printf_input_char                       0x0000107d   Thumb Code    10  _printf_char_common.o(.text)
    .text                                    0x000010ac   Section        0  _sputc.o(.text)
    .text                                    0x000010b6   Section        0  _printf_char.o(.text)
    .text                                    0x000010e4   Section        0  _chval.o(.text)
    .text                                    0x00001104   Section        0  scanf_char.o(.text)
    _scanf_char_input                        0x00001105   Thumb Code    12  scanf_char.o(.text)
    .text                                    0x00001134   Section        0  _sgetc.o(.text)
    .text                                    0x00001178   Section        0  rtudiv10.o(.text)
    .text                                    0x000011a0   Section        0  isspace.o(.text)
    .text                                    0x000011b4   Section        0  _scanf.o(.text)
    .text                                    0x00001534   Section       62  sys_stackheap_outer.o(.text)
    .text                                    0x00001574   Section       16  rt_ctype_table.o(.text)
    .text                                    0x00001584   Section        0  exit.o(.text)
    .text                                    0x00001594   Section        8  libspace.o(.text)
    .text                                    0x0000159c   Section        8  rt_locale_intlibspace.o(.text)
    i.ADC_ClearITPendingBit                  0x000015a4   Section        0  cw32l011_adc.o(i.ADC_ClearITPendingBit)
    i.ADC_Enable                             0x000015f4   Section        0  cw32l011_adc.o(i.ADC_Enable)
    i.ADC_GetConversionValue                 0x00001608   Section        0  cw32l011_adc.o(i.ADC_GetConversionValue)
    i.ADC_GetITStatus                        0x0000164c   Section        0  cw32l011_adc.o(i.ADC_GetITStatus)
    i.ADC_IRQHandler                         0x000016a0   Section        0  interrupts_cw32l011.o(i.ADC_IRQHandler)
    i.ADC_Init                               0x000016a4   Section        0  cw32l011_adc.o(i.ADC_Init)
    i.ADC_Read                               0x000018ec   Section        0  my_init.o(i.ADC_Read)
    i.ADC_SoftwareStartConvCmd               0x00001968   Section        0  cw32l011_adc.o(i.ADC_SoftwareStartConvCmd)
    i.ATIM_IRQHandler                        0x000019c8   Section        0  interrupts_cw32l011.o(i.ATIM_IRQHandler)
    i.BTIM1_IRQHandler                       0x000019cc   Section        0  interrupts_cw32l011.o(i.BTIM1_IRQHandler)
    i.BTIM2_IRQHandler                       0x00001a28   Section        0  interrupts_cw32l011.o(i.BTIM2_IRQHandler)
    i.BTIM3_IRQHandler                       0x00001a2a   Section        0  interrupts_cw32l011.o(i.BTIM3_IRQHandler)
    i.BTIM_ClearITPendingBit                 0x00001a2c   Section        0  cw32l011_btim.o(i.BTIM_ClearITPendingBit)
    i.BTIM_Cmd                               0x00001a90   Section        0  cw32l011_btim.o(i.BTIM_Cmd)
    i.BTIM_GetITStatus                       0x00001b04   Section        0  cw32l011_btim.o(i.BTIM_GetITStatus)
    i.BTIM_ITConfig                          0x00001b70   Section        0  cw32l011_btim.o(i.BTIM_ITConfig)
    i.BTIM_SetCounter                        0x00001bf4   Section        0  cw32l011_btim.o(i.BTIM_SetCounter)
    i.BTIM_TimeBaseInit                      0x00001c44   Section        0  cw32l011_btim.o(i.BTIM_TimeBaseInit)
    i.CLKFAULT_IRQHandler                    0x00001d18   Section        0  interrupts_cw32l011.o(i.CLKFAULT_IRQHandler)
    i.FLASHRAM_IRQHandler                    0x00001d1a   Section        0  interrupts_cw32l011.o(i.FLASHRAM_IRQHandler)
    i.GPIOA_IRQHandler                       0x00001d1c   Section        0  interrupts_cw32l011.o(i.GPIOA_IRQHandler)
    i.GPIOB_IRQHandler                       0x00001d20   Section        0  interrupts_cw32l011.o(i.GPIOB_IRQHandler)
    i.GPIOC_IRQHandler                       0x00001d54   Section        0  interrupts_cw32l011.o(i.GPIOC_IRQHandler)
    i.GPIO_Init                              0x00001d58   Section        0  cw32l011_gpio.o(i.GPIO_Init)
    i.GPIO_ReadPin                           0x00001e48   Section        0  cw32l011_gpio.o(i.GPIO_ReadPin)
    i.GPIO_WritePin                          0x00001e5a   Section        0  cw32l011_gpio.o(i.GPIO_WritePin)
    i.GTIM1_IRQHandler                       0x00001e66   Section        0  interrupts_cw32l011.o(i.GTIM1_IRQHandler)
    i.GTIM2_IRQHandler                       0x00001e68   Section        0  interrupts_cw32l011.o(i.GTIM2_IRQHandler)
    i.HardFault_Handler                      0x00001e6a   Section        0  interrupts_cw32l011.o(i.HardFault_Handler)
    i.I2C_IRQHandler                         0x00001e6e   Section        0  interrupts_cw32l011.o(i.I2C_IRQHandler)
    i.LPTIM_IRQHandler                       0x00001e70   Section        0  interrupts_cw32l011.o(i.LPTIM_IRQHandler)
    i.LVD_IRQHandler                         0x00001e72   Section        0  interrupts_cw32l011.o(i.LVD_IRQHandler)
    i.NMI_Handler                            0x00001e74   Section        0  interrupts_cw32l011.o(i.NMI_Handler)
    i.NVIC_Configuration                     0x00001e76   Section        0  my_init.o(i.NVIC_Configuration)
    i.PendSV_Handler                         0x00001e96   Section        0  interrupts_cw32l011.o(i.PendSV_Handler)
    i.RCC_Configuration                      0x00001e98   Section        0  my_init.o(i.RCC_Configuration)
    i.RTC_BCDToBin                           0x00001eb4   Section        0  cw32l011_rtc.o(i.RTC_BCDToBin)
    i.RTC_BinToBCD                           0x00001ecc   Section        0  cw32l011_rtc.o(i.RTC_BinToBCD)
    i.RTC_Cmd                                0x00001ee8   Section        0  cw32l011_rtc.o(i.RTC_Cmd)
    i.RTC_GetDate                            0x00001f74   Section        0  cw32l011_rtc.o(i.RTC_GetDate)
    i.RTC_GetTime                            0x00001fb0   Section        0  cw32l011_rtc.o(i.RTC_GetTime)
    i.RTC_IRQHandler                         0x00002004   Section        0  interrupts_cw32l011.o(i.RTC_IRQHandler)
    i.RTC_SetClockSource                     0x00002008   Section        0  cw32l011_rtc.o(i.RTC_SetClockSource)
    i.RTC_SetDate                            0x00002098   Section        0  cw32l011_rtc.o(i.RTC_SetDate)
    i.RTC_SetTime                            0x00002184   Section        0  cw32l011_rtc.o(i.RTC_SetTime)
    i.SPI1_IRQHandler                        0x000022a4   Section        0  interrupts_cw32l011.o(i.SPI1_IRQHandler)
    i.SVC_Handler                            0x000022a6   Section        0  interrupts_cw32l011.o(i.SVC_Handler)
    i.SYSCTRL_AHBPeriphClk_Enable            0x000022a8   Section        0  cw32l011_sysctrl.o(i.SYSCTRL_AHBPeriphClk_Enable)
    i.SYSCTRL_APBPeriphClk_Enable1           0x0000231c   Section        0  cw32l011_sysctrl.o(i.SYSCTRL_APBPeriphClk_Enable1)
    i.SYSCTRL_APBPeriphClk_Enable2           0x0000238c   Section        0  cw32l011_sysctrl.o(i.SYSCTRL_APBPeriphClk_Enable2)
    i.SYSCTRL_HSI_Enable                     0x00002400   Section        0  cw32l011_sysctrl.o(i.SYSCTRL_HSI_Enable)
    i.SYSCTRL_IRQHandler                     0x00002580   Section        0  interrupts_cw32l011.o(i.SYSCTRL_IRQHandler)
    i.SYSCTRL_LSI_Enable                     0x00002584   Section        0  cw32l011_sysctrl.o(i.SYSCTRL_LSI_Enable)
    i.SysTick_Handler                        0x000025d0   Section        0  cw32l011_systick.o(i.SysTick_Handler)
    i.SystemCoreClockUpdate                  0x000025e8   Section        0  system_cw32l011.o(i.SystemCoreClockUpdate)
    i.SystemInit                             0x000025f8   Section        0  system_cw32l011.o(i.SystemInit)
    i.UART1_IRQHandler                       0x00002634   Section        0  interrupts_cw32l011.o(i.UART1_IRQHandler)
    i.UART2_IRQHandler                       0x00002636   Section        0  interrupts_cw32l011.o(i.UART2_IRQHandler)
    i.UART3_IRQHandler                       0x00002638   Section        0  interrupts_cw32l011.o(i.UART3_IRQHandler)
    i.UART_ClearITPendingBit                 0x000026a0   Section        0  cw32l011_uart.o(i.UART_ClearITPendingBit)
    i.UART_Configuration                     0x0000270c   Section        0  my_init.o(i.UART_Configuration)
    i.UART_GetFlagStatus                     0x0000274c   Section        0  cw32l011_uart.o(i.UART_GetFlagStatus)
    i.UART_GetITStatus                       0x000027bc   Section        0  cw32l011_uart.o(i.UART_GetITStatus)
    i.UART_ITConfig                          0x00002830   Section        0  cw32l011_uart.o(i.UART_ITConfig)
    i.UART_Init                              0x000028c0   Section        0  cw32l011_uart.o(i.UART_Init)
    i.UART_ReceiveData_8bit                  0x00002c18   Section        0  cw32l011_uart.o(i.UART_ReceiveData_8bit)
    i.UART_SendData_8bit                     0x00002c60   Section        0  cw32l011_uart.o(i.UART_SendData_8bit)
    i.UART_SendString                        0x00002cb8   Section        0  cw32l011_uart.o(i.UART_SendString)
    i.VC1_IRQHandler                         0x00002cf0   Section        0  interrupts_cw32l011.o(i.VC1_IRQHandler)
    i.VC2_IRQHandler                         0x00002cf2   Section        0  interrupts_cw32l011.o(i.VC2_IRQHandler)
    i.WDT_IRQHandler                         0x00002cf4   Section        0  interrupts_cw32l011.o(i.WDT_IRQHandler)
    i.__NVIC_EnableIRQ                       0x00002cf8   Section        0  my_init.o(i.__NVIC_EnableIRQ)
    __NVIC_EnableIRQ                         0x00002cf9   Thumb Code    26  my_init.o(i.__NVIC_EnableIRQ)
    i.__NVIC_SetPriority                     0x00002d18   Section        0  my_init.o(i.__NVIC_SetPriority)
    __NVIC_SetPriority                       0x00002d19   Thumb Code   110  my_init.o(i.__NVIC_SetPriority)
    i._is_digit                              0x00002d90   Section        0  __printf_wp.o(i._is_digit)
    i._sys_exit                              0x00002d9e   Section        0  cw32l011_startkit_board.o(i._sys_exit)
    i.adc_pa11_init                          0x00002da2   Section        0  my_init.o(i.adc_pa11_init)
    i.assert_failed                          0x00002dd8   Section        0  main.o(i.assert_failed)
    i.btim_1s_init                           0x00002ddc   Section        0  my_init.o(i.btim_1s_init)
    i.cat_publish_closed_event               0x00002e30   Section        0  main.o(i.cat_publish_closed_event)
    cat_publish_closed_event                 0x00002e31   Thumb Code   164  main.o(i.cat_publish_closed_event)
    i.cat_record_entry                       0x00002ee4   Section        0  main.o(i.cat_record_entry)
    cat_record_entry                         0x00002ee5   Thumb Code   108  main.o(i.cat_record_entry)
    i.cat_record_exit                        0x00002f64   Section        0  main.o(i.cat_record_exit)
    cat_record_exit                          0x00002f65   Thumb Code   144  main.o(i.cat_record_exit)
    i.delay_ms                               0x0000300c   Section        0  my_init.o(i.delay_ms)
    i.main                                   0x00003028   Section        0  main.o(i.main)
    i.mqtt_configure                         0x00003240   Section        0  mqtt_client.o(i.mqtt_configure)
    i.mqtt_connect                           0x000033c8   Section        0  mqtt_client.o(i.mqtt_connect)
    i.mqtt_publish                           0x000033e0   Section        0  mqtt_client.o(i.mqtt_publish)
    i.mqtt_send_and_wait_ok                  0x00003430   Section        0  mqtt_client.o(i.mqtt_send_and_wait_ok)
    mqtt_send_and_wait_ok                    0x00003431   Thumb Code    18  mqtt_client.o(i.mqtt_send_and_wait_ok)
    i.my_gpio_init                           0x00003448   Section        0  my_init.o(i.my_gpio_init)
    i.parse_sntp_time                        0x0000352c   Section        0  wifi_comm.o(i.parse_sntp_time)
    parse_sntp_time                          0x0000352d   Thumb Code   510  wifi_comm.o(i.parse_sntp_time)
    i.rtc_init_lsi                           0x000037a8   Section        0  my_init.o(i.rtc_init_lsi)
    i.rtc_read                               0x00003830   Section        0  my_init.o(i.rtc_read)
    i.sync_rtc_time_from_network             0x00003844   Section        0  main.o(i.sync_rtc_time_from_network)
    sync_rtc_time_from_network               0x00003845   Thumb Code   130  main.o(i.sync_rtc_time_from_network)
    i.uart_rx_clear_buffer                   0x000038c8   Section        0  my_init.o(i.uart_rx_clear_buffer)
    i.uart_rx_get_data                       0x000038f4   Section        0  my_init.o(i.uart_rx_get_data)
    i.uart_rx_init                           0x00003944   Section        0  my_init.o(i.uart_rx_init)
    i.uart_rx_is_data_ready                  0x00003960   Section        0  my_init.o(i.uart_rx_is_data_ready)
    i.wifi_connect_network                   0x0000396c   Section        0  wifi_comm.o(i.wifi_connect_network)
    i.wifi_get_ip_address                    0x000039cc   Section        0  wifi_comm.o(i.wifi_get_ip_address)
    i.wifi_init                              0x000039e8   Section        0  wifi_comm.o(i.wifi_init)
    i.wifi_send_at_command_wait_response     0x00003a5c   Section        0  wifi_comm.o(i.wifi_send_at_command_wait_response)
    i.wifi_sntp_config                       0x00003ae8   Section        0  wifi_comm.o(i.wifi_sntp_config)
    i.wifi_sntp_sync_time                    0x00003b28   Section        0  wifi_comm.o(i.wifi_sntp_sync_time)
    locale$$code                             0x00003bc8   Section       44  lc_ctype_c.o(locale$$code)
    x$fpl$fadd                               0x00003bf4   Section      140  faddsub.o(x$fpl$fadd)
    _fadd1                                   0x00003c01   Thumb Code     0  faddsub.o(x$fpl$fadd)
    x$fpl$fmul                               0x00003c80   Section      176  fmul.o(x$fpl$fmul)
    x$fpl$frsb                               0x00003d30   Section       24  faddsub.o(x$fpl$frsb)
    x$fpl$fsub                               0x00003d48   Section      208  faddsub.o(x$fpl$fsub)
    _fsub1                                   0x00003d55   Thumb Code     0  faddsub.o(x$fpl$fsub)
    .constdata                               0x00003e18   Section       17  __printf_flags_wp.o(.constdata)
    x$fpl$usenofp                            0x00003e18   Section        0  usenofp.o(x$fpl$usenofp)
    maptable                                 0x00003e18   Data          17  __printf_flags_wp.o(.constdata)
    .constdata                               0x00003e29   Section       64  fdiv.o(.constdata)
    fdiv_tab                                 0x00003e29   Data          64  fdiv.o(.constdata)
    .conststring                             0x00003e6c   Section       77  main.o(.conststring)
    .conststring                             0x00003ebc   Section       65  mqtt_client.o(.conststring)
    locale$$data                             0x00003f20   Section      272  lc_ctype_c.o(locale$$data)
    __lcctype_c_name                         0x00003f24   Data           2  lc_ctype_c.o(locale$$data)
    __lcctype_c_start                        0x00003f2c   Data           0  lc_ctype_c.o(locale$$data)
    __lcctype_c_end                          0x00004030   Data           0  lc_ctype_c.o(locale$$data)
    .data                                    0x20000000   Section        4  system_cw32l011.o(.data)
    .data                                    0x20000004   Section        1  interrupts_cw32l011.o(.data)
    .data                                    0x20000006   Section       38  main.o(.data)
    .data                                    0x2000002c   Section        2  wifi_comm.o(.data)
    wifi_current_status                      0x2000002c   Data           1  wifi_comm.o(.data)
    tcp_connected                            0x2000002d   Data           1  wifi_comm.o(.data)
    .data                                    0x20000030   Section        9  cw32l011_systick.o(.data)
    .bss                                     0x2000003c   Section      896  main.o(.bss)
    .bss                                     0x200003bc   Section       96  libspace.o(.bss)
    HEAP                                     0x20000420   Section      512  startup_cw32l011.o(HEAP)
    Heap_Mem                                 0x20000420   Data         512  startup_cw32l011.o(HEAP)
    STACK                                    0x20000620   Section      512  startup_cw32l011.o(STACK)
    Stack_Mem                                0x20000620   Data         512  startup_cw32l011.o(STACK)
    __initial_sp                             0x20000820   Data           0  startup_cw32l011.o(STACK)

    Global Symbols

    Symbol Name                              Value     Ov Type        Size  Object(Section)

    BuildAttributes$$THM_ISAv3M$S$PE$A:L22$X:L11$S22$IEEE1$IW$USESV6$~STKCKD$USESV7$~SHL$OSPACE$ROPI$EBA8$UX$STANDARDLIB$REQ8$PRES8$EABIv2 0x00000000   Number         0  anon$$obj.o ABSOLUTE
    __ARM_use_no_argv                        0x00000000   Number         0  main.o ABSOLUTE
    __Vectors                                0x00000000   Data           0  startup_cw32l011.o(RESET)
    _printf_flags                            0x00000000   Number         0  printf_stubs.o ABSOLUTE
    _printf_return_value                     0x00000000   Number         0  printf_stubs.o ABSOLUTE
    _printf_sizespec                         0x00000000   Number         0  printf_stubs.o ABSOLUTE
    _printf_widthprec                        0x00000000   Number         0  printf_stubs.o ABSOLUTE
    __ARM_exceptions_init                     - Undefined Weak Reference
    __alloca_initialize                       - Undefined Weak Reference
    __arm_preinit_                            - Undefined Weak Reference
    __cpp_initialize__aeabi_                  - Undefined Weak Reference
    __cxa_finalize                            - Undefined Weak Reference
    __sigvec_lookup                           - Undefined Weak Reference
    _atexit_init                              - Undefined Weak Reference
    _call_atexit_fns                          - Undefined Weak Reference
    _clock_init                               - Undefined Weak Reference
    _fp_trap_init                             - Undefined Weak Reference
    _fp_trap_shutdown                         - Undefined Weak Reference
    _get_lc_collate                           - Undefined Weak Reference
    _get_lc_monetary                          - Undefined Weak Reference
    _get_lc_numeric                           - Undefined Weak Reference
    _get_lc_time                              - Undefined Weak Reference
    _getenv_init                              - Undefined Weak Reference
    _handle_redirection                       - Undefined Weak Reference
    _init_alloc                               - Undefined Weak Reference
    _init_user_alloc                          - Undefined Weak Reference
    _initio                                   - Undefined Weak Reference
    _printf_mbtowc                            - Undefined Weak Reference
    _printf_truncate_signed                   - Undefined Weak Reference
    _printf_truncate_unsigned                 - Undefined Weak Reference
    _rand_init                                - Undefined Weak Reference
    _scanf_longlong                           - Undefined Weak Reference
    _scanf_mbtowc                             - Undefined Weak Reference
    _scanf_real                               - Undefined Weak Reference
    _scanf_wctomb                             - Undefined Weak Reference
    _scanf_wstring                            - Undefined Weak Reference
    _signal_finish                            - Undefined Weak Reference
    _signal_init                              - Undefined Weak Reference
    _terminate_alloc                          - Undefined Weak Reference
    _terminate_user_alloc                     - Undefined Weak Reference
    _terminateio                              - Undefined Weak Reference
    __Vectors_End                            0x000000c0   Data           0  startup_cw32l011.o(RESET)
    __Vectors_Size                           0x000000c0   Number         0  startup_cw32l011.o ABSOLUTE
    __main                                   0x000000c1   Thumb Code     8  __main.o(!!!main)
    __scatterload                            0x000000c9   Thumb Code     0  __scatter.o(!!!scatter)
    __scatterload_rt2                        0x000000c9   Thumb Code    52  __scatter.o(!!!scatter)
    __scatterload_rt2_thumb_only             0x000000c9   Thumb Code     0  __scatter.o(!!!scatter)
    __scatterload_null                       0x000000d9   Thumb Code     0  __scatter.o(!!!scatter)
    __scatterload_copy                       0x00000105   Thumb Code    26  __scatter_copy.o(!!handler_copy)
    __scatterload_zeroinit                   0x00000121   Thumb Code    28  __scatter_zi.o(!!handler_zi)
    _printf_percent                          0x0000013d   Thumb Code     0  _printf_percent.o(.ARM.Collect$$_printf_percent$$00000000)
    _printf_d                                0x0000013f   Thumb Code     0  _printf_d.o(.ARM.Collect$$_printf_percent$$00000009)
    _printf_u                                0x00000149   Thumb Code     0  _printf_u.o(.ARM.Collect$$_printf_percent$$0000000A)
    _printf_s                                0x00000153   Thumb Code     0  _printf_s.o(.ARM.Collect$$_printf_percent$$00000014)
    _printf_percent_end                      0x0000015d   Thumb Code     0  _printf_percent_end.o(.ARM.Collect$$_printf_percent$$00000017)
    __rt_lib_init                            0x00000161   Thumb Code     0  libinit.o(.ARM.Collect$$libinit$$00000000)
    __rt_lib_init_fp_1                       0x00000163   Thumb Code     0  libinit2.o(.ARM.Collect$$libinit$$00000002)
    __rt_lib_init_heap_1                     0x00000163   Thumb Code     0  libinit2.o(.ARM.Collect$$libinit$$0000000A)
    __rt_lib_init_lc_common                  0x00000163   Thumb Code     0  libinit2.o(.ARM.Collect$$libinit$$0000000F)
    __rt_lib_init_preinit_1                  0x00000163   Thumb Code     0  libinit2.o(.ARM.Collect$$libinit$$00000004)
    __rt_lib_init_rand_1                     0x00000163   Thumb Code     0  libinit2.o(.ARM.Collect$$libinit$$0000000E)
    __rt_lib_init_user_alloc_1               0x00000163   Thumb Code     0  libinit2.o(.ARM.Collect$$libinit$$0000000C)
    __rt_lib_init_lc_collate_1               0x00000169   Thumb Code     0  libinit2.o(.ARM.Collect$$libinit$$00000011)
    __rt_lib_init_lc_ctype_2                 0x00000169   Thumb Code     0  libinit2.o(.ARM.Collect$$libinit$$00000012)
    __rt_lib_init_alloca_1                   0x00000175   Thumb Code     0  libinit2.o(.ARM.Collect$$libinit$$0000002E)
    __rt_lib_init_argv_1                     0x00000175   Thumb Code     0  libinit2.o(.ARM.Collect$$libinit$$0000002C)
    __rt_lib_init_atexit_1                   0x00000175   Thumb Code     0  libinit2.o(.ARM.Collect$$libinit$$0000001B)
    __rt_lib_init_clock_1                    0x00000175   Thumb Code     0  libinit2.o(.ARM.Collect$$libinit$$00000021)
    __rt_lib_init_cpp_1                      0x00000175   Thumb Code     0  libinit2.o(.ARM.Collect$$libinit$$00000032)
    __rt_lib_init_exceptions_1               0x00000175   Thumb Code     0  libinit2.o(.ARM.Collect$$libinit$$00000030)
    __rt_lib_init_fp_trap_1                  0x00000175   Thumb Code     0  libinit2.o(.ARM.Collect$$libinit$$0000001F)
    __rt_lib_init_getenv_1                   0x00000175   Thumb Code     0  libinit2.o(.ARM.Collect$$libinit$$00000023)
    __rt_lib_init_lc_ctype_1                 0x00000175   Thumb Code     0  libinit2.o(.ARM.Collect$$libinit$$00000013)
    __rt_lib_init_lc_monetary_1              0x00000175   Thumb Code     0  libinit2.o(.ARM.Collect$$libinit$$00000015)
    __rt_lib_init_lc_numeric_1               0x00000175   Thumb Code     0  libinit2.o(.ARM.Collect$$libinit$$00000017)
    __rt_lib_init_lc_time_1                  0x00000175   Thumb Code     0  libinit2.o(.ARM.Collect$$libinit$$00000019)
    __rt_lib_init_return                     0x00000175   Thumb Code     0  libinit2.o(.ARM.Collect$$libinit$$00000033)
    __rt_lib_init_signal_1                   0x00000175   Thumb Code     0  libinit2.o(.ARM.Collect$$libinit$$0000001D)
    __rt_lib_init_stdio_1                    0x00000175   Thumb Code     0  libinit2.o(.ARM.Collect$$libinit$$00000025)
    __rt_lib_shutdown                        0x00000177   Thumb Code     0  libshutdown.o(.ARM.Collect$$libshutdown$$00000000)
    __rt_lib_shutdown_cpp_1                  0x00000179   Thumb Code     0  libshutdown2.o(.ARM.Collect$$libshutdown$$00000002)
    __rt_lib_shutdown_fp_trap_1              0x00000179   Thumb Code     0  libshutdown2.o(.ARM.Collect$$libshutdown$$00000007)
    __rt_lib_shutdown_heap_1                 0x00000179   Thumb Code     0  libshutdown2.o(.ARM.Collect$$libshutdown$$0000000F)
    __rt_lib_shutdown_return                 0x00000179   Thumb Code     0  libshutdown2.o(.ARM.Collect$$libshutdown$$00000010)
    __rt_lib_shutdown_signal_1               0x00000179   Thumb Code     0  libshutdown2.o(.ARM.Collect$$libshutdown$$0000000A)
    __rt_lib_shutdown_stdio_1                0x00000179   Thumb Code     0  libshutdown2.o(.ARM.Collect$$libshutdown$$00000004)
    __rt_lib_shutdown_user_alloc_1           0x00000179   Thumb Code     0  libshutdown2.o(.ARM.Collect$$libshutdown$$0000000C)
    __rt_entry                               0x0000017b   Thumb Code     0  __rtentry.o(.ARM.Collect$$rtentry$$00000000)
    __rt_entry_presh_1                       0x0000017b   Thumb Code     0  __rtentry2.o(.ARM.Collect$$rtentry$$00000002)
    __rt_entry_sh                            0x0000017b   Thumb Code     0  __rtentry4.o(.ARM.Collect$$rtentry$$00000004)
    __rt_entry_li                            0x00000181   Thumb Code     0  __rtentry2.o(.ARM.Collect$$rtentry$$0000000A)
    __rt_entry_postsh_1                      0x00000181   Thumb Code     0  __rtentry2.o(.ARM.Collect$$rtentry$$00000009)
    __rt_entry_main                          0x00000185   Thumb Code     0  __rtentry2.o(.ARM.Collect$$rtentry$$0000000D)
    __rt_entry_postli_1                      0x00000185   Thumb Code     0  __rtentry2.o(.ARM.Collect$$rtentry$$0000000C)
    __rt_exit                                0x0000018d   Thumb Code     0  rtexit.o(.ARM.Collect$$rtexit$$00000000)
    __rt_exit_ls                             0x0000018f   Thumb Code     0  rtexit2.o(.ARM.Collect$$rtexit$$00000003)
    __rt_exit_prels_1                        0x0000018f   Thumb Code     0  rtexit2.o(.ARM.Collect$$rtexit$$00000002)
    __rt_exit_exit                           0x00000193   Thumb Code     0  rtexit2.o(.ARM.Collect$$rtexit$$00000004)
    Reset_Handler                            0x00000199   Thumb Code     8  startup_cw32l011.o(.text)
    __user_initial_stackheap                 0x000001ad   Thumb Code     0  startup_cw32l011.o(.text)
    __use_no_semihosting                     0x000001d1   Thumb Code     2  use_no_semi_2.o(.text)
    __2sprintf                               0x000001d5   Thumb Code    36  noretval__2sprintf.o(.text)
    _printf_pre_padding                      0x000001fd   Thumb Code    44  _printf_pad.o(.text)
    _printf_post_padding                     0x00000229   Thumb Code    34  _printf_pad.o(.text)
    _printf_str                              0x0000024b   Thumb Code    82  _printf_str.o(.text)
    _printf_int_dec                          0x0000029d   Thumb Code    90  _printf_dec.o(.text)
    __printf                                 0x00000309   Thumb Code   306  __printf_flags_wp.o(.text)
    __0sscanf                                0x00000441   Thumb Code    54  __0sscanf.o(.text)
    _scanf_int                               0x00000481   Thumb Code   330  _scanf_int.o(.text)
    _scanf_string                            0x000005cb   Thumb Code   232  _scanf_str.o(.text)
    strstr                                   0x000006b3   Thumb Code    40  strstr.o(.text)
    strlen                                   0x000006dd   Thumb Code    62  strlen.o(.text)
    strncmp                                  0x00000721   Thumb Code   154  strncmp.o(.text)
    _memset_w                                0x000007c1   Thumb Code    26  rt_memclr.o(.text)
    _memset                                  0x000007db   Thumb Code    30  rt_memclr.o(.text)
    __aeabi_memclr                           0x000007f9   Thumb Code     4  rt_memclr.o(.text)
    __rt_memclr                              0x000007f9   Thumb Code     0  rt_memclr.o(.text)
    __aeabi_memclr4                          0x000007fd   Thumb Code     0  rt_memclr.o(.text)
    __aeabi_memclr8                          0x000007fd   Thumb Code     0  rt_memclr.o(.text)
    __rt_memclr_w                            0x000007fd   Thumb Code     4  rt_memclr.o(.text)
    strcmp                                   0x00000801   Thumb Code   132  strcmp.o(.text)
    __aeabi_uidiv                            0x00000889   Thumb Code     0  aeabi_sdiv.o(.text)
    __aeabi_uidivmod                         0x00000889   Thumb Code    20  aeabi_sdiv.o(.text)
    __aeabi_idiv                             0x0000089d   Thumb Code     0  aeabi_sdiv.o(.text)
    __aeabi_idivmod                          0x0000089d   Thumb Code   326  aeabi_sdiv.o(.text)
    __use_two_region_memory                  0x000009e3   Thumb Code     2  heapauxi.o(.text)
    __rt_heap_escrow$2region                 0x000009e5   Thumb Code     2  heapauxi.o(.text)
    __rt_heap_expand$2region                 0x000009e7   Thumb Code     2  heapauxi.o(.text)
    __aeabi_dadd                             0x00000ce1   Thumb Code     0  daddsub.o(.text)
    _dadd                                    0x00000ce1   Thumb Code    26  daddsub.o(.text)
    __aeabi_dsub                             0x00000cfb   Thumb Code     0  daddsub.o(.text)
    _dsub                                    0x00000cfb   Thumb Code    22  daddsub.o(.text)
    __aeabi_drsub                            0x00000d11   Thumb Code     0  daddsub.o(.text)
    _drsb                                    0x00000d11   Thumb Code    28  daddsub.o(.text)
    __aeabi_d2uiz                            0x00000d41   Thumb Code     0  dfixui.o(.text)
    _dfixu                                   0x00000d41   Thumb Code    68  dfixui.o(.text)
    __aeabi_f2d                              0x00000d89   Thumb Code     0  f2d.o(.text)
    _f2d                                     0x00000d89   Thumb Code    80  f2d.o(.text)
    __aeabi_fdiv                             0x00000ddd   Thumb Code     0  fdiv.o(.text)
    _fdiv                                    0x00000ddd   Thumb Code   334  fdiv.o(.text)
    _frdiv                                   0x00000f2b   Thumb Code     8  fdiv.o(.text)
    __aeabi_f2uiz                            0x00000f3d   Thumb Code     0  ffixui.o(.text)
    _ffixu                                   0x00000f3d   Thumb Code    48  ffixui.o(.text)
    __aeabi_i2f_normalise                    0x00000f6d   Thumb Code    72  fflti.o(.text)
    __aeabi_i2f                              0x00000fb5   Thumb Code    16  fflti.o(.text)
    _fflt                                    0x00000fb5   Thumb Code     0  fflti.o(.text)
    __aeabi_ui2f                             0x00000fc5   Thumb Code     6  fflti.o(.text)
    _ffltu                                   0x00000fc5   Thumb Code     0  fflti.o(.text)
    __I$use$semihosting                      0x00000fcb   Thumb Code     0  use_no_semi.o(.text)
    __use_no_semihosting_swi                 0x00000fcb   Thumb Code     2  use_no_semi.o(.text)
    _printf_int_common                       0x00000fcd   Thumb Code   176  _printf_intcommon.o(.text)
    _printf_char_common                      0x00001087   Thumb Code    32  _printf_char_common.o(.text)
    _sputc                                   0x000010ad   Thumb Code    10  _sputc.o(.text)
    _printf_cs_common                        0x000010b7   Thumb Code    22  _printf_char.o(.text)
    _printf_char                             0x000010cd   Thumb Code    16  _printf_char.o(.text)
    _printf_string                           0x000010dd   Thumb Code     8  _printf_char.o(.text)
    _chval                                   0x000010e5   Thumb Code    30  _chval.o(.text)
    __vfscanf_char                           0x00001111   Thumb Code    28  scanf_char.o(.text)
    _sgetc                                   0x00001135   Thumb Code    32  _sgetc.o(.text)
    _sbackspace                              0x00001155   Thumb Code    36  _sgetc.o(.text)
    __rt_udiv10                              0x00001179   Thumb Code    40  rtudiv10.o(.text)
    isspace                                  0x000011a1   Thumb Code    18  isspace.o(.text)
    __vfscanf                                0x000011b5   Thumb Code   880  _scanf.o(.text)
    __user_setup_stackheap                   0x00001535   Thumb Code    62  sys_stackheap_outer.o(.text)
    __rt_ctype_table                         0x00001575   Thumb Code    16  rt_ctype_table.o(.text)
    exit                                     0x00001585   Thumb Code    16  exit.o(.text)
    __user_libspace                          0x00001595   Thumb Code     8  libspace.o(.text)
    __user_perproc_libspace                  0x00001595   Thumb Code     0  libspace.o(.text)
    __user_perthread_libspace                0x00001595   Thumb Code     0  libspace.o(.text)
    __rt_locale                              0x0000159d   Thumb Code     8  rt_locale_intlibspace.o(.text)
    ADC_ClearITPendingBit                    0x000015a5   Thumb Code    42  cw32l011_adc.o(i.ADC_ClearITPendingBit)
    ADC_Enable                               0x000015f5   Thumb Code    18  cw32l011_adc.o(i.ADC_Enable)
    ADC_GetConversionValue                   0x00001609   Thumb Code    30  cw32l011_adc.o(i.ADC_GetConversionValue)
    ADC_GetITStatus                          0x0000164d   Thumb Code    48  cw32l011_adc.o(i.ADC_GetITStatus)
    ADC_IRQHandler                           0x000016a1   Thumb Code     2  interrupts_cw32l011.o(i.ADC_IRQHandler)
    ADC_Init                                 0x000016a5   Thumb Code   542  cw32l011_adc.o(i.ADC_Init)
    ADC_Read                                 0x000018ed   Thumb Code   118  my_init.o(i.ADC_Read)
    ADC_SoftwareStartConvCmd                 0x00001969   Thumb Code    62  cw32l011_adc.o(i.ADC_SoftwareStartConvCmd)
    ATIM_IRQHandler                          0x000019c9   Thumb Code     2  interrupts_cw32l011.o(i.ATIM_IRQHandler)
    BTIM1_IRQHandler                         0x000019cd   Thumb Code    76  interrupts_cw32l011.o(i.BTIM1_IRQHandler)
    BTIM2_IRQHandler                         0x00001a29   Thumb Code     2  interrupts_cw32l011.o(i.BTIM2_IRQHandler)
    BTIM3_IRQHandler                         0x00001a2b   Thumb Code     2  interrupts_cw32l011.o(i.BTIM3_IRQHandler)
    BTIM_ClearITPendingBit                   0x00001a2d   Thumb Code    64  cw32l011_btim.o(i.BTIM_ClearITPendingBit)
    BTIM_Cmd                                 0x00001a91   Thumb Code    80  cw32l011_btim.o(i.BTIM_Cmd)
    BTIM_GetITStatus                         0x00001b05   Thumb Code    72  cw32l011_btim.o(i.BTIM_GetITStatus)
    BTIM_ITConfig                            0x00001b71   Thumb Code    96  cw32l011_btim.o(i.BTIM_ITConfig)
    BTIM_SetCounter                          0x00001bf5   Thumb Code    42  cw32l011_btim.o(i.BTIM_SetCounter)
    BTIM_TimeBaseInit                        0x00001c45   Thumb Code   164  cw32l011_btim.o(i.BTIM_TimeBaseInit)
    CLKFAULT_IRQHandler                      0x00001d19   Thumb Code     2  interrupts_cw32l011.o(i.CLKFAULT_IRQHandler)
    FLASHRAM_IRQHandler                      0x00001d1b   Thumb Code     2  interrupts_cw32l011.o(i.FLASHRAM_IRQHandler)
    GPIOA_IRQHandler                         0x00001d1d   Thumb Code     2  interrupts_cw32l011.o(i.GPIOA_IRQHandler)
    GPIOB_IRQHandler                         0x00001d21   Thumb Code    34  interrupts_cw32l011.o(i.GPIOB_IRQHandler)
    GPIOC_IRQHandler                         0x00001d55   Thumb Code     2  interrupts_cw32l011.o(i.GPIOC_IRQHandler)
    GPIO_Init                                0x00001d59   Thumb Code   230  cw32l011_gpio.o(i.GPIO_Init)
    GPIO_ReadPin                             0x00001e49   Thumb Code    18  cw32l011_gpio.o(i.GPIO_ReadPin)
    GPIO_WritePin                            0x00001e5b   Thumb Code    12  cw32l011_gpio.o(i.GPIO_WritePin)
    GTIM1_IRQHandler                         0x00001e67   Thumb Code     2  interrupts_cw32l011.o(i.GTIM1_IRQHandler)
    GTIM2_IRQHandler                         0x00001e69   Thumb Code     2  interrupts_cw32l011.o(i.GTIM2_IRQHandler)
    HardFault_Handler                        0x00001e6b   Thumb Code     4  interrupts_cw32l011.o(i.HardFault_Handler)
    I2C_IRQHandler                           0x00001e6f   Thumb Code     2  interrupts_cw32l011.o(i.I2C_IRQHandler)
    LPTIM_IRQHandler                         0x00001e71   Thumb Code     2  interrupts_cw32l011.o(i.LPTIM_IRQHandler)
    LVD_IRQHandler                           0x00001e73   Thumb Code     2  interrupts_cw32l011.o(i.LVD_IRQHandler)
    NMI_Handler                              0x00001e75   Thumb Code     2  interrupts_cw32l011.o(i.NMI_Handler)
    NVIC_Configuration                       0x00001e77   Thumb Code    32  my_init.o(i.NVIC_Configuration)
    PendSV_Handler                           0x00001e97   Thumb Code     2  interrupts_cw32l011.o(i.PendSV_Handler)
    RCC_Configuration                        0x00001e99   Thumb Code    28  my_init.o(i.RCC_Configuration)
    RTC_BCDToBin                             0x00001eb5   Thumb Code    24  cw32l011_rtc.o(i.RTC_BCDToBin)
    RTC_BinToBCD                             0x00001ecd   Thumb Code    28  cw32l011_rtc.o(i.RTC_BinToBCD)
    RTC_Cmd                                  0x00001ee9   Thumb Code   102  cw32l011_rtc.o(i.RTC_Cmd)
    RTC_GetDate                              0x00001f75   Thumb Code    54  cw32l011_rtc.o(i.RTC_GetDate)
    RTC_GetTime                              0x00001fb1   Thumb Code    78  cw32l011_rtc.o(i.RTC_GetTime)
    RTC_IRQHandler                           0x00002005   Thumb Code     2  interrupts_cw32l011.o(i.RTC_IRQHandler)
    RTC_SetClockSource                       0x00002009   Thumb Code   102  cw32l011_rtc.o(i.RTC_SetClockSource)
    RTC_SetDate                              0x00002099   Thumb Code   198  cw32l011_rtc.o(i.RTC_SetDate)
    RTC_SetTime                              0x00002185   Thumb Code   250  cw32l011_rtc.o(i.RTC_SetTime)
    SPI1_IRQHandler                          0x000022a5   Thumb Code     2  interrupts_cw32l011.o(i.SPI1_IRQHandler)
    SVC_Handler                              0x000022a7   Thumb Code     2  interrupts_cw32l011.o(i.SVC_Handler)
    SYSCTRL_AHBPeriphClk_Enable              0x000022a9   Thumb Code    66  cw32l011_sysctrl.o(i.SYSCTRL_AHBPeriphClk_Enable)
    SYSCTRL_APBPeriphClk_Enable1             0x0000231d   Thumb Code    64  cw32l011_sysctrl.o(i.SYSCTRL_APBPeriphClk_Enable1)
    SYSCTRL_APBPeriphClk_Enable2             0x0000238d   Thumb Code    66  cw32l011_sysctrl.o(i.SYSCTRL_APBPeriphClk_Enable2)
    SYSCTRL_HSI_Enable                       0x00002401   Thumb Code   330  cw32l011_sysctrl.o(i.SYSCTRL_HSI_Enable)
    SYSCTRL_IRQHandler                       0x00002581   Thumb Code     2  interrupts_cw32l011.o(i.SYSCTRL_IRQHandler)
    SYSCTRL_LSI_Enable                       0x00002585   Thumb Code    64  cw32l011_sysctrl.o(i.SYSCTRL_LSI_Enable)
    SysTick_Handler                          0x000025d1   Thumb Code    16  cw32l011_systick.o(i.SysTick_Handler)
    SystemCoreClockUpdate                    0x000025e9   Thumb Code     8  system_cw32l011.o(i.SystemCoreClockUpdate)
    SystemInit                               0x000025f9   Thumb Code    50  system_cw32l011.o(i.SystemInit)
    UART1_IRQHandler                         0x00002635   Thumb Code     2  interrupts_cw32l011.o(i.UART1_IRQHandler)
    UART2_IRQHandler                         0x00002637   Thumb Code     2  interrupts_cw32l011.o(i.UART2_IRQHandler)
    UART3_IRQHandler                         0x00002639   Thumb Code    88  interrupts_cw32l011.o(i.UART3_IRQHandler)
    UART_ClearITPendingBit                   0x000026a1   Thumb Code    62  cw32l011_uart.o(i.UART_ClearITPendingBit)
    UART_Configuration                       0x0000270d   Thumb Code    56  my_init.o(i.UART_Configuration)
    UART_GetFlagStatus                       0x0000274d   Thumb Code    72  cw32l011_uart.o(i.UART_GetFlagStatus)
    UART_GetITStatus                         0x000027bd   Thumb Code    70  cw32l011_uart.o(i.UART_GetITStatus)
    UART_ITConfig                            0x00002831   Thumb Code   100  cw32l011_uart.o(i.UART_ITConfig)
    UART_Init                                0x000028c1   Thumb Code   788  cw32l011_uart.o(i.UART_Init)
    UART_ReceiveData_8bit                    0x00002c19   Thumb Code    32  cw32l011_uart.o(i.UART_ReceiveData_8bit)
    UART_SendData_8bit                       0x00002c61   Thumb Code    46  cw32l011_uart.o(i.UART_SendData_8bit)
    UART_SendString                          0x00002cb9   Thumb Code    56  cw32l011_uart.o(i.UART_SendString)
    VC1_IRQHandler                           0x00002cf1   Thumb Code     2  interrupts_cw32l011.o(i.VC1_IRQHandler)
    VC2_IRQHandler                           0x00002cf3   Thumb Code     2  interrupts_cw32l011.o(i.VC2_IRQHandler)
    WDT_IRQHandler                           0x00002cf5   Thumb Code     2  interrupts_cw32l011.o(i.WDT_IRQHandler)
    _is_digit                                0x00002d91   Thumb Code    14  __printf_wp.o(i._is_digit)
    _sys_exit                                0x00002d9f   Thumb Code     4  cw32l011_startkit_board.o(i._sys_exit)
    adc_pa11_init                            0x00002da3   Thumb Code    54  my_init.o(i.adc_pa11_init)
    assert_failed                            0x00002dd9   Thumb Code     2  main.o(i.assert_failed)
    btim_1s_init                             0x00002ddd   Thumb Code    74  my_init.o(i.btim_1s_init)
    delay_ms                                 0x0000300d   Thumb Code    28  my_init.o(i.delay_ms)
    main                                     0x00003029   Thumb Code   432  main.o(i.main)
    mqtt_configure                           0x00003241   Thumb Code   144  mqtt_client.o(i.mqtt_configure)
    mqtt_connect                             0x000033c9   Thumb Code    12  mqtt_client.o(i.mqtt_connect)
    mqtt_publish                             0x000033e1   Thumb Code    42  mqtt_client.o(i.mqtt_publish)
    my_gpio_init                             0x00003449   Thumb Code   206  my_init.o(i.my_gpio_init)
    rtc_init_lsi                             0x000037a9   Thumb Code   136  my_init.o(i.rtc_init_lsi)
    rtc_read                                 0x00003831   Thumb Code    20  my_init.o(i.rtc_read)
    uart_rx_clear_buffer                     0x000038c9   Thumb Code    30  my_init.o(i.uart_rx_clear_buffer)
    uart_rx_get_data                         0x000038f5   Thumb Code    68  my_init.o(i.uart_rx_get_data)
    uart_rx_init                             0x00003945   Thumb Code    24  my_init.o(i.uart_rx_init)
    uart_rx_is_data_ready                    0x00003961   Thumb Code     6  my_init.o(i.uart_rx_is_data_ready)
    wifi_connect_network                     0x0000396d   Thumb Code    58  wifi_comm.o(i.wifi_connect_network)
    wifi_get_ip_address                      0x000039cd   Thumb Code    16  wifi_comm.o(i.wifi_get_ip_address)
    wifi_init                                0x000039e9   Thumb Code    78  wifi_comm.o(i.wifi_init)
    wifi_send_at_command_wait_response       0x00003a5d   Thumb Code   132  wifi_comm.o(i.wifi_send_at_command_wait_response)
    wifi_sntp_config                         0x00003ae9   Thumb Code    32  wifi_comm.o(i.wifi_sntp_config)
    wifi_sntp_sync_time                      0x00003b29   Thumb Code   120  wifi_comm.o(i.wifi_sntp_sync_time)
    _get_lc_ctype                            0x00003bc9   Thumb Code    44  lc_ctype_c.o(locale$$code)
    __aeabi_fadd                             0x00003bf5   Thumb Code     0  faddsub.o(x$fpl$fadd)
    _fadd                                    0x00003bf5   Thumb Code   134  faddsub.o(x$fpl$fadd)
    __aeabi_fmul                             0x00003c81   Thumb Code     0  fmul.o(x$fpl$fmul)
    _fmul                                    0x00003c81   Thumb Code   172  fmul.o(x$fpl$fmul)
    __aeabi_frsub                            0x00003d31   Thumb Code     0  faddsub.o(x$fpl$frsb)
    _frsb                                    0x00003d31   Thumb Code    24  faddsub.o(x$fpl$frsb)
    __aeabi_fsub                             0x00003d49   Thumb Code     0  faddsub.o(x$fpl$fsub)
    _fsub                                    0x00003d49   Thumb Code   204  faddsub.o(x$fpl$fsub)
    __I$use$fp                               0x00003e18   Number         0  usenofp.o(x$fpl$usenofp)
    Region$$Table$$Base                      0x00003f00   Number         0  anon$$obj.o(Region$$Table)
    Region$$Table$$Limit                     0x00003f20   Number         0  anon$$obj.o(Region$$Table)
    __ctype                                  0x00003f2d   Data           0  lc_ctype_c.o(locale$$data)
    SystemCoreClock                          0x20000000   Data           4  system_cw32l011.o(.data)
    Status_Flag                              0x20000004   Data           1  interrupts_cw32l011.o(.data)
    wifi_rx_index                            0x20000006   Data           2  main.o(.data)
    wifi_rx_flag                             0x20000008   Data           1  main.o(.data)
    PIR_pinif                                0x20000009   Data           1  main.o(.data)
    PIR_timcl                                0x2000000a   Data           1  main.o(.data)
    Inside_flag                              0x2000000b   Data           1  main.o(.data)
    g_adc_pa11_raw                           0x2000000c   Data           2  main.o(.data)
    g_rtc_time                               0x2000000e   Data           5  main.o(.data)
    g_rtc_date                               0x20000013   Data           4  main.o(.data)
    hour                                     0x20000017   Data           1  main.o(.data)
    minute                                   0x20000018   Data           1  main.o(.data)
    second                                   0x20000019   Data           1  main.o(.data)
    month                                    0x2000001a   Data           1  main.o(.data)
    year                                     0x2000001b   Data           1  main.o(.data)
    day                                      0x2000001c   Data           1  main.o(.data)
    week                                     0x2000001d   Data           1  main.o(.data)
    insideDvar                               0x2000001e   Data           2  main.o(.data)
    calibration_value                        0x20000020   Data           2  main.o(.data)
    timer_1s_flag                            0x20000022   Data           1  main.o(.data)
    g_cat_event_count                        0x20000024   Data           2  main.o(.data)
    g_cat_event_write_index                  0x20000026   Data           2  main.o(.data)
    g_cat_event_open_index                   0x20000028   Data           2  main.o(.data)
    current                                  0x2000002a   Data           2  main.o(.data)
    uwTick                                   0x20000030   Data           4  cw32l011_systick.o(.data)
    uwTickPrio                               0x20000034   Data           4  cw32l011_systick.o(.data)
    uwTickFreq                               0x20000038   Data           1  cw32l011_systick.o(.data)
    wifi_rx_buffer                           0x2000003c   Data         256  main.o(.bss)
    g_cat_events                             0x2000013c   Data         640  main.o(.bss)
    __libspace_start                         0x200003bc   Data          96  libspace.o(.bss)
    __temporary_stack_top$libspace           0x2000041c   Data           0  libspace.o(.bss)



==============================================================================

Memory Map of the image

  Image Entry point : 0x000000c1

  Load Region LR_IROM1 (Base: 0x00000000, Size: 0x0000406c, Max: 0x00010000, ABSOLUTE)

    Execution Region ER_IROM1 (Exec base: 0x00000000, Load base: 0x00000000, Size: 0x00004030, Max: 0x00010000, ABSOLUTE)

    Exec Addr    Load Addr    Size         Type   Attr      Idx    E Section Name        Object

    0x00000000   0x00000000   0x000000c0   Data   RO            3    RESET               startup_cw32l011.o
    0x000000c0   0x000000c0   0x00000008   Code   RO         3797  * !!!main             c_p.l(__main.o)
    0x000000c8   0x000000c8   0x0000003c   Code   RO         4029    !!!scatter          c_p.l(__scatter.o)
    0x00000104   0x00000104   0x0000001a   Code   RO         4031    !!handler_copy      c_p.l(__scatter_copy.o)
    0x0000011e   0x0000011e   0x00000002   PAD
    0x00000120   0x00000120   0x0000001c   Code   RO         4033    !!handler_zi        c_p.l(__scatter_zi.o)
    0x0000013c   0x0000013c   0x00000002   Code   RO         3774    .ARM.Collect$$_printf_percent$$00000000  c_p.l(_printf_percent.o)
    0x0000013e   0x0000013e   0x0000000a   Code   RO         3772    .ARM.Collect$$_printf_percent$$00000009  c_p.l(_printf_d.o)
    0x00000148   0x00000148   0x0000000a   Code   RO         3773    .ARM.Collect$$_printf_percent$$0000000A  c_p.l(_printf_u.o)
    0x00000152   0x00000152   0x0000000a   Code   RO         3771    .ARM.Collect$$_printf_percent$$00000014  c_p.l(_printf_s.o)
    0x0000015c   0x0000015c   0x00000004   Code   RO         3843    .ARM.Collect$$_printf_percent$$00000017  c_p.l(_printf_percent_end.o)
    0x00000160   0x00000160   0x00000002   Code   RO         3896    .ARM.Collect$$libinit$$00000000  c_p.l(libinit.o)
    0x00000162   0x00000162   0x00000000   Code   RO         3918    .ARM.Collect$$libinit$$00000002  c_p.l(libinit2.o)
    0x00000162   0x00000162   0x00000000   Code   RO         3920    .ARM.Collect$$libinit$$00000004  c_p.l(libinit2.o)
    0x00000162   0x00000162   0x00000000   Code   RO         3923    .ARM.Collect$$libinit$$0000000A  c_p.l(libinit2.o)
    0x00000162   0x00000162   0x00000000   Code   RO         3925    .ARM.Collect$$libinit$$0000000C  c_p.l(libinit2.o)
    0x00000162   0x00000162   0x00000000   Code   RO         3927    .ARM.Collect$$libinit$$0000000E  c_p.l(libinit2.o)
    0x00000162   0x00000162   0x00000006   Code   RO         3928    .ARM.Collect$$libinit$$0000000F  c_p.l(libinit2.o)
    0x00000168   0x00000168   0x00000000   Code   RO         3930    .ARM.Collect$$libinit$$00000011  c_p.l(libinit2.o)
    0x00000168   0x00000168   0x0000000c   Code   RO         3931    .ARM.Collect$$libinit$$00000012  c_p.l(libinit2.o)
    0x00000174   0x00000174   0x00000000   Code   RO         3932    .ARM.Collect$$libinit$$00000013  c_p.l(libinit2.o)
    0x00000174   0x00000174   0x00000000   Code   RO         3934    .ARM.Collect$$libinit$$00000015  c_p.l(libinit2.o)
    0x00000174   0x00000174   0x00000000   Code   RO         3936    .ARM.Collect$$libinit$$00000017  c_p.l(libinit2.o)
    0x00000174   0x00000174   0x00000000   Code   RO         3938    .ARM.Collect$$libinit$$00000019  c_p.l(libinit2.o)
    0x00000174   0x00000174   0x00000000   Code   RO         3940    .ARM.Collect$$libinit$$0000001B  c_p.l(libinit2.o)
    0x00000174   0x00000174   0x00000000   Code   RO         3942    .ARM.Collect$$libinit$$0000001D  c_p.l(libinit2.o)
    0x00000174   0x00000174   0x00000000   Code   RO         3944    .ARM.Collect$$libinit$$0000001F  c_p.l(libinit2.o)
    0x00000174   0x00000174   0x00000000   Code   RO         3946    .ARM.Collect$$libinit$$00000021  c_p.l(libinit2.o)
    0x00000174   0x00000174   0x00000000   Code   RO         3948    .ARM.Collect$$libinit$$00000023  c_p.l(libinit2.o)
    0x00000174   0x00000174   0x00000000   Code   RO         3950    .ARM.Collect$$libinit$$00000025  c_p.l(libinit2.o)
    0x00000174   0x00000174   0x00000000   Code   RO         3954    .ARM.Collect$$libinit$$0000002C  c_p.l(libinit2.o)
    0x00000174   0x00000174   0x00000000   Code   RO         3956    .ARM.Collect$$libinit$$0000002E  c_p.l(libinit2.o)
    0x00000174   0x00000174   0x00000000   Code   RO         3958    .ARM.Collect$$libinit$$00000030  c_p.l(libinit2.o)
    0x00000174   0x00000174   0x00000000   Code   RO         3960    .ARM.Collect$$libinit$$00000032  c_p.l(libinit2.o)
    0x00000174   0x00000174   0x00000002   Code   RO         3961    .ARM.Collect$$libinit$$00000033  c_p.l(libinit2.o)
    0x00000176   0x00000176   0x00000002   Code   RO         3985    .ARM.Collect$$libshutdown$$00000000  c_p.l(libshutdown.o)
    0x00000178   0x00000178   0x00000000   Code   RO         4011    .ARM.Collect$$libshutdown$$00000002  c_p.l(libshutdown2.o)
    0x00000178   0x00000178   0x00000000   Code   RO         4013    .ARM.Collect$$libshutdown$$00000004  c_p.l(libshutdown2.o)
    0x00000178   0x00000178   0x00000000   Code   RO         4016    .ARM.Collect$$libshutdown$$00000007  c_p.l(libshutdown2.o)
    0x00000178   0x00000178   0x00000000   Code   RO         4019    .ARM.Collect$$libshutdown$$0000000A  c_p.l(libshutdown2.o)
    0x00000178   0x00000178   0x00000000   Code   RO         4021    .ARM.Collect$$libshutdown$$0000000C  c_p.l(libshutdown2.o)
    0x00000178   0x00000178   0x00000000   Code   RO         4024    .ARM.Collect$$libshutdown$$0000000F  c_p.l(libshutdown2.o)
    0x00000178   0x00000178   0x00000002   Code   RO         4025    .ARM.Collect$$libshutdown$$00000010  c_p.l(libshutdown2.o)
    0x0000017a   0x0000017a   0x00000000   Code   RO         3828    .ARM.Collect$$rtentry$$00000000  c_p.l(__rtentry.o)
    0x0000017a   0x0000017a   0x00000000   Code   RO         3854    .ARM.Collect$$rtentry$$00000002  c_p.l(__rtentry2.o)
    0x0000017a   0x0000017a   0x00000006   Code   RO         3866    .ARM.Collect$$rtentry$$00000004  c_p.l(__rtentry4.o)
    0x00000180   0x00000180   0x00000000   Code   RO         3856    .ARM.Collect$$rtentry$$00000009  c_p.l(__rtentry2.o)
    0x00000180   0x00000180   0x00000004   Code   RO         3857    .ARM.Collect$$rtentry$$0000000A  c_p.l(__rtentry2.o)
    0x00000184   0x00000184   0x00000000   Code   RO         3859    .ARM.Collect$$rtentry$$0000000C  c_p.l(__rtentry2.o)
    0x00000184   0x00000184   0x00000008   Code   RO         3860    .ARM.Collect$$rtentry$$0000000D  c_p.l(__rtentry2.o)
    0x0000018c   0x0000018c   0x00000002   Code   RO         3901    .ARM.Collect$$rtexit$$00000000  c_p.l(rtexit.o)
    0x0000018e   0x0000018e   0x00000000   Code   RO         3963    .ARM.Collect$$rtexit$$00000002  c_p.l(rtexit2.o)
    0x0000018e   0x0000018e   0x00000004   Code   RO         3964    .ARM.Collect$$rtexit$$00000003  c_p.l(rtexit2.o)
    0x00000192   0x00000192   0x00000006   Code   RO         3965    .ARM.Collect$$rtexit$$00000004  c_p.l(rtexit2.o)
    0x00000198   0x00000198   0x00000038   Code   RO            4    .text               startup_cw32l011.o
    0x000001d0   0x000001d0   0x00000002   Code   RO         3735    .text               c_p.l(use_no_semi_2.o)
    0x000001d2   0x000001d2   0x00000002   PAD
    0x000001d4   0x000001d4   0x00000028   Code   RO         3741    .text               c_p.l(noretval__2sprintf.o)
    0x000001fc   0x000001fc   0x0000004e   Code   RO         3745    .text               c_p.l(_printf_pad.o)
    0x0000024a   0x0000024a   0x00000052   Code   RO         3747    .text               c_p.l(_printf_str.o)
    0x0000029c   0x0000029c   0x0000006c   Code   RO         3749    .text               c_p.l(_printf_dec.o)
    0x00000308   0x00000308   0x00000138   Code   RO         3763    .text               c_p.l(__printf_flags_wp.o)
    0x00000440   0x00000440   0x00000040   Code   RO         3775    .text               c_p.l(__0sscanf.o)
    0x00000480   0x00000480   0x0000014a   Code   RO         3777    .text               c_p.l(_scanf_int.o)
    0x000005ca   0x000005ca   0x000000e8   Code   RO         3779    .text               c_p.l(_scanf_str.o)
    0x000006b2   0x000006b2   0x00000028   Code   RO         3781    .text               c_p.l(strstr.o)
    0x000006da   0x000006da   0x00000002   PAD
    0x000006dc   0x000006dc   0x00000044   Code   RO         3783    .text               c_p.l(strlen.o)
    0x00000720   0x00000720   0x000000a0   Code   RO         3785    .text               c_p.l(strncmp.o)
    0x000007c0   0x000007c0   0x00000040   Code   RO         3787    .text               c_p.l(rt_memclr.o)
    0x00000800   0x00000800   0x00000088   Code   RO         3789    .text               c_p.l(strcmp.o)
    0x00000888   0x00000888   0x0000015a   Code   RO         3791    .text               c_p.l(aeabi_sdiv.o)
    0x000009e2   0x000009e2   0x00000006   Code   RO         3795    .text               c_p.l(heapauxi.o)
    0x000009e8   0x000009e8   0x00000358   Code   RO         3801    .text               fz_ps.l(daddsub.o)
    0x00000d40   0x00000d40   0x00000048   Code   RO         3803    .text               fz_ps.l(dfixui.o)
    0x00000d88   0x00000d88   0x00000054   Code   RO         3809    .text               fz_ps.l(f2d.o)
    0x00000ddc   0x00000ddc   0x00000160   Code   RO         3817    .text               fz_ps.l(fdiv.o)
    0x00000f3c   0x00000f3c   0x00000030   Code   RO         3820    .text               fz_ps.l(ffixui.o)
    0x00000f6c   0x00000f6c   0x0000005e   Code   RO         3822    .text               fz_ps.l(fflti.o)
    0x00000fca   0x00000fca   0x00000002   Code   RO         3826    .text               c_p.l(use_no_semi.o)
    0x00000fcc   0x00000fcc   0x000000b0   Code   RO         3835    .text               c_p.l(_printf_intcommon.o)
    0x0000107c   0x0000107c   0x00000030   Code   RO         3837    .text               c_p.l(_printf_char_common.o)
    0x000010ac   0x000010ac   0x0000000a   Code   RO         3839    .text               c_p.l(_sputc.o)
    0x000010b6   0x000010b6   0x0000002e   Code   RO         3841    .text               c_p.l(_printf_char.o)
    0x000010e4   0x000010e4   0x0000001e   Code   RO         3844    .text               c_p.l(_chval.o)
    0x00001102   0x00001102   0x00000002   PAD
    0x00001104   0x00001104   0x00000030   Code   RO         3846    .text               c_p.l(scanf_char.o)
    0x00001134   0x00001134   0x00000044   Code   RO         3848    .text               c_p.l(_sgetc.o)
    0x00001178   0x00001178   0x00000028   Code   RO         3850    .text               c_p.l(rtudiv10.o)
    0x000011a0   0x000011a0   0x00000012   Code   RO         3874    .text               c_p.l(isspace.o)
    0x000011b2   0x000011b2   0x00000002   PAD
    0x000011b4   0x000011b4   0x00000380   Code   RO         3878    .text               c_p.l(_scanf.o)
    0x00001534   0x00001534   0x0000003e   Code   RO         3880    .text               c_p.l(sys_stackheap_outer.o)
    0x00001572   0x00001572   0x00000002   PAD
    0x00001574   0x00001574   0x00000010   Code   RO         3883    .text               c_p.l(rt_ctype_table.o)
    0x00001584   0x00001584   0x00000010   Code   RO         3885    .text               c_p.l(exit.o)
    0x00001594   0x00001594   0x00000008   Code   RO         3897    .text               c_p.l(libspace.o)
    0x0000159c   0x0000159c   0x00000008   Code   RO         3908    .text               c_p.l(rt_locale_intlibspace.o)
    0x000015a4   0x000015a4   0x00000050   Code   RO         1174    i.ADC_ClearITPendingBit  cw32l011_adc.o
    0x000015f4   0x000015f4   0x00000012   Code   RO         1177    i.ADC_Enable        cw32l011_adc.o
    0x00001606   0x00001606   0x00000002   PAD
    0x00001608   0x00001608   0x00000044   Code   RO         1179    i.ADC_GetConversionValue  cw32l011_adc.o
    0x0000164c   0x0000164c   0x00000054   Code   RO         1180    i.ADC_GetITStatus   cw32l011_adc.o
    0x000016a0   0x000016a0   0x00000002   Code   RO           85    i.ADC_IRQHandler    interrupts_cw32l011.o
    0x000016a2   0x000016a2   0x00000002   PAD
    0x000016a4   0x000016a4   0x00000248   Code   RO         1192    i.ADC_Init          cw32l011_adc.o
    0x000018ec   0x000018ec   0x0000007c   Code   RO          528    i.ADC_Read          my_init.o
    0x00001968   0x00001968   0x00000060   Code   RO         1195    i.ADC_SoftwareStartConvCmd  cw32l011_adc.o
    0x000019c8   0x000019c8   0x00000002   Code   RO           86    i.ATIM_IRQHandler   interrupts_cw32l011.o
    0x000019ca   0x000019ca   0x00000002   PAD
    0x000019cc   0x000019cc   0x0000005c   Code   RO           87    i.BTIM1_IRQHandler  interrupts_cw32l011.o
    0x00001a28   0x00001a28   0x00000002   Code   RO           88    i.BTIM2_IRQHandler  interrupts_cw32l011.o
    0x00001a2a   0x00001a2a   0x00000002   Code   RO           89    i.BTIM3_IRQHandler  interrupts_cw32l011.o
    0x00001a2c   0x00001a2c   0x00000064   Code   RO         1663    i.BTIM_ClearITPendingBit  cw32l011_btim.o
    0x00001a90   0x00001a90   0x00000074   Code   RO         1664    i.BTIM_Cmd          cw32l011_btim.o
    0x00001b04   0x00001b04   0x0000006c   Code   RO         1673    i.BTIM_GetITStatus  cw32l011_btim.o
    0x00001b70   0x00001b70   0x00000084   Code   RO         1675    i.BTIM_ITConfig     cw32l011_btim.o
    0x00001bf4   0x00001bf4   0x00000050   Code   RO         1682    i.BTIM_SetCounter   cw32l011_btim.o
    0x00001c44   0x00001c44   0x000000d4   Code   RO         1686    i.BTIM_TimeBaseInit  cw32l011_btim.o
    0x00001d18   0x00001d18   0x00000002   Code   RO           90    i.CLKFAULT_IRQHandler  interrupts_cw32l011.o
    0x00001d1a   0x00001d1a   0x00000002   Code   RO           91    i.FLASHRAM_IRQHandler  interrupts_cw32l011.o
    0x00001d1c   0x00001d1c   0x00000002   Code   RO           92    i.GPIOA_IRQHandler  interrupts_cw32l011.o
    0x00001d1e   0x00001d1e   0x00000002   PAD
    0x00001d20   0x00001d20   0x00000034   Code   RO           93    i.GPIOB_IRQHandler  interrupts_cw32l011.o
    0x00001d54   0x00001d54   0x00000002   Code   RO           94    i.GPIOC_IRQHandler  interrupts_cw32l011.o
    0x00001d56   0x00001d56   0x00000002   PAD
    0x00001d58   0x00001d58   0x000000f0   Code   RO          800    i.GPIO_Init         cw32l011_gpio.o
    0x00001e48   0x00001e48   0x00000012   Code   RO          802    i.GPIO_ReadPin      cw32l011_gpio.o
    0x00001e5a   0x00001e5a   0x0000000c   Code   RO          806    i.GPIO_WritePin     cw32l011_gpio.o
    0x00001e66   0x00001e66   0x00000002   Code   RO           95    i.GTIM1_IRQHandler  interrupts_cw32l011.o
    0x00001e68   0x00001e68   0x00000002   Code   RO           96    i.GTIM2_IRQHandler  interrupts_cw32l011.o
    0x00001e6a   0x00001e6a   0x00000004   Code   RO           97    i.HardFault_Handler  interrupts_cw32l011.o
    0x00001e6e   0x00001e6e   0x00000002   Code   RO           98    i.I2C_IRQHandler    interrupts_cw32l011.o
    0x00001e70   0x00001e70   0x00000002   Code   RO           99    i.LPTIM_IRQHandler  interrupts_cw32l011.o
    0x00001e72   0x00001e72   0x00000002   Code   RO          100    i.LVD_IRQHandler    interrupts_cw32l011.o
    0x00001e74   0x00001e74   0x00000002   Code   RO          101    i.NMI_Handler       interrupts_cw32l011.o
    0x00001e76   0x00001e76   0x00000020   Code   RO          529    i.NVIC_Configuration  my_init.o
    0x00001e96   0x00001e96   0x00000002   Code   RO          102    i.PendSV_Handler    interrupts_cw32l011.o
    0x00001e98   0x00001e98   0x0000001c   Code   RO          530    i.RCC_Configuration  my_init.o
    0x00001eb4   0x00001eb4   0x00000018   Code   RO         2795    i.RTC_BCDToBin      cw32l011_rtc.o
    0x00001ecc   0x00001ecc   0x0000001c   Code   RO         2796    i.RTC_BinToBCD      cw32l011_rtc.o
    0x00001ee8   0x00001ee8   0x0000008c   Code   RO         2800    i.RTC_Cmd           cw32l011_rtc.o
    0x00001f74   0x00001f74   0x0000003c   Code   RO         2803    i.RTC_GetDate       cw32l011_rtc.o
    0x00001fb0   0x00001fb0   0x00000054   Code   RO         2807    i.RTC_GetTime       cw32l011_rtc.o
    0x00002004   0x00002004   0x00000002   Code   RO          103    i.RTC_IRQHandler    interrupts_cw32l011.o
    0x00002006   0x00002006   0x00000002   PAD
    0x00002008   0x00002008   0x00000090   Code   RO         2813    i.RTC_SetClockSource  cw32l011_rtc.o
    0x00002098   0x00002098   0x000000ec   Code   RO         2814    i.RTC_SetDate       cw32l011_rtc.o
    0x00002184   0x00002184   0x00000120   Code   RO         2819    i.RTC_SetTime       cw32l011_rtc.o
    0x000022a4   0x000022a4   0x00000002   Code   RO          104    i.SPI1_IRQHandler   interrupts_cw32l011.o
    0x000022a6   0x000022a6   0x00000002   Code   RO          105    i.SVC_Handler       interrupts_cw32l011.o
    0x000022a8   0x000022a8   0x00000074   Code   RO          880    i.SYSCTRL_AHBPeriphClk_Enable  cw32l011_sysctrl.o
    0x0000231c   0x0000231c   0x00000070   Code   RO          882    i.SYSCTRL_APBPeriphClk_Enable1  cw32l011_sysctrl.o
    0x0000238c   0x0000238c   0x00000074   Code   RO          883    i.SYSCTRL_APBPeriphClk_Enable2  cw32l011_sysctrl.o
    0x00002400   0x00002400   0x00000180   Code   RO          907    i.SYSCTRL_HSI_Enable  cw32l011_sysctrl.o
    0x00002580   0x00002580   0x00000002   Code   RO          106    i.SYSCTRL_IRQHandler  interrupts_cw32l011.o
    0x00002582   0x00002582   0x00000002   PAD
    0x00002584   0x00002584   0x0000004c   Code   RO          914    i.SYSCTRL_LSI_Enable  cw32l011_sysctrl.o
    0x000025d0   0x000025d0   0x00000018   Code   RO         3118    i.SysTick_Handler   cw32l011_systick.o
    0x000025e8   0x000025e8   0x00000010   Code   RO           13    i.SystemCoreClockUpdate  system_cw32l011.o
    0x000025f8   0x000025f8   0x0000003c   Code   RO           14    i.SystemInit        system_cw32l011.o
    0x00002634   0x00002634   0x00000002   Code   RO          107    i.UART1_IRQHandler  interrupts_cw32l011.o
    0x00002636   0x00002636   0x00000002   Code   RO          108    i.UART2_IRQHandler  interrupts_cw32l011.o
    0x00002638   0x00002638   0x00000068   Code   RO          109    i.UART3_IRQHandler  interrupts_cw32l011.o
    0x000026a0   0x000026a0   0x0000006c   Code   RO         3184    i.UART_ClearITPendingBit  cw32l011_uart.o
    0x0000270c   0x0000270c   0x00000040   Code   RO          531    i.UART_Configuration  my_init.o
    0x0000274c   0x0000274c   0x00000070   Code   RO         3190    i.UART_GetFlagStatus  cw32l011_uart.o
    0x000027bc   0x000027bc   0x00000074   Code   RO         3191    i.UART_GetITStatus  cw32l011_uart.o
    0x00002830   0x00002830   0x00000090   Code   RO         3193    i.UART_ITConfig     cw32l011_uart.o
    0x000028c0   0x000028c0   0x00000358   Code   RO         3194    i.UART_Init         cw32l011_uart.o
    0x00002c18   0x00002c18   0x00000048   Code   RO         3199    i.UART_ReceiveData_8bit  cw32l011_uart.o
    0x00002c60   0x00002c60   0x00000058   Code   RO         3201    i.UART_SendData_8bit  cw32l011_uart.o
    0x00002cb8   0x00002cb8   0x00000038   Code   RO         3202    i.UART_SendString   cw32l011_uart.o
    0x00002cf0   0x00002cf0   0x00000002   Code   RO          110    i.VC1_IRQHandler    interrupts_cw32l011.o
    0x00002cf2   0x00002cf2   0x00000002   Code   RO          111    i.VC2_IRQHandler    interrupts_cw32l011.o
    0x00002cf4   0x00002cf4   0x00000002   Code   RO          112    i.WDT_IRQHandler    interrupts_cw32l011.o
    0x00002cf6   0x00002cf6   0x00000002   PAD
    0x00002cf8   0x00002cf8   0x00000020   Code   RO          532    i.__NVIC_EnableIRQ  my_init.o
    0x00002d18   0x00002d18   0x00000078   Code   RO          533    i.__NVIC_SetPriority  my_init.o
    0x00002d90   0x00002d90   0x0000000e   Code   RO         3761    i._is_digit         c_p.l(__printf_wp.o)
    0x00002d9e   0x00002d9e   0x00000004   Code   RO         3644    i._sys_exit         cw32l011_startkit_board.o
    0x00002da2   0x00002da2   0x00000036   Code   RO          534    i.adc_pa11_init     my_init.o
    0x00002dd8   0x00002dd8   0x00000002   Code   RO          302    i.assert_failed     main.o
    0x00002dda   0x00002dda   0x00000002   PAD
    0x00002ddc   0x00002ddc   0x00000054   Code   RO          536    i.btim_1s_init      my_init.o
    0x00002e30   0x00002e30   0x000000b4   Code   RO          303    i.cat_publish_closed_event  main.o
    0x00002ee4   0x00002ee4   0x00000080   Code   RO          304    i.cat_record_entry  main.o
    0x00002f64   0x00002f64   0x000000a8   Code   RO          305    i.cat_record_exit   main.o
    0x0000300c   0x0000300c   0x0000001c   Code   RO          537    i.delay_ms          my_init.o
    0x00003028   0x00003028   0x00000218   Code   RO          306    i.main              main.o
    0x00003240   0x00003240   0x00000188   Code   RO          480    i.mqtt_configure    mqtt_client.o
    0x000033c8   0x000033c8   0x00000018   Code   RO          481    i.mqtt_connect      mqtt_client.o
    0x000033e0   0x000033e0   0x00000050   Code   RO          483    i.mqtt_publish      mqtt_client.o
    0x00003430   0x00003430   0x00000018   Code   RO          484    i.mqtt_send_and_wait_ok  mqtt_client.o
    0x00003448   0x00003448   0x000000e4   Code   RO          538    i.my_gpio_init      my_init.o
    0x0000352c   0x0000352c   0x0000027c   Code   RO          376    i.parse_sntp_time   wifi_comm.o
    0x000037a8   0x000037a8   0x00000088   Code   RO          539    i.rtc_init_lsi      my_init.o
    0x00003830   0x00003830   0x00000014   Code   RO          540    i.rtc_read          my_init.o
    0x00003844   0x00003844   0x00000082   Code   RO          307    i.sync_rtc_time_from_network  main.o
    0x000038c6   0x000038c6   0x00000002   PAD
    0x000038c8   0x000038c8   0x0000002c   Code   RO          541    i.uart_rx_clear_buffer  my_init.o
    0x000038f4   0x000038f4   0x00000050   Code   RO          542    i.uart_rx_get_data  my_init.o
    0x00003944   0x00003944   0x0000001c   Code   RO          543    i.uart_rx_init      my_init.o
    0x00003960   0x00003960   0x0000000c   Code   RO          544    i.uart_rx_is_data_ready  my_init.o
    0x0000396c   0x0000396c   0x00000060   Code   RO          377    i.wifi_connect_network  wifi_comm.o
    0x000039cc   0x000039cc   0x0000001c   Code   RO          379    i.wifi_get_ip_address  wifi_comm.o
    0x000039e8   0x000039e8   0x00000074   Code   RO          381    i.wifi_init         wifi_comm.o
    0x00003a5c   0x00003a5c   0x0000008c   Code   RO          383    i.wifi_send_at_command_wait_response  wifi_comm.o
    0x00003ae8   0x00003ae8   0x00000040   Code   RO          384    i.wifi_sntp_config  wifi_comm.o
    0x00003b28   0x00003b28   0x000000a0   Code   RO          385    i.wifi_sntp_sync_time  wifi_comm.o
    0x00003bc8   0x00003bc8   0x0000002c   Code   RO         3911    locale$$code        c_p.l(lc_ctype_c.o)
    0x00003bf4   0x00003bf4   0x0000008c   Code   RO         3811    x$fpl$fadd          fz_ps.l(faddsub.o)
    0x00003c80   0x00003c80   0x000000b0   Code   RO         3824    x$fpl$fmul          fz_ps.l(fmul.o)
    0x00003d30   0x00003d30   0x00000018   Code   RO         3812    x$fpl$frsb          fz_ps.l(faddsub.o)
    0x00003d48   0x00003d48   0x000000d0   Code   RO         3813    x$fpl$fsub          fz_ps.l(faddsub.o)
    0x00003e18   0x00003e18   0x00000000   Code   RO         3852    x$fpl$usenofp       fz_ps.l(usenofp.o)
    0x00003e18   0x00003e18   0x00000011   Data   RO         3764    .constdata          c_p.l(__printf_flags_wp.o)
    0x00003e29   0x00003e29   0x00000040   Data   RO         3818    .constdata          fz_ps.l(fdiv.o)
    0x00003e69   0x00003e69   0x00000003   PAD
    0x00003e6c   0x00003e6c   0x0000004d   Data   RO          309    .conststring        main.o
    0x00003eb9   0x00003eb9   0x00000003   PAD
    0x00003ebc   0x00003ebc   0x00000041   Data   RO          485    .conststring        mqtt_client.o
    0x00003efd   0x00003efd   0x00000003   PAD
    0x00003f00   0x00003f00   0x00000020   Data   RO         4027    Region$$Table       anon$$obj.o
    0x00003f20   0x00003f20   0x00000110   Data   RO         3910    locale$$data        c_p.l(lc_ctype_c.o)


    Execution Region RW_IRAM1 (Exec base: 0x20000000, Load base: 0x00004030, Size: 0x00000820, Max: 0x00001800, ABSOLUTE)

    Exec Addr    Load Addr    Size         Type   Attr      Idx    E Section Name        Object

    0x20000000   0x00004030   0x00000004   Data   RW           15    .data               system_cw32l011.o
    0x20000004   0x00004034   0x00000001   Data   RW          113    .data               interrupts_cw32l011.o
    0x20000005   0x00004035   0x00000001   PAD
    0x20000006   0x00004036   0x00000026   Data   RW          310    .data               main.o
    0x2000002c   0x0000405c   0x00000002   Data   RW          389    .data               wifi_comm.o
    0x2000002e   0x0000405e   0x00000002   PAD
    0x20000030   0x00004060   0x00000009   Data   RW         3120    .data               cw32l011_systick.o
    0x20000039   0x00004069   0x00000003   PAD
    0x2000003c        -       0x00000380   Zero   RW          308    .bss                main.o
    0x200003bc        -       0x00000060   Zero   RW         3898    .bss                c_p.l(libspace.o)
    0x2000041c   0x00004069   0x00000004   PAD
    0x20000420        -       0x00000200   Zero   RW            2    HEAP                startup_cw32l011.o
    0x20000620        -       0x00000200   Zero   RW            1    STACK               startup_cw32l011.o


==============================================================================

Image component sizes


      Code (inc. data)   RO Data    RW Data    ZI Data      Debug   Object Name

       930        188          0          0          0       3546   cw32l011_adc.o
       748        230          0          0          0       3877   cw32l011_btim.o
       270         10          0          0          0       2015   cw32l011_gpio.o
      1004        168          0          0          0       4437   cw32l011_rtc.o
         4          0          0          0          0        432   cw32l011_startkit_board.o
       804        214          0          0          0       2978   cw32l011_sysctrl.o
        24          8          0          9          0       1625   cw32l011_systick.o
      1552        326          0          0          0       5328   cw32l011_uart.o
       300         50          0          1          0      56251   interrupts_cw32l011.o
      1144        164         77         38        896      24742   main.o
       520        304         65          0          0       2167   mqtt_client.o
      1114         98          0          0          0      15753   my_init.o
        56         26        192          0       1024        604   startup_cw32l011.o
        76         18          0          4          0     118627   system_cw32l011.o
      1240        294          0          2          0       5623   wifi_comm.o

    ----------------------------------------------------------------------
      9806       2098        372         60       1920     248005   Object Totals
         0          0         32          0          0          0   (incl. Generated)
        20          0          6          6          0          0   (incl. Padding)

    ----------------------------------------------------------------------

      Code (inc. data)   RO Data    RW Data    ZI Data      Debug   Library Member Name

        64         10          0          0          0         84   __0sscanf.o
         8          0          0          0          0         68   __main.o
       312          6         17          0          0         76   __printf_flags_wp.o
        14          0          0          0          0         60   __printf_wp.o
         0          0          0          0          0          0   __rtentry.o
        12          0          0          0          0          0   __rtentry2.o
         6          0          0          0          0          0   __rtentry4.o
        60          8          0          0          0          0   __scatter.o
        26          0          0          0          0          0   __scatter_copy.o
        28          0          0          0          0          0   __scatter_zi.o
        30          0          0          0          0         60   _chval.o
        46          0          0          0          0        100   _printf_char.o
        48          6          0          0          0         88   _printf_char_common.o
        10          0          0          0          0          0   _printf_d.o
       108         18          0          0          0         76   _printf_dec.o
       176          0          0          0          0         84   _printf_intcommon.o
        78          0          0          0          0        100   _printf_pad.o
         2          0          0          0          0          0   _printf_percent.o
         4          0          0          0          0          0   _printf_percent_end.o
        10          0          0          0          0          0   _printf_s.o
        82          0          0          0          0         72   _printf_str.o
        10          0          0          0          0          0   _printf_u.o
       896         16          0          0          0         84   _scanf.o
       330          0          0          0          0         84   _scanf_int.o
       232          0          0          0          0         84   _scanf_str.o
        68          0          0          0          0         76   _sgetc.o
        10          0          0          0          0         60   _sputc.o
       346          0          0          0          0         92   aeabi_sdiv.o
        16          0          0          0          0         68   exit.o
         6          0          0          0          0        136   heapauxi.o
        18          0          0          0          0         68   isspace.o
        44         10        272          0          0         76   lc_ctype_c.o
         2          0          0          0          0          0   libinit.o
        20          0          0          0          0          0   libinit2.o
         2          0          0          0          0          0   libshutdown.o
         2          0          0          0          0          0   libshutdown2.o
         8          4          0          0         96         68   libspace.o
        40          4          0          0          0         84   noretval__2sprintf.o
        16          4          0          0          0         76   rt_ctype_table.o
         8          4          0          0          0         68   rt_locale_intlibspace.o
        64          0          0          0          0        108   rt_memclr.o
         2          0          0          0          0          0   rtexit.o
        10          0          0          0          0          0   rtexit2.o
        40          0          0          0          0         60   rtudiv10.o
        48          8          0          0          0         84   scanf_char.o
       136          4          0          0          0         72   strcmp.o
        68          6          0          0          0         72   strlen.o
       160          6          0          0          0         76   strncmp.o
        40          0          0          0          0         72   strstr.o
        62          0          0          0          0         80   sys_stackheap_outer.o
         2          0          0          0          0         68   use_no_semi.o
         2          0          0          0          0         68   use_no_semi_2.o
       856         20          0          0          0        208   daddsub.o
        72          4          0          0          0         68   dfixui.o
        84          4          0          0          0         60   f2d.o
       372          8          0          0          0        240   faddsub.o
       352         10         64          0          0         92   fdiv.o
        48          0          0          0          0         60   ffixui.o
        94          0          0          0          0         92   fflti.o
       176          4          0          0          0         80   fmul.o
         0          0          0          0          0          0   usenofp.o

    ----------------------------------------------------------------------
      5898        164        356          0        100       3652   Library Totals
        12          0          3          0          4          0   (incl. Padding)

    ----------------------------------------------------------------------

      Code (inc. data)   RO Data    RW Data    ZI Data      Debug   Library Name

      3832        114        289          0         96       2752   c_p.l
      2054         50         64          0          0        900   fz_ps.l

    ----------------------------------------------------------------------
      5898        164        356          0        100       3652   Library Totals

    ----------------------------------------------------------------------

==============================================================================


      Code (inc. data)   RO Data    RW Data    ZI Data      Debug   

     15704       2262        728         60       2020     245553   Grand Totals
     15704       2262        728         60       2020     245553   ELF Image Totals
     15704       2262        728         60          0          0   ROM Totals

==============================================================================

    Total RO  Size (Code + RO Data)                16432 (  16.05kB)
    Total RW  Size (RW Data + ZI Data)              2080 (   2.03kB)
    Total ROM Size (Code + RO Data + RW Data)      16492 (  16.11kB)

==============================================================================

