Component: ARM Compiler 5.06 update 5 (build 528) Tool: armlink [4d35e2]

==============================================================================

Section Cross References

    startup_cw32l011.o(STACK) refers (Special) to heapauxi.o(.text) for __use_two_region_memory
    startup_cw32l011.o(HEAP) refers (Special) to heapauxi.o(.text) for __use_two_region_memory
    startup_cw32l011.o(RESET) refers (Special) to heapauxi.o(.text) for __use_two_region_memory
    startup_cw32l011.o(RESET) refers to startup_cw32l011.o(STACK) for __initial_sp
    startup_cw32l011.o(RESET) refers to startup_cw32l011.o(.text) for Reset_Handler
    startup_cw32l011.o(RESET) refers to interrupts_cw32l011.o(i.NMI_Handler) for NMI_Handler
    startup_cw32l011.o(RESET) refers to interrupts_cw32l011.o(i.HardFault_Handler) for HardFault_Handler
    startup_cw32l011.o(RESET) refers to interrupts_cw32l011.o(i.SVC_Handler) for SVC_Handler
    startup_cw32l011.o(RESET) refers to interrupts_cw32l011.o(i.PendSV_Handler) for PendSV_Handler
    startup_cw32l011.o(RESET) refers to cw32l011_systick.o(i.SysTick_Handler) for SysTick_Handler
    startup_cw32l011.o(RESET) refers to interrupts_cw32l011.o(i.WDT_IRQHandler) for WDT_IRQHandler
    startup_cw32l011.o(RESET) refers to interrupts_cw32l011.o(i.LVD_IRQHandler) for LVD_IRQHandler
    startup_cw32l011.o(RESET) refers to interrupts_cw32l011.o(i.RTC_IRQHandler) for RTC_IRQHandler
    startup_cw32l011.o(RESET) refers to interrupts_cw32l011.o(i.FLASHRAM_IRQHandler) for FLASHRAM_IRQHandler
    startup_cw32l011.o(RESET) refers to interrupts_cw32l011.o(i.SYSCTRL_IRQHandler) for SYSCTRL_IRQHandler
    startup_cw32l011.o(RESET) refers to interrupts_cw32l011.o(i.GPIOA_IRQHandler) for GPIOA_IRQHandler
    startup_cw32l011.o(RESET) refers to interrupts_cw32l011.o(i.GPIOB_IRQHandler) for GPIOB_IRQHandler
    startup_cw32l011.o(RESET) refers to interrupts_cw32l011.o(i.GPIOC_IRQHandler) for GPIOC_IRQHandler
    startup_cw32l011.o(RESET) refers to interrupts_cw32l011.o(i.ADC_IRQHandler) for ADC_IRQHandler
    startup_cw32l011.o(RESET) refers to interrupts_cw32l011.o(i.ATIM_IRQHandler) for ATIM_IRQHandler
    startup_cw32l011.o(RESET) refers to interrupts_cw32l011.o(i.VC1_IRQHandler) for VC1_IRQHandler
    startup_cw32l011.o(RESET) refers to interrupts_cw32l011.o(i.VC2_IRQHandler) for VC2_IRQHandler
    startup_cw32l011.o(RESET) refers to interrupts_cw32l011.o(i.GTIM1_IRQHandler) for GTIM1_IRQHandler
    startup_cw32l011.o(RESET) refers to interrupts_cw32l011.o(i.GTIM2_IRQHandler) for GTIM2_IRQHandler
    startup_cw32l011.o(RESET) refers to interrupts_cw32l011.o(i.LPTIM_IRQHandler) for LPTIM_IRQHandler
    startup_cw32l011.o(RESET) refers to interrupts_cw32l011.o(i.BTIM1_IRQHandler) for BTIM1_IRQHandler
    startup_cw32l011.o(RESET) refers to interrupts_cw32l011.o(i.BTIM2_IRQHandler) for BTIM2_IRQHandler
    startup_cw32l011.o(RESET) refers to interrupts_cw32l011.o(i.BTIM3_IRQHandler) for BTIM3_IRQHandler
    startup_cw32l011.o(RESET) refers to interrupts_cw32l011.o(i.I2C_IRQHandler) for I2C_IRQHandler
    startup_cw32l011.o(RESET) refers to interrupts_cw32l011.o(i.SPI1_IRQHandler) for SPI1_IRQHandler
    startup_cw32l011.o(RESET) refers to interrupts_cw32l011.o(i.UART1_IRQHandler) for UART1_IRQHandler
    startup_cw32l011.o(RESET) refers to interrupts_cw32l011.o(i.UART2_IRQHandler) for UART2_IRQHandler
    startup_cw32l011.o(RESET) refers to interrupts_cw32l011.o(i.UART3_IRQHandler) for UART3_IRQHandler
    startup_cw32l011.o(RESET) refers to interrupts_cw32l011.o(i.CLKFAULT_IRQHandler) for CLKFAULT_IRQHandler
    startup_cw32l011.o(.text) refers (Special) to heapauxi.o(.text) for __use_two_region_memory
    startup_cw32l011.o(.text) refers to system_cw32l011.o(i.SystemInit) for SystemInit
    startup_cw32l011.o(.text) refers to __main.o(!!!main) for __main
    startup_cw32l011.o(.text) refers to startup_cw32l011.o(HEAP) for Heap_Mem
    startup_cw32l011.o(.text) refers to startup_cw32l011.o(STACK) for Stack_Mem
    system_cw32l011.o(i.SystemCoreClockUpdate) refers to system_cw32l011.o(.data) for SystemCoreClock
    system_cw32l011.o(i.SystemInit) refers to system_cw32l011.o(i.SystemCoreClockUpdate) for SystemCoreClockUpdate
    interrupts_cw32l011.o(i.GPIOB_IRQHandler) refers to interrupts_cw32l011.o(.data) for Status_Flag
    interrupts_cw32l011.o(i.UART3_IRQHandler) refers to cw32l011_uart.o(i.UART_GetITStatus) for UART_GetITStatus
    interrupts_cw32l011.o(i.UART3_IRQHandler) refers to cw32l011_uart.o(i.UART_ClearITPendingBit) for UART_ClearITPendingBit
    interrupts_cw32l011.o(i.UART3_IRQHandler) refers to cw32l011_uart.o(i.UART_ReceiveData_8bit) for UART_ReceiveData_8bit
    interrupts_cw32l011.o(i.UART3_IRQHandler) refers to main.o(.data) for wifi_rx_index
    interrupts_cw32l011.o(i.UART3_IRQHandler) refers to main.o(.bss) for wifi_rx_buffer
    main.o(i.ADC_Read) refers to cw32l011_gpio.o(i.GPIO_WritePin) for GPIO_WritePin
[...]
    Removing cw32l011_vc.o(i.VC2_BlankCfg), (372 bytes).
    Removing cw32l011_vc.o(i.VC2_ChannelDeInit), (24 bytes).
    Removing cw32l011_vc.o(i.VC2_ChannelInit), (408 bytes).
    Removing cw32l011_vc.o(i.VC2_ClearIrq), (20 bytes).
    Removing cw32l011_vc.o(i.VC2_DisableChannel), (20 bytes).
    Removing cw32l011_vc.o(i.VC2_DisableIrq), (28 bytes).
    Removing cw32l011_vc.o(i.VC2_EnableChannel), (28 bytes).
    Removing cw32l011_vc.o(i.VC2_EnableIrq), (32 bytes).
    Removing cw32l011_vc.o(i.VC2_GetEnableStatus), (16 bytes).
    Removing cw32l011_vc.o(i.VC2_ITConfig), (120 bytes).
    Removing cw32l011_vc.o(i.VC2_PolarityCfg), (36 bytes).
    Removing cw32l011_vc.o(i.VC2_WindowEnable), (36 bytes).
    Removing cw32l011_vc.o(i.VC_DeInit), (48 bytes).
    Removing cw32l011_vc.o(i.VC_DisableNvic), (44 bytes).
    Removing cw32l011_vc.o(i.VC_EnableNvic), (60 bytes).
    Removing cw32l011_vc.o(i.__NVIC_ClearPendingIRQ), (24 bytes).
    Removing cw32l011_vc.o(i.__NVIC_SetPriority), (120 bytes).
    Removing i2c_eeprom.o(.rev16_text), (4 bytes).
    Removing i2c_eeprom.o(.revsh_text), (4 bytes).
    Removing i2c_eeprom.o(i.I2C_eepromHandleIRQ), (372 bytes).
    Removing i2c_eeprom.o(i.I2C_eepromReadBytes), (48 bytes).
    Removing i2c_eeprom.o(i.I2C_eepromReadBytesInt), (76 bytes).
    Removing i2c_eeprom.o(i.I2C_eepromWaitReady), (32 bytes).
    Removing i2c_eeprom.o(i.I2C_eepromWriteBytes), (132 bytes).
    Removing i2c_eeprom.o(i.I2C_eepromWriteBytesInt), (76 bytes).
    Removing i2c_eeprom.o(.bss), (16 bytes).
    Removing i2c_eeprom.o(.data), (3 bytes).
    Removing cw32l011_startkit_board.o(.rev16_text), (4 bytes).
    Removing cw32l011_startkit_board.o(.revsh_text), (4 bytes).
    Removing cw32l011_startkit_board.o(i.Bsp_Init), (56 bytes).
    Removing cw32l011_startkit_board.o(i.Bsp_Key_Init), (26 bytes).
    Removing cw32l011_startkit_board.o(i.Bsp_Led_Init), (28 bytes).
    Removing cw32l011_startkit_board.o(i.Bsp_Led_Off), (14 bytes).
    Removing cw32l011_startkit_board.o(i.Bsp_Led_On), (14 bytes).
    Removing cw32l011_startkit_board.o(i.Bsp_Led_Tog), (14 bytes).
    Removing cw32l011_startkit_board.o(i.Bsp_Read_Key), (34 bytes).
    Removing cw32l011_startkit_board.o(i.Bsp_Uart_Closed), (88 bytes).
    Removing cw32l011_startkit_board.o(i.Bsp_Uart_Init), (192 bytes).
    Removing cw32l011_startkit_board.o(i.UART_SendChar), (28 bytes).
    Removing cw32l011_startkit_board.o(i.__io_putchar), (14 bytes).
    Removing cw32l011_startkit_board.o(i._ttywrch), (4 bytes).
    Removing cw32l011_startkit_board.o(.data), (36 bytes).
    Removing cw32l011_atim.o(i.__ARM_common_switch8), (28 bytes).
    Removing cw32l011_iwdt.o(i.IWDT_Cmd), (16 bytes).
    Removing cw32l011_iwdt.o(i.IWDT_Refresh), (16 bytes).
    Removing cw32l011_iwdt.o(i.IWDT_Unlock), (16 bytes).
    Removing cw32l011_iwdt.o(i.IWDT_Lock), (16 bytes).
    Removing cw32l011_iwdt.o(i.IWDT_Stop), (28 bytes).
    Removing cw32l011_iwdt.o(i.IWDT_ClearOVFlag), (20 bytes).

472 unused section(s) (total 39181 bytes) removed from the image.

==============================================================================

Image Symbol Table

    Local Symbols

    Symbol Name                              Value     Ov Type        Size  Object(Section)

    RESET                                    0x00000000   Section      192  startup_cw32l011.o(RESET)
    ../clib/angel/boardlib.s                 0x00000000   Number         0  boardinit2.o ABSOLUTE
    ../clib/angel/boardlib.s                 0x00000000   Number         0  boardinit1.o ABSOLUTE
    ../clib/angel/boardlib.s                 0x00000000   Number         0  boardshut.o ABSOLUTE
    ../clib/angel/boardlib.s                 0x00000000   Number         0  boardinit3.o ABSOLUTE
    ../clib/angel/handlers.s                 0x00000000   Number         0  __scatter_copy.o ABSOLUTE
    ../clib/angel/handlers.s                 0x00000000   Number         0  __scatter_zi.o ABSOLUTE
    ../clib/angel/kernel.s                   0x00000000   Number         0  __rtentry.o ABSOLUTE
    ../clib/angel/kernel.s                   0x00000000   Number         0  rtexit.o ABSOLUTE
    ../clib/angel/kernel.s                   0x00000000   Number         0  __rtentry4.o ABSOLUTE
    ../clib/angel/kernel.s                   0x00000000   Number         0  rtexit2.o ABSOLUTE
    ../clib/angel/kernel.s                   0x00000000   Number         0  __rtentry2.o ABSOLUTE
    ../clib/angel/rt.s                       0x00000000   Number         0  aeabi_idiv0_sigfpe.o ABSOLUTE
    ../clib/angel/rt.s                       0x00000000   Number         0  rt_raise.o ABSOLUTE
    ../clib/angel/rt.s                       0x00000000   Number         0  aeabi_ldiv0_sigfpe.o ABSOLUTE
    ../clib/angel/rt.s                       0x00000000   Number         0  aeabi_ldiv0.o ABSOLUTE
    ../clib/angel/rt.s                       0x00000000   Number         0  rt_div0.o ABSOLUTE
    ../clib/angel/rt.s                       0x00000000   Number         0  aeabi_idiv0.o ABSOLUTE
    ../clib/angel/scatterp.s                 0x00000000   Number         0  __scatter.o ABSOLUTE
    ../clib/angel/startup.s                  0x00000000   Number         0  __main.o ABSOLUTE
    ../clib/angel/sys.s                      0x00000000   Number         0  use_no_semi.o ABSOLUTE
    ../clib/angel/sys.s                      0x00000000   Number         0  indicate_semi.o ABSOLUTE
    ../clib/angel/sys.s                      0x00000000   Number         0  use_no_semi_2.o ABSOLUTE
    ../clib/angel/sys.s                      0x00000000   Number         0  sys_stackheap_outer.o ABSOLUTE
    ../clib/angel/sys.s                      0x00000000   Number         0  tempstk.o ABSOLUTE
    ../clib/angel/sys.s                      0x00000000   Number         0  libspace.o ABSOLUTE
    ../clib/angel/sysapp.c                   0x00000000   Number         0  sys_command.o ABSOLUTE
    ../clib/armsys.c                         0x00000000   Number         0  argv_veneer.o ABSOLUTE
    ../clib/armsys.c                         0x00000000   Number         0  _get_argv_nomalloc.o ABSOLUTE
    ../clib/armsys.c                         0x00000000   Number         0  no_argv.o ABSOLUTE
    ../clib/division.c                       0x00000000   Number         0  rtudiv10.o ABSOLUTE
    ../clib/division.c                       0x00000000   Number         0  llsdiv.o ABSOLUTE
    ../clib/division.c                       0x00000000   Number         0  lludiv.o ABSOLUTE
    ../clib/division.s                       0x00000000   Number         0  aeabi_sdiv.o ABSOLUTE
    ../clib/division.s                       0x00000000   Number         0  aeabi_sdiv_div0.o ABSOLUTE
    ../clib/heapalloc.c                      0x00000000   Number         0  hrguard.o ABSOLUTE
    ../clib/heapaux.c                        0x00000000   Number         0  heapauxi.o ABSOLUTE
    ../clib/libinit.s                        0x00000000   Number         0  libshutdown2.o ABSOLUTE
    ../clib/libinit.s                        0x00000000   Number         0  libinit2.o ABSOLUTE
    ../clib/libinit.s                        0x00000000   Number         0  libshutdown.o ABSOLUTE
    ../clib/libinit.s                        0x00000000   Number         0  libinit.o ABSOLUTE
    ../clib/memcpset.c                       0x00000000   Number         0  rt_memclr.o ABSOLUTE
    ../clib/printf.c                         0x00000000   Number         0  noretval__2sprintf.o ABSOLUTE
    ../clib/printf.c                         0x00000000   Number         0  __printf_ss.o ABSOLUTE
    ../clib/printf.c                         0x00000000   Number         0  _sputc.o ABSOLUTE
    ../clib/printf.c                         0x00000000   Number         0  __printf_flags_ss.o ABSOLUTE
    ../clib/printf.c                         0x00000000   Number         0  __printf_flags_wp.o ABSOLUTE
    ../clib/printf.c                         0x00000000   Number         0  __printf_nopercent.o ABSOLUTE
    ../clib/printf.c                         0x00000000   Number         0  _printf_intcommon.o ABSOLUTE
    ../clib/printf.c                         0x00000000   Number         0  __2sprintf.o ABSOLUTE
    ../clib/printf.c                         0x00000000   Number         0  _printf_char.o ABSOLUTE
    ../clib/printf.c                         0x00000000   Number         0  _printf_char_common.o ABSOLUTE
    ../clib/printf.c                         0x00000000   Number         0  _printf_str.o ABSOLUTE
    ../clib/printf.c                         0x00000000   Number         0  _printf_dec.o ABSOLUTE
    ../clib/printf.c                         0x00000000   Number         0  __printf_wp.o ABSOLUTE
    ../clib/printf.c                         0x00000000   Number         0  __printf.o ABSOLUTE
    ../clib/printf.c                         0x00000000   Number         0  __printf_flags.o ABSOLUTE
    ../clib/printf.c                         0x00000000   Number         0  __printf_flags_ss_wp.o ABSOLUTE
    ../clib/printf.c                         0x00000000   Number         0  __printf_ss_wp.o ABSOLUTE
    ../clib/printf_percent.s                 0x00000000   Number         0  _printf_percent_end.o ABSOLUTE
    ../clib/printf_percent.s                 0x00000000   Number         0  _printf_d.o ABSOLUTE
    ../clib/printf_percent.s                 0x00000000   Number         0  _printf_s.o ABSOLUTE
    ../clib/printf_percent.s                 0x00000000   Number         0  _printf_percent.o ABSOLUTE
    ../clib/signal.c                         0x00000000   Number         0  defsig_fpe_formal.o ABSOLUTE
    ../clib/signal.c                         0x00000000   Number         0  defsig_fpe_outer.o ABSOLUTE
    ../clib/signal.c                         0x00000000   Number         0  defsig_segv_inner.o ABSOLUTE
    ../clib/signal.c                         0x00000000   Number         0  defsig_other.o ABSOLUTE
    ../clib/signal.c                         0x00000000   Number         0  defsig_pvfn_inner.o ABSOLUTE
    ../clib/signal.c                         0x00000000   Number         0  defsig_cppl_inner.o ABSOLUTE
    ../clib/signal.c                         0x00000000   Number         0  defsig_general.o ABSOLUTE
    ../clib/signal.c                         0x00000000   Number         0  defsig_rtred_inner.o ABSOLUTE
    ../clib/signal.c                         0x00000000   Number         0  defsig_fpe_inner.o ABSOLUTE
    ../clib/signal.c                         0x00000000   Number         0  defsig_exit.o ABSOLUTE
    ../clib/signal.c                         0x00000000   Number         0  defsig_rtmem_inner.o ABSOLUTE
    ../clib/signal.c                         0x00000000   Number         0  defsig_abrt_inner.o ABSOLUTE
    ../clib/signal.c                         0x00000000   Number         0  __raise.o ABSOLUTE
    ../clib/signal.c                         0x00000000   Number         0  defsig_rtmem_outer.o ABSOLUTE
    ../clib/signal.c                         0x00000000   Number         0  defsig_rtmem_formal.o ABSOLUTE
    ../clib/signal.c                         0x00000000   Number         0  defsig_stak_inner.o ABSOLUTE
    ../clib/signal.s                         0x00000000   Number         0  defsig.o ABSOLUTE
    ../clib/stdlib.c                         0x00000000   Number         0  exit.o ABSOLUTE
    ../clib/string.c                         0x00000000   Number         0  strlen.o ABSOLUTE
    ../clib/string.c                         0x00000000   Number         0  strncmp.o ABSOLUTE
    ../fplib/cfplib/d2f.c                    0x00000000   Number         0  d2f.o ABSOLUTE
    ../fplib/cfplib/daddsub.c                0x00000000   Number         0  daddsub.o ABSOLUTE
    ../fplib/cfplib/dmul.c                   0x00000000   Number         0  dmul.o ABSOLUTE
    ../fplib/cfplib/f2d.c                    0x00000000   Number         0  f2d.o ABSOLUTE
    ../fplib/cfplib/fdiv.c                   0x00000000   Number         0  fdiv.o ABSOLUTE
    ../fplib/cfplib/ffix.c                   0x00000000   Number         0  ffixui.o ABSOLUTE
    ../fplib/cfplib/ffix.c                   0x00000000   Number         0  dfixui.o ABSOLUTE
    ../fplib/cfplib/fflt.c                   0x00000000   Number         0  fflti.o ABSOLUTE
    ../fplib/cfplib/fflt.c                   0x00000000   Number         0  dflti.o ABSOLUTE
    ../fplib/cfplib/fpinit.c                 0x00000000   Number         0  fpinit.o ABSOLUTE
    ../fplib/faddsub6m.s                     0x00000000   Number         0  faddsub.o ABSOLUTE
    ../fplib/fmul6m.s                        0x00000000   Number         0  fmul.o ABSOLUTE
    ../fplib/usenofp.s                       0x00000000   Number         0  usenofp.o ABSOLUTE
    Libraries\\src\\cw32l011_adc.c           0x00000000   Number         0  cw32l011_adc.o ABSOLUTE
    Libraries\\src\\cw32l011_atim.c          0x00000000   Number         0  cw32l011_atim.o ABSOLUTE
    Libraries\\src\\cw32l011_btim.c          0x00000000   Number         0  cw32l011_btim.o ABSOLUTE
    Libraries\\src\\cw32l011_crc.c           0x00000000   Number         0  cw32l011_crc.o ABSOLUTE
    Libraries\\src\\cw32l011_debug.c         0x00000000   Number         0  cw32l011_debug.o ABSOLUTE
    Libraries\\src\\cw32l011_digitalsign.c   0x00000000   Number         0  cw32l011_digitalsign.o ABSOLUTE
    Libraries\\src\\cw32l011_flash.c         0x00000000   Number         0  cw32l011_flash.o ABSOLUTE
    Libraries\\src\\cw32l011_gpio.c          0x00000000   Number         0  cw32l011_gpio.o ABSOLUTE
    Libraries\\src\\cw32l011_gtim.c          0x00000000   Number         0  cw32l011_gtim.o ABSOLUTE
    Libraries\\src\\cw32l011_i2c.c           0x00000000   Number         0  cw32l011_i2c.o ABSOLUTE
    Libraries\\src\\cw32l011_iwdt.c          0x00000000   Number         0  cw32l011_iwdt.o ABSOLUTE
    Libraries\\src\\cw32l011_lptim.c         0x00000000   Number         0  cw32l011_lptim.o ABSOLUTE
    Libraries\\src\\cw32l011_lvd.c           0x00000000   Number         0  cw32l011_lvd.o ABSOLUTE
    Libraries\\src\\cw32l011_pwr.c           0x00000000   Number         0  cw32l011_pwr.o ABSOLUTE
    Libraries\\src\\cw32l011_ram.c           0x00000000   Number         0  cw32l011_ram.o ABSOLUTE
    Libraries\\src\\cw32l011_rtc.c           0x00000000   Number         0  cw32l011_rtc.o ABSOLUTE
    Libraries\\src\\cw32l011_spi.c           0x00000000   Number         0  cw32l011_spi.o ABSOLUTE
    Libraries\\src\\cw32l011_sysctrl.c       0x00000000   Number         0  cw32l011_sysctrl.o ABSOLUTE
    Libraries\\src\\cw32l011_systick.c       0x00000000   Number         0  cw32l011_systick.o ABSOLUTE
    Libraries\\src\\cw32l011_uart.c          0x00000000   Number         0  cw32l011_uart.o ABSOLUTE
    Libraries\\src\\cw32l011_vc.c            0x00000000   Number         0  cw32l011_vc.o ABSOLUTE
    Libraries\\src\\i2c_eeprom.c             0x00000000   Number         0  i2c_eeprom.o ABSOLUTE
    Libraries\src\cw32l011_adc.c             0x00000000   Number         0  cw32l011_adc.o ABSOLUTE
    Libraries\src\cw32l011_atim.c            0x00000000   Number         0  cw32l011_atim.o ABSOLUTE
    Libraries\src\cw32l011_btim.c            0x00000000   Number         0  cw32l011_btim.o ABSOLUTE
    Libraries\src\cw32l011_crc.c             0x00000000   Number         0  cw32l011_crc.o ABSOLUTE
    Libraries\src\cw32l011_debug.c           0x00000000   Number         0  cw32l011_debug.o ABSOLUTE
    Libraries\src\cw32l011_digitalsign.c     0x00000000   Number         0  cw32l011_digitalsign.o ABSOLUTE
    Libraries\src\cw32l011_flash.c           0x00000000   Number         0  cw32l011_flash.o ABSOLUTE
    Libraries\src\cw32l011_gpio.c            0x00000000   Number         0  cw32l011_gpio.o ABSOLUTE
    Libraries\src\cw32l011_gtim.c            0x00000000   Number         0  cw32l011_gtim.o ABSOLUTE
    Libraries\src\cw32l011_i2c.c             0x00000000   Number         0  cw32l011_i2c.o ABSOLUTE
    Libraries\src\cw32l011_iwdt.c            0x00000000   Number         0  cw32l011_iwdt.o ABSOLUTE
    Libraries\src\cw32l011_lptim.c           0x00000000   Number         0  cw32l011_lptim.o ABSOLUTE
    Libraries\src\cw32l011_lvd.c             0x00000000   Number         0  cw32l011_lvd.o ABSOLUTE
    Libraries\src\cw32l011_pwr.c             0x00000000   Number         0  cw32l011_pwr.o ABSOLUTE
    Libraries\src\cw32l011_ram.c             0x00000000   Number         0  cw32l011_ram.o ABSOLUTE
    Libraries\src\cw32l011_rtc.c             0x00000000   Number         0  cw32l011_rtc.o ABSOLUTE
    Libraries\src\cw32l011_spi.c             0x00000000   Number         0  cw32l011_spi.o ABSOLUTE
    Libraries\src\cw32l011_sysctrl.c         0x00000000   Number         0  cw32l011_sysctrl.o ABSOLUTE
    Libraries\src\cw32l011_systick.c         0x00000000   Number         0  cw32l011_systick.o ABSOLUTE
    Libraries\src\cw32l011_uart.c            0x00000000   Number         0  cw32l011_uart.o ABSOLUTE
    Libraries\src\cw32l011_vc.c              0x00000000   Number         0  cw32l011_vc.o ABSOLUTE
    Libraries\src\i2c_eeprom.c               0x00000000   Number         0  i2c_eeprom.o ABSOLUTE
    StartKit_Board\\cw32l011_startkit_board.c 0x00000000   Number         0  cw32l011_startkit_board.o ABSOLUTE
    StartKit_Board\cw32l011_startkit_board.c 0x00000000   Number         0  cw32l011_startkit_board.o ABSOLUTE
    Startup\\system_cw32l011.c               0x00000000   Number         0  system_cw32l011.o ABSOLUTE
    Startup\startup_cw32l011.s               0x00000000   Number         0  startup_cw32l011.o ABSOLUTE
    Startup\system_cw32l011.c                0x00000000   Number         0  system_cw32l011.o ABSOLUTE
    USER\\src\\interrupts_cw32l011.c         0x00000000   Number         0  interrupts_cw32l011.o ABSOLUTE
    USER\\src\\main.c                        0x00000000   Number         0  main.o ABSOLUTE
    USER\\src\\mqtt_client.c                 0x00000000   Number         0  mqtt_client.o ABSOLUTE
    USER\\src\\wifi_comm.c                   0x00000000   Number         0  wifi_comm.o ABSOLUTE
    USER\src\interrupts_cw32l011.c           0x00000000   Number         0  interrupts_cw32l011.o ABSOLUTE
    USER\src\main.c                          0x00000000   Number         0  main.o ABSOLUTE
    USER\src\mqtt_client.c                   0x00000000   Number         0  mqtt_client.o ABSOLUTE
    USER\src\wifi_comm.c                     0x00000000   Number         0  wifi_comm.o ABSOLUTE
    dc.s                                     0x00000000   Number         0  dc.o ABSOLUTE
    !!!main                                  0x000000c0   Section        8  __main.o(!!!main)
    !!!scatter                               0x000000c8   Section       60  __scatter.o(!!!scatter)
    !!handler_copy                           0x00000104   Section       26  __scatter_copy.o(!!handler_copy)
    !!handler_zi                             0x00000120   Section       28  __scatter_zi.o(!!handler_zi)
    .ARM.Collect$$_printf_percent$$00000000  0x0000013c   Section        2  _printf_percent.o(.ARM.Collect$$_printf_percent$$00000000)
    .ARM.Collect$$_printf_percent$$00000009  0x0000013e   Section       10  _printf_d.o(.ARM.Collect$$_printf_percent$$00000009)
    .ARM.Collect$$_printf_percent$$00000014  0x00000148   Section       10  _printf_s.o(.ARM.Collect$$_printf_percent$$00000014)
    .ARM.Collect$$_printf_percent$$00000017  0x00000152   Section        4  _printf_percent_end.o(.ARM.Collect$$_printf_percent$$00000017)
    .ARM.Collect$$libinit$$00000000          0x00000156   Section        2  libinit.o(.ARM.Collect$$libinit$$00000000)
    .ARM.Collect$$libinit$$00000002          0x00000158   Section        0  libinit2.o(.ARM.Collect$$libinit$$00000002)
    .ARM.Collect$$libinit$$00000004          0x00000158   Section        0  libinit2.o(.ARM.Collect$$libinit$$00000004)
    .ARM.Collect$$libinit$$0000000A          0x00000158   Section        0  libinit2.o(.ARM.Collect$$libinit$$0000000A)
    .ARM.Collect$$libinit$$0000000C          0x00000158   Section        0  libinit2.o(.ARM.Collect$$libinit$$0000000C)
    .ARM.Collect$$libinit$$0000000E          0x00000158   Section        0  libinit2.o(.ARM.Collect$$libinit$$0000000E)
    .ARM.Collect$$libinit$$00000011          0x00000158   Section        0  libinit2.o(.ARM.Collect$$libinit$$00000011)
    .ARM.Collect$$libinit$$00000013          0x00000158   Section        0  libinit2.o(.ARM.Collect$$libinit$$00000013)
    .ARM.Collect$$libinit$$00000015          0x00000158   Section        0  libinit2.o(.ARM.Collect$$libinit$$00000015)
    .ARM.Collect$$libinit$$00000017          0x00000158   Section        0  libinit2.o(.ARM.Collect$$libinit$$00000017)
    .ARM.Collect$$libinit$$00000019          0x00000158   Section        0  libinit2.o(.ARM.Collect$$libinit$$00000019)
    .ARM.Collect$$libinit$$0000001B          0x00000158   Section        0  libinit2.o(.ARM.Collect$$libinit$$0000001B)
    .ARM.Collect$$libinit$$0000001D          0x00000158   Section        0  libinit2.o(.ARM.Collect$$libinit$$0000001D)
    .ARM.Collect$$libinit$$0000001F          0x00000158   Section        0  libinit2.o(.ARM.Collect$$libinit$$0000001F)
    .ARM.Collect$$libinit$$00000021          0x00000158   Section        0  libinit2.o(.ARM.Collect$$libinit$$00000021)
    .ARM.Collect$$libinit$$00000023          0x00000158   Section        0  libinit2.o(.ARM.Collect$$libinit$$00000023)
    .ARM.Collect$$libinit$$00000025          0x00000158   Section        0  libinit2.o(.ARM.Collect$$libinit$$00000025)
    .ARM.Collect$$libinit$$0000002C          0x00000158   Section        0  libinit2.o(.ARM.Collect$$libinit$$0000002C)
    .ARM.Collect$$libinit$$0000002E          0x00000158   Section        0  libinit2.o(.ARM.Collect$$libinit$$0000002E)
    .ARM.Collect$$libinit$$00000030          0x00000158   Section        0  libinit2.o(.ARM.Collect$$libinit$$00000030)
    .ARM.Collect$$libinit$$00000032          0x00000158   Section        0  libinit2.o(.ARM.Collect$$libinit$$00000032)
    .ARM.Collect$$libinit$$00000033          0x00000158   Section        2  libinit2.o(.ARM.Collect$$libinit$$00000033)
    .ARM.Collect$$libshutdown$$00000000      0x0000015a   Section        2  libshutdown.o(.ARM.Collect$$libshutdown$$00000000)
    .ARM.Collect$$libshutdown$$00000002      0x0000015c   Section        0  libshutdown2.o(.ARM.Collect$$libshutdown$$00000002)
    .ARM.Collect$$libshutdown$$00000004      0x0000015c   Section        0  libshutdown2.o(.ARM.Collect$$libshutdown$$00000004)
    .ARM.Collect$$libshutdown$$00000007      0x0000015c   Section        0  libshutdown2.o(.ARM.Collect$$libshutdown$$00000007)
    .ARM.Collect$$libshutdown$$0000000A      0x0000015c   Section        0  libshutdown2.o(.ARM.Collect$$libshutdown$$0000000A)
    .ARM.Collect$$libshutdown$$0000000C      0x0000015c   Section        0  libshutdown2.o(.ARM.Collect$$libshutdown$$0000000C)
    .ARM.Collect$$libshutdown$$0000000F      0x0000015c   Section        0  libshutdown2.o(.ARM.Collect$$libshutdown$$0000000F)
    .ARM.Collect$$libshutdown$$00000010      0x0000015c   Section        2  libshutdown2.o(.ARM.Collect$$libshutdown$$00000010)
    .ARM.Collect$$rtentry$$00000000          0x0000015e   Section        0  __rtentry.o(.ARM.Collect$$rtentry$$00000000)
    .ARM.Collect$$rtentry$$00000002          0x0000015e   Section        0  __rtentry2.o(.ARM.Collect$$rtentry$$00000002)
    .ARM.Collect$$rtentry$$00000004          0x0000015e   Section        6  __rtentry4.o(.ARM.Collect$$rtentry$$00000004)
    .ARM.Collect$$rtentry$$00000009          0x00000164   Section        0  __rtentry2.o(.ARM.Collect$$rtentry$$00000009)
    .ARM.Collect$$rtentry$$0000000A          0x00000164   Section        4  __rtentry2.o(.ARM.Collect$$rtentry$$0000000A)
    .ARM.Collect$$rtentry$$0000000C          0x00000168   Section        0  __rtentry2.o(.ARM.Collect$$rtentry$$0000000C)
    .ARM.Collect$$rtentry$$0000000D          0x00000168   Section        8  __rtentry2.o(.ARM.Collect$$rtentry$$0000000D)
    .ARM.Collect$$rtexit$$00000000           0x00000170   Section        2  rtexit.o(.ARM.Collect$$rtexit$$00000000)
    .ARM.Collect$$rtexit$$00000002           0x00000172   Section        0  rtexit2.o(.ARM.Collect$$rtexit$$00000002)
    .ARM.Collect$$rtexit$$00000003           0x00000172   Section        4  rtexit2.o(.ARM.Collect$$rtexit$$00000003)
    .ARM.Collect$$rtexit$$00000004           0x00000176   Section        6  rtexit2.o(.ARM.Collect$$rtexit$$00000004)
    .text                                    0x0000017c   Section       56  startup_cw32l011.o(.text)
    .text                                    0x000001b4   Section        2  use_no_semi_2.o(.text)
    .text                                    0x000001b8   Section        0  noretval__2sprintf.o(.text)
    .text                                    0x000001e0   Section        0  __printf.o(.text)
    .text                                    0x0000024c   Section        0  _printf_str.o(.text)
    .text                                    0x000002a0   Section        0  _printf_dec.o(.text)
    .text                                    0x0000030c   Section        0  strlen.o(.text)
    .text                                    0x00000350   Section        0  strncmp.o(.text)
    .text                                    0x000003f0   Section        0  rt_memclr.o(.text)
    .text                                    0x00000430   Section      346  aeabi_sdiv.o(.text)
    .text                                    0x0000058a   Section        0  heapauxi.o(.text)
    .text                                    0x00000590   Section        0  daddsub.o(.text)
    _dadd1                                   0x00000591   Thumb Code   290  daddsub.o(.text)
    _dsub1                                   0x000006b3   Thumb Code   470  daddsub.o(.text)
    .text                                    0x000008e8   Section        0  dfixui.o(.text)
    .text                                    0x00000930   Section        0  f2d.o(.text)
    .text                                    0x00000984   Section        0  fdiv.o(.text)
    .text                                    0x00000ae4   Section        0  ffixui.o(.text)
    .text                                    0x00000b14   Section        0  fflti.o(.text)
    .text                                    0x00000b72   Section        2  use_no_semi.o(.text)
    .text                                    0x00000b74   Section        0  _printf_intcommon.o(.text)
    .text                                    0x00000c24   Section        0  _printf_char_common.o(.text)
    _printf_input_char                       0x00000c25   Thumb Code    10  _printf_char_common.o(.text)
    .text                                    0x00000c54   Section        0  _sputc.o(.text)
    .text                                    0x00000c5e   Section        0  _printf_char.o(.text)
    .text                                    0x00000c8c   Section        0  rtudiv10.o(.text)
    .text                                    0x00000cb4   Section       62  sys_stackheap_outer.o(.text)
    .text                                    0x00000cf2   Section        0  exit.o(.text)
    .text                                    0x00000d04   Section        8  libspace.o(.text)
    i.ADC_ClearITPendingBit                  0x00000d0c   Section        0  cw32l011_adc.o(i.ADC_ClearITPendingBit)
    i.ADC_Enable                             0x00000d5c   Section        0  cw32l011_adc.o(i.ADC_Enable)
    i.ADC_GetConversionValue                 0x00000d70   Section        0  cw32l011_adc.o(i.ADC_GetConversionValue)
    i.ADC_GetITStatus                        0x00000db4   Section        0  cw32l011_adc.o(i.ADC_GetITStatus)
    i.ADC_IRQHandler                         0x00000e08   Section        0  interrupts_cw32l011.o(i.ADC_IRQHandler)
    i.ADC_Init                               0x00000e0c   Section        0  cw32l011_adc.o(i.ADC_Init)
    i.ADC_Read                               0x00001054   Section        0  main.o(i.ADC_Read)
    i.ADC_SoftwareStartConvCmd               0x000010d0   Section        0  cw32l011_adc.o(i.ADC_SoftwareStartConvCmd)
    i.ATIM_IRQHandler                        0x00001130   Section        0  interrupts_cw32l011.o(i.ATIM_IRQHandler)
    i.BTIM1_IRQHandler                       0x00001132   Section        0  interrupts_cw32l011.o(i.BTIM1_IRQHandler)
    i.BTIM2_IRQHandler                       0x00001134   Section        0  interrupts_cw32l011.o(i.BTIM2_IRQHandler)
    i.BTIM3_IRQHandler                       0x00001136   Section        0  interrupts_cw32l011.o(i.BTIM3_IRQHandler)
    i.CLKFAULT_IRQHandler                    0x00001138   Section        0  interrupts_cw32l011.o(i.CLKFAULT_IRQHandler)
    i.FLASHRAM_IRQHandler                    0x0000113a   Section        0  interrupts_cw32l011.o(i.FLASHRAM_IRQHandler)
    i.GPIOA_IRQHandler                       0x0000113c   Section        0  interrupts_cw32l011.o(i.GPIOA_IRQHandler)
    i.GPIOB_IRQHandler                       0x00001140   Section        0  interrupts_cw32l011.o(i.GPIOB_IRQHandler)
    i.GPIOC_IRQHandler                       0x00001158   Section        0  interrupts_cw32l011.o(i.GPIOC_IRQHandler)
    i.GPIO_Init                              0x0000115c   Section        0  cw32l011_gpio.o(i.GPIO_Init)
    i.GPIO_WritePin                          0x0000124c   Section        0  cw32l011_gpio.o(i.GPIO_WritePin)
    i.GTIM1_IRQHandler                       0x00001258   Section        0  interrupts_cw32l011.o(i.GTIM1_IRQHandler)
    i.GTIM2_IRQHandler                       0x0000125a   Section        0  interrupts_cw32l011.o(i.GTIM2_IRQHandler)
    i.HardFault_Handler                      0x0000125c   Section        0  interrupts_cw32l011.o(i.HardFault_Handler)
    i.I2C_IRQHandler                         0x00001260   Section        0  interrupts_cw32l011.o(i.I2C_IRQHandler)
    i.LPTIM_IRQHandler                       0x00001262   Section        0  interrupts_cw32l011.o(i.LPTIM_IRQHandler)
    i.LVD_IRQHandler                         0x00001264   Section        0  interrupts_cw32l011.o(i.LVD_IRQHandler)
    i.NMI_Handler                            0x00001266   Section        0  interrupts_cw32l011.o(i.NMI_Handler)
    i.NVIC_Configuration                     0x00001268   Section        0  main.o(i.NVIC_Configuration)
    i.PendSV_Handler                         0x00001288   Section        0  interrupts_cw32l011.o(i.PendSV_Handler)
    i.RCC_Configuration                      0x0000128a   Section        0  main.o(i.RCC_Configuration)
    i.RTC_BCDToBin                           0x000012a6   Section        0  cw32l011_rtc.o(i.RTC_BCDToBin)
    i.RTC_BinToBCD                           0x000012be   Section        0  cw32l011_rtc.o(i.RTC_BinToBCD)
    i.RTC_Cmd                                0x000012dc   Section        0  cw32l011_rtc.o(i.RTC_Cmd)
    i.RTC_GetDate                            0x00001368   Section        0  cw32l011_rtc.o(i.RTC_GetDate)
    i.RTC_GetTime                            0x000013a4   Section        0  cw32l011_rtc.o(i.RTC_GetTime)
    i.RTC_IRQHandler                         0x000013f8   Section        0  interrupts_cw32l011.o(i.RTC_IRQHandler)
    i.RTC_SetClockSource                     0x000013fc   Section        0  cw32l011_rtc.o(i.RTC_SetClockSource)
    i.RTC_SetDate                            0x0000148c   Section        0  cw32l011_rtc.o(i.RTC_SetDate)
    i.RTC_SetTime                            0x00001578   Section        0  cw32l011_rtc.o(i.RTC_SetTime)
    i.SPI1_IRQHandler                        0x00001698   Section        0  interrupts_cw32l011.o(i.SPI1_IRQHandler)
    i.SVC_Handler                            0x0000169a   Section        0  interrupts_cw32l011.o(i.SVC_Handler)
    i.SYSCTRL_AHBPeriphClk_Enable            0x0000169c   Section        0  cw32l011_sysctrl.o(i.SYSCTRL_AHBPeriphClk_Enable)
    i.SYSCTRL_APBPeriphClk_Enable1           0x00001710   Section        0  cw32l011_sysctrl.o(i.SYSCTRL_APBPeriphClk_Enable1)
    i.SYSCTRL_APBPeriphClk_Enable2           0x00001780   Section        0  cw32l011_sysctrl.o(i.SYSCTRL_APBPeriphClk_Enable2)
    i.SYSCTRL_HSI_Enable                     0x000017f4   Section        0  cw32l011_sysctrl.o(i.SYSCTRL_HSI_Enable)
    i.SYSCTRL_IRQHandler                     0x00001974   Section        0  interrupts_cw32l011.o(i.SYSCTRL_IRQHandler)
    i.SYSCTRL_LSI_Enable                     0x00001978   Section        0  cw32l011_sysctrl.o(i.SYSCTRL_LSI_Enable)
    i.SysTick_Handler                        0x000019c4   Section        0  cw32l011_systick.o(i.SysTick_Handler)
    i.SystemCoreClockUpdate                  0x000019dc   Section        0  system_cw32l011.o(i.SystemCoreClockUpdate)
    i.SystemInit                             0x000019ec   Section        0  system_cw32l011.o(i.SystemInit)
    i.UART1_IRQHandler                       0x00001a28   Section        0  interrupts_cw32l011.o(i.UART1_IRQHandler)
    i.UART2_IRQHandler                       0x00001a2a   Section        0  interrupts_cw32l011.o(i.UART2_IRQHandler)
    i.UART3_IRQHandler                       0x00001a2c   Section        0  interrupts_cw32l011.o(i.UART3_IRQHandler)
    i.UART_ClearITPendingBit                 0x00001a94   Section        0  cw32l011_uart.o(i.UART_ClearITPendingBit)
    i.UART_Configuration                     0x00001b00   Section        0  main.o(i.UART_Configuration)
    i.UART_GetFlagStatus                     0x00001b40   Section        0  cw32l011_uart.o(i.UART_GetFlagStatus)
    i.UART_GetITStatus                       0x00001bb0   Section        0  cw32l011_uart.o(i.UART_GetITStatus)
    i.UART_ITConfig                          0x00001c24   Section        0  cw32l011_uart.o(i.UART_ITConfig)
    i.UART_Init                              0x00001cb4   Section        0  cw32l011_uart.o(i.UART_Init)
    i.UART_ReceiveData_8bit                  0x0000200c   Section        0  cw32l011_uart.o(i.UART_ReceiveData_8bit)
    i.UART_SendData_8bit                     0x00002054   Section        0  cw32l011_uart.o(i.UART_SendData_8bit)
    i.UART_SendString                        0x000020ac   Section        0  cw32l011_uart.o(i.UART_SendString)
    i.VC1_IRQHandler                         0x000020e4   Section        0  interrupts_cw32l011.o(i.VC1_IRQHandler)
    i.VC2_IRQHandler                         0x000020e6   Section        0  interrupts_cw32l011.o(i.VC2_IRQHandler)
    i.WDT_IRQHandler                         0x000020e8   Section        0  interrupts_cw32l011.o(i.WDT_IRQHandler)
    i.__NVIC_EnableIRQ                       0x000020ec   Section        0  main.o(i.__NVIC_EnableIRQ)
    __NVIC_EnableIRQ                         0x000020ed   Thumb Code    26  main.o(i.__NVIC_EnableIRQ)
    i.__NVIC_SetPriority                     0x0000210c   Section        0  main.o(i.__NVIC_SetPriority)
    __NVIC_SetPriority                       0x0000210d   Thumb Code   110  main.o(i.__NVIC_SetPriority)
    i._sys_exit                              0x00002184   Section        0  cw32l011_startkit_board.o(i._sys_exit)
    i.adc_pa11_init                          0x00002188   Section        0  main.o(i.adc_pa11_init)
    i.assert_failed                          0x000021be   Section        0  main.o(i.assert_failed)
    i.delay_ms                               0x000021c0   Section        0  main.o(i.delay_ms)
    i.main                                   0x000021dc   Section        0  main.o(i.main)
    i.mqtt_configure                         0x0000235c   Section        0  mqtt_client.o(i.mqtt_configure)
    i.mqtt_connect                           0x000024e4   Section        0  mqtt_client.o(i.mqtt_connect)
    i.mqtt_publish                           0x000024fc   Section        0  mqtt_client.o(i.mqtt_publish)
    i.mqtt_send_and_wait_ok                  0x0000254c   Section        0  mqtt_client.o(i.mqtt_send_and_wait_ok)
    mqtt_send_and_wait_ok                    0x0000254d   Thumb Code    18  mqtt_client.o(i.mqtt_send_and_wait_ok)
    i.my_gpio_init                           0x00002564   Section        0  main.o(i.my_gpio_init)
    i.rtc_init_lsi                           0x00002648   Section        0  main.o(i.rtc_init_lsi)
    i.rtc_read                               0x000026d0   Section        0  main.o(i.rtc_read)
    i.uart_rx_clear_buffer                   0x000026e4   Section        0  main.o(i.uart_rx_clear_buffer)
    i.uart_rx_get_data                       0x00002710   Section        0  main.o(i.uart_rx_get_data)
    i.uart_rx_init                           0x00002760   Section        0  main.o(i.uart_rx_init)
    i.uart_rx_is_data_ready                  0x0000277c   Section        0  main.o(i.uart_rx_is_data_ready)
    i.wifi_connect_network                   0x00002788   Section        0  wifi_comm.o(i.wifi_connect_network)
    i.wifi_get_ip_address                    0x000027e8   Section        0  wifi_comm.o(i.wifi_get_ip_address)
    i.wifi_init                              0x00002804   Section        0  wifi_comm.o(i.wifi_init)
    i.wifi_send_at_command_wait_response     0x00002878   Section        0  wifi_comm.o(i.wifi_send_at_command_wait_response)
    x$fpl$fadd                               0x00002904   Section      140  faddsub.o(x$fpl$fadd)
    _fadd1                                   0x00002911   Thumb Code     0  faddsub.o(x$fpl$fadd)
    x$fpl$fmul                               0x00002990   Section      176  fmul.o(x$fpl$fmul)
    x$fpl$frsb                               0x00002a40   Section       24  faddsub.o(x$fpl$frsb)
    x$fpl$fsub                               0x00002a58   Section      208  faddsub.o(x$fpl$fsub)
    _fsub1                                   0x00002a65   Thumb Code     0  faddsub.o(x$fpl$fsub)
    .constdata                               0x00002b28   Section       64  fdiv.o(.constdata)
    x$fpl$usenofp                            0x00002b28   Section        0  usenofp.o(x$fpl$usenofp)
    fdiv_tab                                 0x00002b28   Data          64  fdiv.o(.constdata)
    .conststring                             0x00002b68   Section       65  mqtt_client.o(.conststring)
    .data                                    0x20000000   Section        4  system_cw32l011.o(.data)
    .data                                    0x20000004   Section        1  interrupts_cw32l011.o(.data)
    .data                                    0x20000006   Section       22  main.o(.data)
    .data                                    0x2000001c   Section        2  wifi_comm.o(.data)
    wifi_current_status                      0x2000001c   Data           1  wifi_comm.o(.data)
    tcp_connected                            0x2000001d   Data           1  wifi_comm.o(.data)
    .data                                    0x20000020   Section        9  cw32l011_systick.o(.data)
    .bss                                     0x2000002c   Section      256  main.o(.bss)
    .bss                                     0x2000012c   Section       96  libspace.o(.bss)
    HEAP                                     0x20000190   Section      512  startup_cw32l011.o(HEAP)
    Heap_Mem                                 0x20000190   Data         512  startup_cw32l011.o(HEAP)
    STACK                                    0x20000390   Section      512  startup_cw32l011.o(STACK)
    Stack_Mem                                0x20000390   Data         512  startup_cw32l011.o(STACK)
    __initial_sp                             0x20000590   Data           0  startup_cw32l011.o(STACK)

    Global Symbols

    Symbol Name                              Value     Ov Type        Size  Object(Section)

    BuildAttributes$$THM_ISAv3M$S$PE$A:L22$X:L11$S22$IEEE1$IW$USESV6$~STKCKD$USESV7$~SHL$OSPACE$ROPI$EBA8$UX$STANDARDLIB$REQ8$PRES8$EABIv2 0x00000000   Number         0  anon$$obj.o ABSOLUTE
    __ARM_use_no_argv                        0x00000000   Number         0  main.o ABSOLUTE
    __Vectors                                0x00000000   Data           0  startup_cw32l011.o(RESET)
    __ARM_exceptions_init                     - Undefined Weak Reference
    __alloca_initialize                       - Undefined Weak Reference
    __arm_preinit_                            - Undefined Weak Reference
    __cpp_initialize__aeabi_                  - Undefined Weak Reference
    __cxa_finalize                            - Undefined Weak Reference
    __rt_locale                               - Undefined Weak Reference
    __sigvec_lookup                           - Undefined Weak Reference
    _atexit_init                              - Undefined Weak Reference
    _call_atexit_fns                          - Undefined Weak Reference
    _clock_init                               - Undefined Weak Reference
    _fp_trap_init                             - Undefined Weak Reference
    _fp_trap_shutdown                         - Undefined Weak Reference
    _get_lc_collate                           - Undefined Weak Reference
    _get_lc_ctype                             - Undefined Weak Reference
    _get_lc_monetary                          - Undefined Weak Reference
    _get_lc_numeric                           - Undefined Weak Reference
    _get_lc_time                              - Undefined Weak Reference
    _getenv_init                              - Undefined Weak Reference
    _handle_redirection                       - Undefined Weak Reference
    _init_alloc                               - Undefined Weak Reference
    _init_user_alloc                          - Undefined Weak Reference
    _initio                                   - Undefined Weak Reference
    _printf_mbtowc                            - Undefined Weak Reference
    _printf_post_padding                      - Undefined Weak Reference
    _printf_pre_padding                       - Undefined Weak Reference
    _printf_truncate_signed                   - Undefined Weak Reference
    _printf_truncate_unsigned                 - Undefined Weak Reference
    _rand_init                                - Undefined Weak Reference
    _signal_finish                            - Undefined Weak Reference
    _signal_init                              - Undefined Weak Reference
    _terminate_alloc                          - Undefined Weak Reference
    _terminate_user_alloc                     - Undefined Weak Reference
    _terminateio                              - Undefined Weak Reference
    __Vectors_End                            0x000000c0   Data           0  startup_cw32l011.o(RESET)
    __Vectors_Size                           0x000000c0   Number         0  startup_cw32l011.o ABSOLUTE
    __main                                   0x000000c1   Thumb Code     8  __main.o(!!!main)
    __scatterload                            0x000000c9   Thumb Code     0  __scatter.o(!!!scatter)
    __scatterload_rt2                        0x000000c9   Thumb Code    52  __scatter.o(!!!scatter)
    __scatterload_rt2_thumb_only             0x000000c9   Thumb Code     0  __scatter.o(!!!scatter)
    __scatterload_null                       0x000000d9   Thumb Code     0  __scatter.o(!!!scatter)
    __scatterload_copy                       0x00000105   Thumb Code    26  __scatter_copy.o(!!handler_copy)
    __scatterload_zeroinit                   0x00000121   Thumb Code    28  __scatter_zi.o(!!handler_zi)
    _printf_percent                          0x0000013d   Thumb Code     0  _printf_percent.o(.ARM.Collect$$_printf_percent$$00000000)
    _printf_d                                0x0000013f   Thumb Code     0  _printf_d.o(.ARM.Collect$$_printf_percent$$00000009)
    _printf_s                                0x00000149   Thumb Code     0  _printf_s.o(.ARM.Collect$$_printf_percent$$00000014)
    _printf_percent_end                      0x00000153   Thumb Code     0  _printf_percent_end.o(.ARM.Collect$$_printf_percent$$00000017)
    __rt_lib_init                            0x00000157   Thumb Code     0  libinit.o(.ARM.Collect$$libinit$$00000000)
    __rt_lib_init_alloca_1                   0x00000159   Thumb Code     0  libinit2.o(.ARM.Collect$$libinit$$0000002E)
    __rt_lib_init_argv_1                     0x00000159   Thumb Code     0  libinit2.o(.ARM.Collect$$libinit$$0000002C)
    __rt_lib_init_atexit_1                   0x00000159   Thumb Code     0  libinit2.o(.ARM.Collect$$libinit$$0000001B)
    __rt_lib_init_clock_1                    0x00000159   Thumb Code     0  libinit2.o(.ARM.Collect$$libinit$$00000021)
    __rt_lib_init_cpp_1                      0x00000159   Thumb Code     0  libinit2.o(.ARM.Collect$$libinit$$00000032)
    __rt_lib_init_exceptions_1               0x00000159   Thumb Code     0  libinit2.o(.ARM.Collect$$libinit$$00000030)
    __rt_lib_init_fp_1                       0x00000159   Thumb Code     0  libinit2.o(.ARM.Collect$$libinit$$00000002)
    __rt_lib_init_fp_trap_1                  0x00000159   Thumb Code     0  libinit2.o(.ARM.Collect$$libinit$$0000001F)
    __rt_lib_init_getenv_1                   0x00000159   Thumb Code     0  libinit2.o(.ARM.Collect$$libinit$$00000023)
    __rt_lib_init_heap_1                     0x00000159   Thumb Code     0  libinit2.o(.ARM.Collect$$libinit$$0000000A)
    __rt_lib_init_lc_collate_1               0x00000159   Thumb Code     0  libinit2.o(.ARM.Collect$$libinit$$00000011)
    __rt_lib_init_lc_ctype_1                 0x00000159   Thumb Code     0  libinit2.o(.ARM.Collect$$libinit$$00000013)
    __rt_lib_init_lc_monetary_1              0x00000159   Thumb Code     0  libinit2.o(.ARM.Collect$$libinit$$00000015)
    __rt_lib_init_lc_numeric_1               0x00000159   Thumb Code     0  libinit2.o(.ARM.Collect$$libinit$$00000017)
    __rt_lib_init_lc_time_1                  0x00000159   Thumb Code     0  libinit2.o(.ARM.Collect$$libinit$$00000019)
    __rt_lib_init_preinit_1                  0x00000159   Thumb Code     0  libinit2.o(.ARM.Collect$$libinit$$00000004)
    __rt_lib_init_rand_1                     0x00000159   Thumb Code     0  libinit2.o(.ARM.Collect$$libinit$$0000000E)
    __rt_lib_init_return                     0x00000159   Thumb Code     0  libinit2.o(.ARM.Collect$$libinit$$00000033)
    __rt_lib_init_signal_1                   0x00000159   Thumb Code     0  libinit2.o(.ARM.Collect$$libinit$$0000001D)
    __rt_lib_init_stdio_1                    0x00000159   Thumb Code     0  libinit2.o(.ARM.Collect$$libinit$$00000025)
    __rt_lib_init_user_alloc_1               0x00000159   Thumb Code     0  libinit2.o(.ARM.Collect$$libinit$$0000000C)
    __rt_lib_shutdown                        0x0000015b   Thumb Code     0  libshutdown.o(.ARM.Collect$$libshutdown$$00000000)
    __rt_lib_shutdown_cpp_1                  0x0000015d   Thumb Code     0  libshutdown2.o(.ARM.Collect$$libshutdown$$00000002)
    __rt_lib_shutdown_fp_trap_1              0x0000015d   Thumb Code     0  libshutdown2.o(.ARM.Collect$$libshutdown$$00000007)
    __rt_lib_shutdown_heap_1                 0x0000015d   Thumb Code     0  libshutdown2.o(.ARM.Collect$$libshutdown$$0000000F)
    __rt_lib_shutdown_return                 0x0000015d   Thumb Code     0  libshutdown2.o(.ARM.Collect$$libshutdown$$00000010)
    __rt_lib_shutdown_signal_1               0x0000015d   Thumb Code     0  libshutdown2.o(.ARM.Collect$$libshutdown$$0000000A)
    __rt_lib_shutdown_stdio_1                0x0000015d   Thumb Code     0  libshutdown2.o(.ARM.Collect$$libshutdown$$00000004)
    __rt_lib_shutdown_user_alloc_1           0x0000015d   Thumb Code     0  libshutdown2.o(.ARM.Collect$$libshutdown$$0000000C)
    __rt_entry                               0x0000015f   Thumb Code     0  __rtentry.o(.ARM.Collect$$rtentry$$00000000)
    __rt_entry_presh_1                       0x0000015f   Thumb Code     0  __rtentry2.o(.ARM.Collect$$rtentry$$00000002)
    __rt_entry_sh                            0x0000015f   Thumb Code     0  __rtentry4.o(.ARM.Collect$$rtentry$$00000004)
    __rt_entry_li                            0x00000165   Thumb Code     0  __rtentry2.o(.ARM.Collect$$rtentry$$0000000A)
    __rt_entry_postsh_1                      0x00000165   Thumb Code     0  __rtentry2.o(.ARM.Collect$$rtentry$$00000009)
    __rt_entry_main                          0x00000169   Thumb Code     0  __rtentry2.o(.ARM.Collect$$rtentry$$0000000D)
    __rt_entry_postli_1                      0x00000169   Thumb Code     0  __rtentry2.o(.ARM.Collect$$rtentry$$0000000C)
    __rt_exit                                0x00000171   Thumb Code     0  rtexit.o(.ARM.Collect$$rtexit$$00000000)
    __rt_exit_ls                             0x00000173   Thumb Code     0  rtexit2.o(.ARM.Collect$$rtexit$$00000003)
    __rt_exit_prels_1                        0x00000173   Thumb Code     0  rtexit2.o(.ARM.Collect$$rtexit$$00000002)
    __rt_exit_exit                           0x00000177   Thumb Code     0  rtexit2.o(.ARM.Collect$$rtexit$$00000004)
    Reset_Handler                            0x0000017d   Thumb Code     8  startup_cw32l011.o(.text)
    __user_initial_stackheap                 0x00000191   Thumb Code     0  startup_cw32l011.o(.text)
    __use_no_semihosting                     0x000001b5   Thumb Code     2  use_no_semi_2.o(.text)
    __2sprintf                               0x000001b9   Thumb Code    36  noretval__2sprintf.o(.text)
    __printf                                 0x000001e1   Thumb Code   108  __printf.o(.text)
    _printf_str                              0x0000024d   Thumb Code    82  _printf_str.o(.text)
    _printf_int_dec                          0x000002a1   Thumb Code    90  _printf_dec.o(.text)
    strlen                                   0x0000030d   Thumb Code    62  strlen.o(.text)
    strncmp                                  0x00000351   Thumb Code   154  strncmp.o(.text)
    _memset_w                                0x000003f1   Thumb Code    26  rt_memclr.o(.text)
    _memset                                  0x0000040b   Thumb Code    30  rt_memclr.o(.text)
    __aeabi_memclr                           0x00000429   Thumb Code     4  rt_memclr.o(.text)
    __rt_memclr                              0x00000429   Thumb Code     0  rt_memclr.o(.text)
    __aeabi_memclr4                          0x0000042d   Thumb Code     0  rt_memclr.o(.text)
    __aeabi_memclr8                          0x0000042d   Thumb Code     0  rt_memclr.o(.text)
    __rt_memclr_w                            0x0000042d   Thumb Code     4  rt_memclr.o(.text)
    __aeabi_uidiv                            0x00000431   Thumb Code     0  aeabi_sdiv.o(.text)
    __aeabi_uidivmod                         0x00000431   Thumb Code    20  aeabi_sdiv.o(.text)
    __aeabi_idiv                             0x00000445   Thumb Code     0  aeabi_sdiv.o(.text)
    __aeabi_idivmod                          0x00000445   Thumb Code   326  aeabi_sdiv.o(.text)
    __use_two_region_memory                  0x0000058b   Thumb Code     2  heapauxi.o(.text)
    __rt_heap_escrow$2region                 0x0000058d   Thumb Code     2  heapauxi.o(.text)
    __rt_heap_expand$2region                 0x0000058f   Thumb Code     2  heapauxi.o(.text)
    __aeabi_dadd                             0x00000889   Thumb Code     0  daddsub.o(.text)
    _dadd                                    0x00000889   Thumb Code    26  daddsub.o(.text)
    __aeabi_dsub                             0x000008a3   Thumb Code     0  daddsub.o(.text)
    _dsub                                    0x000008a3   Thumb Code    22  daddsub.o(.text)
    __aeabi_drsub                            0x000008b9   Thumb Code     0  daddsub.o(.text)
    _drsb                                    0x000008b9   Thumb Code    28  daddsub.o(.text)
    __aeabi_d2uiz                            0x000008e9   Thumb Code     0  dfixui.o(.text)
    _dfixu                                   0x000008e9   Thumb Code    68  dfixui.o(.text)
    __aeabi_f2d                              0x00000931   Thumb Code     0  f2d.o(.text)
    _f2d                                     0x00000931   Thumb Code    80  f2d.o(.text)
    __aeabi_fdiv                             0x00000985   Thumb Code     0  fdiv.o(.text)
    _fdiv                                    0x00000985   Thumb Code   334  fdiv.o(.text)
    _frdiv                                   0x00000ad3   Thumb Code     8  fdiv.o(.text)
    __aeabi_f2uiz                            0x00000ae5   Thumb Code     0  ffixui.o(.text)
    _ffixu                                   0x00000ae5   Thumb Code    48  ffixui.o(.text)
    __aeabi_i2f_normalise                    0x00000b15   Thumb Code    72  fflti.o(.text)
    __aeabi_i2f                              0x00000b5d   Thumb Code    16  fflti.o(.text)
    _fflt                                    0x00000b5d   Thumb Code     0  fflti.o(.text)
    __aeabi_ui2f                             0x00000b6d   Thumb Code     6  fflti.o(.text)
    _ffltu                                   0x00000b6d   Thumb Code     0  fflti.o(.text)
    __I$use$semihosting                      0x00000b73   Thumb Code     0  use_no_semi.o(.text)
    __use_no_semihosting_swi                 0x00000b73   Thumb Code     2  use_no_semi.o(.text)
    _printf_int_common                       0x00000b75   Thumb Code   176  _printf_intcommon.o(.text)
    _printf_char_common                      0x00000c2f   Thumb Code    32  _printf_char_common.o(.text)
    _sputc                                   0x00000c55   Thumb Code    10  _sputc.o(.text)
    _printf_cs_common                        0x00000c5f   Thumb Code    22  _printf_char.o(.text)
    _printf_char                             0x00000c75   Thumb Code    16  _printf_char.o(.text)
    _printf_string                           0x00000c85   Thumb Code     8  _printf_char.o(.text)
    __rt_udiv10                              0x00000c8d   Thumb Code    40  rtudiv10.o(.text)
    __user_setup_stackheap                   0x00000cb5   Thumb Code    62  sys_stackheap_outer.o(.text)
    exit                                     0x00000cf3   Thumb Code    16  exit.o(.text)
    __user_libspace                          0x00000d05   Thumb Code     8  libspace.o(.text)
    __user_perproc_libspace                  0x00000d05   Thumb Code     0  libspace.o(.text)
    __user_perthread_libspace                0x00000d05   Thumb Code     0  libspace.o(.text)
    ADC_ClearITPendingBit                    0x00000d0d   Thumb Code    42  cw32l011_adc.o(i.ADC_ClearITPendingBit)
    ADC_Enable                               0x00000d5d   Thumb Code    18  cw32l011_adc.o(i.ADC_Enable)
    ADC_GetConversionValue                   0x00000d71   Thumb Code    30  cw32l011_adc.o(i.ADC_GetConversionValue)
    ADC_GetITStatus                          0x00000db5   Thumb Code    48  cw32l011_adc.o(i.ADC_GetITStatus)
    ADC_IRQHandler                           0x00000e09   Thumb Code     2  interrupts_cw32l011.o(i.ADC_IRQHandler)
    ADC_Init                                 0x00000e0d   Thumb Code   542  cw32l011_adc.o(i.ADC_Init)
    ADC_Read                                 0x00001055   Thumb Code   118  main.o(i.ADC_Read)
    ADC_SoftwareStartConvCmd                 0x000010d1   Thumb Code    62  cw32l011_adc.o(i.ADC_SoftwareStartConvCmd)
    ATIM_IRQHandler                          0x00001131   Thumb Code     2  interrupts_cw32l011.o(i.ATIM_IRQHandler)
    BTIM1_IRQHandler                         0x00001133   Thumb Code     2  interrupts_cw32l011.o(i.BTIM1_IRQHandler)
    BTIM2_IRQHandler                         0x00001135   Thumb Code     2  interrupts_cw32l011.o(i.BTIM2_IRQHandler)
    BTIM3_IRQHandler                         0x00001137   Thumb Code     2  interrupts_cw32l011.o(i.BTIM3_IRQHandler)
    CLKFAULT_IRQHandler                      0x00001139   Thumb Code     2  interrupts_cw32l011.o(i.CLKFAULT_IRQHandler)
    FLASHRAM_IRQHandler                      0x0000113b   Thumb Code     2  interrupts_cw32l011.o(i.FLASHRAM_IRQHandler)
    GPIOA_IRQHandler                         0x0000113d   Thumb Code     2  interrupts_cw32l011.o(i.GPIOA_IRQHandler)
    GPIOB_IRQHandler                         0x00001141   Thumb Code    16  interrupts_cw32l011.o(i.GPIOB_IRQHandler)
    GPIOC_IRQHandler                         0x00001159   Thumb Code     2  interrupts_cw32l011.o(i.GPIOC_IRQHandler)
    GPIO_Init                                0x0000115d   Thumb Code   230  cw32l011_gpio.o(i.GPIO_Init)
    GPIO_WritePin                            0x0000124d   Thumb Code    12  cw32l011_gpio.o(i.GPIO_WritePin)
    GTIM1_IRQHandler                         0x00001259   Thumb Code     2  interrupts_cw32l011.o(i.GTIM1_IRQHandler)
    GTIM2_IRQHandler                         0x0000125b   Thumb Code     2  interrupts_cw32l011.o(i.GTIM2_IRQHandler)
    HardFault_Handler                        0x0000125d   Thumb Code     4  interrupts_cw32l011.o(i.HardFault_Handler)
    I2C_IRQHandler                           0x00001261   Thumb Code     2  interrupts_cw32l011.o(i.I2C_IRQHandler)
    LPTIM_IRQHandler                         0x00001263   Thumb Code     2  interrupts_cw32l011.o(i.LPTIM_IRQHandler)
    LVD_IRQHandler                           0x00001265   Thumb Code     2  interrupts_cw32l011.o(i.LVD_IRQHandler)
    NMI_Handler                              0x00001267   Thumb Code     2  interrupts_cw32l011.o(i.NMI_Handler)
    NVIC_Configuration                       0x00001269   Thumb Code    32  main.o(i.NVIC_Configuration)
    PendSV_Handler                           0x00001289   Thumb Code     2  interrupts_cw32l011.o(i.PendSV_Handler)
    RCC_Configuration                        0x0000128b   Thumb Code    28  main.o(i.RCC_Configuration)
    RTC_BCDToBin                             0x000012a7   Thumb Code    24  cw32l011_rtc.o(i.RTC_BCDToBin)
    RTC_BinToBCD                             0x000012bf   Thumb Code    28  cw32l011_rtc.o(i.RTC_BinToBCD)
    RTC_Cmd                                  0x000012dd   Thumb Code   102  cw32l011_rtc.o(i.RTC_Cmd)
    RTC_GetDate                              0x00001369   Thumb Code    54  cw32l011_rtc.o(i.RTC_GetDate)
    RTC_GetTime                              0x000013a5   Thumb Code    78  cw32l011_rtc.o(i.RTC_GetTime)
    RTC_IRQHandler                           0x000013f9   Thumb Code     2  interrupts_cw32l011.o(i.RTC_IRQHandler)
    RTC_SetClockSource                       0x000013fd   Thumb Code   102  cw32l011_rtc.o(i.RTC_SetClockSource)
    RTC_SetDate                              0x0000148d   Thumb Code   198  cw32l011_rtc.o(i.RTC_SetDate)
    RTC_SetTime                              0x00001579   Thumb Code   250  cw32l011_rtc.o(i.RTC_SetTime)
    SPI1_IRQHandler                          0x00001699   Thumb Code     2  interrupts_cw32l011.o(i.SPI1_IRQHandler)
    SVC_Handler                              0x0000169b   Thumb Code     2  interrupts_cw32l011.o(i.SVC_Handler)
    SYSCTRL_AHBPeriphClk_Enable              0x0000169d   Thumb Code    66  cw32l011_sysctrl.o(i.SYSCTRL_AHBPeriphClk_Enable)
    SYSCTRL_APBPeriphClk_Enable1             0x00001711   Thumb Code    64  cw32l011_sysctrl.o(i.SYSCTRL_APBPeriphClk_Enable1)
    SYSCTRL_APBPeriphClk_Enable2             0x00001781   Thumb Code    66  cw32l011_sysctrl.o(i.SYSCTRL_APBPeriphClk_Enable2)
    SYSCTRL_HSI_Enable                       0x000017f5   Thumb Code   330  cw32l011_sysctrl.o(i.SYSCTRL_HSI_Enable)
    SYSCTRL_IRQHandler                       0x00001975   Thumb Code     2  interrupts_cw32l011.o(i.SYSCTRL_IRQHandler)
    SYSCTRL_LSI_Enable                       0x00001979   Thumb Code    64  cw32l011_sysctrl.o(i.SYSCTRL_LSI_Enable)
    SysTick_Handler                          0x000019c5   Thumb Code    16  cw32l011_systick.o(i.SysTick_Handler)
    SystemCoreClockUpdate                    0x000019dd   Thumb Code     8  system_cw32l011.o(i.SystemCoreClockUpdate)
    SystemInit                               0x000019ed   Thumb Code    50  system_cw32l011.o(i.SystemInit)
    UART1_IRQHandler                         0x00001a29   Thumb Code     2  interrupts_cw32l011.o(i.UART1_IRQHandler)
    UART2_IRQHandler                         0x00001a2b   Thumb Code     2  interrupts_cw32l011.o(i.UART2_IRQHandler)
    UART3_IRQHandler                         0x00001a2d   Thumb Code    88  interrupts_cw32l011.o(i.UART3_IRQHandler)
    UART_ClearITPendingBit                   0x00001a95   Thumb Code    62  cw32l011_uart.o(i.UART_ClearITPendingBit)
    UART_Configuration                       0x00001b01   Thumb Code    56  main.o(i.UART_Configuration)
    UART_GetFlagStatus                       0x00001b41   Thumb Code    72  cw32l011_uart.o(i.UART_GetFlagStatus)
    UART_GetITStatus                         0x00001bb1   Thumb Code    70  cw32l011_uart.o(i.UART_GetITStatus)
    UART_ITConfig                            0x00001c25   Thumb Code   100  cw32l011_uart.o(i.UART_ITConfig)
    UART_Init                                0x00001cb5   Thumb Code   788  cw32l011_uart.o(i.UART_Init)
    UART_ReceiveData_8bit                    0x0000200d   Thumb Code    32  cw32l011_uart.o(i.UART_ReceiveData_8bit)
    UART_SendData_8bit                       0x00002055   Thumb Code    46  cw32l011_uart.o(i.UART_SendData_8bit)
    UART_SendString                          0x000020ad   Thumb Code    56  cw32l011_uart.o(i.UART_SendString)
    VC1_IRQHandler                           0x000020e5   Thumb Code     2  interrupts_cw32l011.o(i.VC1_IRQHandler)
    VC2_IRQHandler                           0x000020e7   Thumb Code     2  interrupts_cw32l011.o(i.VC2_IRQHandler)
    WDT_IRQHandler                           0x000020e9   Thumb Code     2  interrupts_cw32l011.o(i.WDT_IRQHandler)
    _sys_exit                                0x00002185   Thumb Code     4  cw32l011_startkit_board.o(i._sys_exit)
    adc_pa11_init                            0x00002189   Thumb Code    54  main.o(i.adc_pa11_init)
    assert_failed                            0x000021bf   Thumb Code     2  main.o(i.assert_failed)
    delay_ms                                 0x000021c1   Thumb Code    28  main.o(i.delay_ms)
    main                                     0x000021dd   Thumb Code   268  main.o(i.main)
    mqtt_configure                           0x0000235d   Thumb Code   144  mqtt_client.o(i.mqtt_configure)
    mqtt_connect                             0x000024e5   Thumb Code    12  mqtt_client.o(i.mqtt_connect)
    mqtt_publish                             0x000024fd   Thumb Code    42  mqtt_client.o(i.mqtt_publish)
    my_gpio_init                             0x00002565   Thumb Code   206  main.o(i.my_gpio_init)
    rtc_init_lsi                             0x00002649   Thumb Code   136  main.o(i.rtc_init_lsi)
    rtc_read                                 0x000026d1   Thumb Code    20  main.o(i.rtc_read)
    uart_rx_clear_buffer                     0x000026e5   Thumb Code    30  main.o(i.uart_rx_clear_buffer)
    uart_rx_get_data                         0x00002711   Thumb Code    68  main.o(i.uart_rx_get_data)
    uart_rx_init                             0x00002761   Thumb Code    24  main.o(i.uart_rx_init)
    uart_rx_is_data_ready                    0x0000277d   Thumb Code     6  main.o(i.uart_rx_is_data_ready)
    wifi_connect_network                     0x00002789   Thumb Code    58  wifi_comm.o(i.wifi_connect_network)
    wifi_get_ip_address                      0x000027e9   Thumb Code    16  wifi_comm.o(i.wifi_get_ip_address)
    wifi_init                                0x00002805   Thumb Code    78  wifi_comm.o(i.wifi_init)
    wifi_send_at_command_wait_response       0x00002879   Thumb Code   132  wifi_comm.o(i.wifi_send_at_command_wait_response)
    __aeabi_fadd                             0x00002905   Thumb Code     0  faddsub.o(x$fpl$fadd)
    _fadd                                    0x00002905   Thumb Code   134  faddsub.o(x$fpl$fadd)
    __aeabi_fmul                             0x00002991   Thumb Code     0  fmul.o(x$fpl$fmul)
    _fmul                                    0x00002991   Thumb Code   172  fmul.o(x$fpl$fmul)
    __aeabi_frsub                            0x00002a41   Thumb Code     0  faddsub.o(x$fpl$frsb)
    _frsb                                    0x00002a41   Thumb Code    24  faddsub.o(x$fpl$frsb)
    __aeabi_fsub                             0x00002a59   Thumb Code     0  faddsub.o(x$fpl$fsub)
    _fsub                                    0x00002a59   Thumb Code   204  faddsub.o(x$fpl$fsub)
    __I$use$fp                               0x00002b28   Number         0  usenofp.o(x$fpl$usenofp)
    Region$$Table$$Base                      0x00002bac   Number         0  anon$$obj.o(Region$$Table)
    Region$$Table$$Limit                     0x00002bcc   Number         0  anon$$obj.o(Region$$Table)
    SystemCoreClock                          0x20000000   Data           4  system_cw32l011.o(.data)
    Status_Flag                              0x20000004   Data           1  interrupts_cw32l011.o(.data)
    wifi_rx_index                            0x20000006   Data           2  main.o(.data)
    wifi_rx_flag                             0x20000008   Data           1  main.o(.data)
    Inside_flag                              0x20000009   Data           1  main.o(.data)
    g_adc_pa11_raw                           0x2000000a   Data           2  main.o(.data)
    g_rtc_time                               0x2000000c   Data           5  main.o(.data)
    g_rtc_date                               0x20000011   Data           4  main.o(.data)
    hour                                     0x20000015   Data           1  main.o(.data)
    minute                                   0x20000016   Data           1  main.o(.data)
    second                                   0x20000017   Data           1  main.o(.data)
    month                                    0x20000018   Data           1  main.o(.data)
    year                                     0x20000019   Data           1  main.o(.data)
    day                                      0x2000001a   Data           1  main.o(.data)
    week                                     0x2000001b   Data           1  main.o(.data)
    uwTick                                   0x20000020   Data           4  cw32l011_systick.o(.data)
    uwTickPrio                               0x20000024   Data           4  cw32l011_systick.o(.data)
    uwTickFreq                               0x20000028   Data           1  cw32l011_systick.o(.data)
    wifi_rx_buffer                           0x2000002c   Data         256  main.o(.bss)
    __libspace_start                         0x2000012c   Data          96  libspace.o(.bss)
    __temporary_stack_top$libspace           0x2000018c   Data           0  libspace.o(.bss)



==============================================================================

Memory Map of the image

  Image Entry point : 0x000000c1

  Load Region LR_IROM1 (Base: 0x00000000, Size: 0x00002bf8, Max: 0x00010000, ABSOLUTE)

    Execution Region ER_IROM1 (Exec base: 0x00000000, Load base: 0x00000000, Size: 0x00002bcc, Max: 0x00010000, ABSOLUTE)

    Exec Addr    Load Addr    Size         Type   Attr      Idx    E Section Name        Object

    0x00000000   0x00000000   0x000000c0   Data   RO            3    RESET               startup_cw32l011.o
    0x000000c0   0x000000c0   0x00000008   Code   RO         3718  * !!!main             c_p.l(__main.o)
    0x000000c8   0x000000c8   0x0000003c   Code   RO         3930    !!!scatter          c_p.l(__scatter.o)
    0x00000104   0x00000104   0x0000001a   Code   RO         3932    !!handler_copy      c_p.l(__scatter_copy.o)
    0x0000011e   0x0000011e   0x00000002   PAD
    0x00000120   0x00000120   0x0000001c   Code   RO         3934    !!handler_zi        c_p.l(__scatter_zi.o)
    0x0000013c   0x0000013c   0x00000002   Code   RO         3705    .ARM.Collect$$_printf_percent$$00000000  c_p.l(_printf_percent.o)
    0x0000013e   0x0000013e   0x0000000a   Code   RO         3704    .ARM.Collect$$_printf_percent$$00000009  c_p.l(_printf_d.o)
    0x00000148   0x00000148   0x0000000a   Code   RO         3703    .ARM.Collect$$_printf_percent$$00000014  c_p.l(_printf_s.o)
    0x00000152   0x00000152   0x00000004   Code   RO         3764    .ARM.Collect$$_printf_percent$$00000017  c_p.l(_printf_percent_end.o)
    0x00000156   0x00000156   0x00000002   Code   RO         3805    .ARM.Collect$$libinit$$00000000  c_p.l(libinit.o)
    0x00000158   0x00000158   0x00000000   Code   RO         3819    .ARM.Collect$$libinit$$00000002  c_p.l(libinit2.o)
    0x00000158   0x00000158   0x00000000   Code   RO         3821    .ARM.Collect$$libinit$$00000004  c_p.l(libinit2.o)
    0x00000158   0x00000158   0x00000000   Code   RO         3824    .ARM.Collect$$libinit$$0000000A  c_p.l(libinit2.o)
    0x00000158   0x00000158   0x00000000   Code   RO         3826    .ARM.Collect$$libinit$$0000000C  c_p.l(libinit2.o)
    0x00000158   0x00000158   0x00000000   Code   RO         3828    .ARM.Collect$$libinit$$0000000E  c_p.l(libinit2.o)
    0x00000158   0x00000158   0x00000000   Code   RO         3831    .ARM.Collect$$libinit$$00000011  c_p.l(libinit2.o)
    0x00000158   0x00000158   0x00000000   Code   RO         3833    .ARM.Collect$$libinit$$00000013  c_p.l(libinit2.o)
    0x00000158   0x00000158   0x00000000   Code   RO         3835    .ARM.Collect$$libinit$$00000015  c_p.l(libinit2.o)
    0x00000158   0x00000158   0x00000000   Code   RO         3837    .ARM.Collect$$libinit$$00000017  c_p.l(libinit2.o)
    0x00000158   0x00000158   0x00000000   Code   RO         3839    .ARM.Collect$$libinit$$00000019  c_p.l(libinit2.o)
    0x00000158   0x00000158   0x00000000   Code   RO         3841    .ARM.Collect$$libinit$$0000001B  c_p.l(libinit2.o)
    0x00000158   0x00000158   0x00000000   Code   RO         3843    .ARM.Collect$$libinit$$0000001D  c_p.l(libinit2.o)
    0x00000158   0x00000158   0x00000000   Code   RO         3845    .ARM.Collect$$libinit$$0000001F  c_p.l(libinit2.o)
    0x00000158   0x00000158   0x00000000   Code   RO         3847    .ARM.Collect$$libinit$$00000021  c_p.l(libinit2.o)
    0x00000158   0x00000158   0x00000000   Code   RO         3849    .ARM.Collect$$libinit$$00000023  c_p.l(libinit2.o)
    0x00000158   0x00000158   0x00000000   Code   RO         3851    .ARM.Collect$$libinit$$00000025  c_p.l(libinit2.o)
    0x00000158   0x00000158   0x00000000   Code   RO         3855    .ARM.Collect$$libinit$$0000002C  c_p.l(libinit2.o)
    0x00000158   0x00000158   0x00000000   Code   RO         3857    .ARM.Collect$$libinit$$0000002E  c_p.l(libinit2.o)
    0x00000158   0x00000158   0x00000000   Code   RO         3859    .ARM.Collect$$libinit$$00000030  c_p.l(libinit2.o)
    0x00000158   0x00000158   0x00000000   Code   RO         3861    .ARM.Collect$$libinit$$00000032  c_p.l(libinit2.o)
    0x00000158   0x00000158   0x00000002   Code   RO         3862    .ARM.Collect$$libinit$$00000033  c_p.l(libinit2.o)
    0x0000015a   0x0000015a   0x00000002   Code   RO         3886    .ARM.Collect$$libshutdown$$00000000  c_p.l(libshutdown.o)
    0x0000015c   0x0000015c   0x00000000   Code   RO         3912    .ARM.Collect$$libshutdown$$00000002  c_p.l(libshutdown2.o)
    0x0000015c   0x0000015c   0x00000000   Code   RO         3914    .ARM.Collect$$libshutdown$$00000004  c_p.l(libshutdown2.o)
    0x0000015c   0x0000015c   0x00000000   Code   RO         3917    .ARM.Collect$$libshutdown$$00000007  c_p.l(libshutdown2.o)
    0x0000015c   0x0000015c   0x00000000   Code   RO         3920    .ARM.Collect$$libshutdown$$0000000A  c_p.l(libshutdown2.o)
    0x0000015c   0x0000015c   0x00000000   Code   RO         3922    .ARM.Collect$$libshutdown$$0000000C  c_p.l(libshutdown2.o)
    0x0000015c   0x0000015c   0x00000000   Code   RO         3925    .ARM.Collect$$libshutdown$$0000000F  c_p.l(libshutdown2.o)
    0x0000015c   0x0000015c   0x00000002   Code   RO         3926    .ARM.Collect$$libshutdown$$00000010  c_p.l(libshutdown2.o)
    0x0000015e   0x0000015e   0x00000000   Code   RO         3749    .ARM.Collect$$rtentry$$00000000  c_p.l(__rtentry.o)
    0x0000015e   0x0000015e   0x00000000   Code   RO         3769    .ARM.Collect$$rtentry$$00000002  c_p.l(__rtentry2.o)
    0x0000015e   0x0000015e   0x00000006   Code   RO         3781    .ARM.Collect$$rtentry$$00000004  c_p.l(__rtentry4.o)
    0x00000164   0x00000164   0x00000000   Code   RO         3771    .ARM.Collect$$rtentry$$00000009  c_p.l(__rtentry2.o)
    0x00000164   0x00000164   0x00000004   Code   RO         3772    .ARM.Collect$$rtentry$$0000000A  c_p.l(__rtentry2.o)
    0x00000168   0x00000168   0x00000000   Code   RO         3774    .ARM.Collect$$rtentry$$0000000C  c_p.l(__rtentry2.o)
    0x00000168   0x00000168   0x00000008   Code   RO         3775    .ARM.Collect$$rtentry$$0000000D  c_p.l(__rtentry2.o)
    0x00000170   0x00000170   0x00000002   Code   RO         3810    .ARM.Collect$$rtexit$$00000000  c_p.l(rtexit.o)
    0x00000172   0x00000172   0x00000000   Code   RO         3864    .ARM.Collect$$rtexit$$00000002  c_p.l(rtexit2.o)
    0x00000172   0x00000172   0x00000004   Code   RO         3865    .ARM.Collect$$rtexit$$00000003  c_p.l(rtexit2.o)
    0x00000176   0x00000176   0x00000006   Code   RO         3866    .ARM.Collect$$rtexit$$00000004  c_p.l(rtexit2.o)
    0x0000017c   0x0000017c   0x00000038   Code   RO            4    .text               startup_cw32l011.o
    0x000001b4   0x000001b4   0x00000002   Code   RO         3669    .text               c_p.l(use_no_semi_2.o)
    0x000001b6   0x000001b6   0x00000002   PAD
    0x000001b8   0x000001b8   0x00000028   Code   RO         3675    .text               c_p.l(noretval__2sprintf.o)
    0x000001e0   0x000001e0   0x0000006c   Code   RO         3677    .text               c_p.l(__printf.o)
    0x0000024c   0x0000024c   0x00000052   Code   RO         3679    .text               c_p.l(_printf_str.o)
    0x0000029e   0x0000029e   0x00000002   PAD
    0x000002a0   0x000002a0   0x0000006c   Code   RO         3681    .text               c_p.l(_printf_dec.o)
    0x0000030c   0x0000030c   0x00000044   Code   RO         3706    .text               c_p.l(strlen.o)
    0x00000350   0x00000350   0x000000a0   Code   RO         3708    .text               c_p.l(strncmp.o)
    0x000003f0   0x000003f0   0x00000040   Code   RO         3710    .text               c_p.l(rt_memclr.o)
    0x00000430   0x00000430   0x0000015a   Code   RO         3712    .text               c_p.l(aeabi_sdiv.o)
    0x0000058a   0x0000058a   0x00000006   Code   RO         3716    .text               c_p.l(heapauxi.o)
    0x00000590   0x00000590   0x00000358   Code   RO         3722    .text               fz_ps.l(daddsub.o)
    0x000008e8   0x000008e8   0x00000048   Code   RO         3724    .text               fz_ps.l(dfixui.o)
    0x00000930   0x00000930   0x00000054   Code   RO         3730    .text               fz_ps.l(f2d.o)
    0x00000984   0x00000984   0x00000160   Code   RO         3738    .text               fz_ps.l(fdiv.o)
    0x00000ae4   0x00000ae4   0x00000030   Code   RO         3741    .text               fz_ps.l(ffixui.o)
    0x00000b14   0x00000b14   0x0000005e   Code   RO         3743    .text               fz_ps.l(fflti.o)
    0x00000b72   0x00000b72   0x00000002   Code   RO         3747    .text               c_p.l(use_no_semi.o)
    0x00000b74   0x00000b74   0x000000b0   Code   RO         3756    .text               c_p.l(_printf_intcommon.o)
    0x00000c24   0x00000c24   0x00000030   Code   RO         3758    .text               c_p.l(_printf_char_common.o)
    0x00000c54   0x00000c54   0x0000000a   Code   RO         3760    .text               c_p.l(_sputc.o)
    0x00000c5e   0x00000c5e   0x0000002e   Code   RO         3762    .text               c_p.l(_printf_char.o)
    0x00000c8c   0x00000c8c   0x00000028   Code   RO         3765    .text               c_p.l(rtudiv10.o)
    0x00000cb4   0x00000cb4   0x0000003e   Code   RO         3791    .text               c_p.l(sys_stackheap_outer.o)
    0x00000cf2   0x00000cf2   0x00000010   Code   RO         3794    .text               c_p.l(exit.o)
    0x00000d02   0x00000d02   0x00000002   PAD
    0x00000d04   0x00000d04   0x00000008   Code   RO         3806    .text               c_p.l(libspace.o)
    0x00000d0c   0x00000d0c   0x00000050   Code   RO         1105    i.ADC_ClearITPendingBit  cw32l011_adc.o
    0x00000d5c   0x00000d5c   0x00000012   Code   RO         1108    i.ADC_Enable        cw32l011_adc.o
    0x00000d6e   0x00000d6e   0x00000002   PAD
    0x00000d70   0x00000d70   0x00000044   Code   RO         1110    i.ADC_GetConversionValue  cw32l011_adc.o
    0x00000db4   0x00000db4   0x00000054   Code   RO         1111    i.ADC_GetITStatus   cw32l011_adc.o
    0x00000e08   0x00000e08   0x00000002   Code   RO           85    i.ADC_IRQHandler    interrupts_cw32l011.o
    0x00000e0a   0x00000e0a   0x00000002   PAD
    0x00000e0c   0x00000e0c   0x00000248   Code   RO         1123    i.ADC_Init          cw32l011_adc.o
    0x00001054   0x00001054   0x0000007c   Code   RO          298    i.ADC_Read          main.o
    0x000010d0   0x000010d0   0x00000060   Code   RO         1126    i.ADC_SoftwareStartConvCmd  cw32l011_adc.o
    0x00001130   0x00001130   0x00000002   Code   RO           86    i.ATIM_IRQHandler   interrupts_cw32l011.o
    0x00001132   0x00001132   0x00000002   Code   RO           87    i.BTIM1_IRQHandler  interrupts_cw32l011.o
    0x00001134   0x00001134   0x00000002   Code   RO           88    i.BTIM2_IRQHandler  interrupts_cw32l011.o
    0x00001136   0x00001136   0x00000002   Code   RO           89    i.BTIM3_IRQHandler  interrupts_cw32l011.o
    0x00001138   0x00001138   0x00000002   Code   RO           90    i.CLKFAULT_IRQHandler  interrupts_cw32l011.o
    0x0000113a   0x0000113a   0x00000002   Code   RO           91    i.FLASHRAM_IRQHandler  interrupts_cw32l011.o
    0x0000113c   0x0000113c   0x00000002   Code   RO           92    i.GPIOA_IRQHandler  interrupts_cw32l011.o
    0x0000113e   0x0000113e   0x00000002   PAD
    0x00001140   0x00001140   0x00000018   Code   RO           93    i.GPIOB_IRQHandler  interrupts_cw32l011.o
    0x00001158   0x00001158   0x00000002   Code   RO           94    i.GPIOC_IRQHandler  interrupts_cw32l011.o
    0x0000115a   0x0000115a   0x00000002   PAD
    0x0000115c   0x0000115c   0x000000f0   Code   RO          731    i.GPIO_Init         cw32l011_gpio.o
    0x0000124c   0x0000124c   0x0000000c   Code   RO          737    i.GPIO_WritePin     cw32l011_gpio.o
    0x00001258   0x00001258   0x00000002   Code   RO           95    i.GTIM1_IRQHandler  interrupts_cw32l011.o
    0x0000125a   0x0000125a   0x00000002   Code   RO           96    i.GTIM2_IRQHandler  interrupts_cw32l011.o
    0x0000125c   0x0000125c   0x00000004   Code   RO           97    i.HardFault_Handler  interrupts_cw32l011.o
    0x00001260   0x00001260   0x00000002   Code   RO           98    i.I2C_IRQHandler    interrupts_cw32l011.o
    0x00001262   0x00001262   0x00000002   Code   RO           99    i.LPTIM_IRQHandler  interrupts_cw32l011.o
    0x00001264   0x00001264   0x00000002   Code   RO          100    i.LVD_IRQHandler    interrupts_cw32l011.o
    0x00001266   0x00001266   0x00000002   Code   RO          101    i.NMI_Handler       interrupts_cw32l011.o
    0x00001268   0x00001268   0x00000020   Code   RO          299    i.NVIC_Configuration  main.o
    0x00001288   0x00001288   0x00000002   Code   RO          102    i.PendSV_Handler    interrupts_cw32l011.o
    0x0000128a   0x0000128a   0x0000001c   Code   RO          300    i.RCC_Configuration  main.o
    0x000012a6   0x000012a6   0x00000018   Code   RO         2729    i.RTC_BCDToBin      cw32l011_rtc.o
    0x000012be   0x000012be   0x0000001c   Code   RO         2730    i.RTC_BinToBCD      cw32l011_rtc.o
    0x000012da   0x000012da   0x00000002   PAD
    0x000012dc   0x000012dc   0x0000008c   Code   RO         2734    i.RTC_Cmd           cw32l011_rtc.o
    0x00001368   0x00001368   0x0000003c   Code   RO         2737    i.RTC_GetDate       cw32l011_rtc.o
    0x000013a4   0x000013a4   0x00000054   Code   RO         2741    i.RTC_GetTime       cw32l011_rtc.o
    0x000013f8   0x000013f8   0x00000002   Code   RO          103    i.RTC_IRQHandler    interrupts_cw32l011.o
    0x000013fa   0x000013fa   0x00000002   PAD
    0x000013fc   0x000013fc   0x00000090   Code   RO         2747    i.RTC_SetClockSource  cw32l011_rtc.o
    0x0000148c   0x0000148c   0x000000ec   Code   RO         2748    i.RTC_SetDate       cw32l011_rtc.o
    0x00001578   0x00001578   0x00000120   Code   RO         2753    i.RTC_SetTime       cw32l011_rtc.o
    0x00001698   0x00001698   0x00000002   Code   RO          104    i.SPI1_IRQHandler   interrupts_cw32l011.o
    0x0000169a   0x0000169a   0x00000002   Code   RO          105    i.SVC_Handler       interrupts_cw32l011.o
    0x0000169c   0x0000169c   0x00000074   Code   RO          811    i.SYSCTRL_AHBPeriphClk_Enable  cw32l011_sysctrl.o
    0x00001710   0x00001710   0x00000070   Code   RO          813    i.SYSCTRL_APBPeriphClk_Enable1  cw32l011_sysctrl.o
    0x00001780   0x00001780   0x00000074   Code   RO          814    i.SYSCTRL_APBPeriphClk_Enable2  cw32l011_sysctrl.o
    0x000017f4   0x000017f4   0x00000180   Code   RO          838    i.SYSCTRL_HSI_Enable  cw32l011_sysctrl.o
    0x00001974   0x00001974   0x00000002   Code   RO          106    i.SYSCTRL_IRQHandler  interrupts_cw32l011.o
    0x00001976   0x00001976   0x00000002   PAD
    0x00001978   0x00001978   0x0000004c   Code   RO          845    i.SYSCTRL_LSI_Enable  cw32l011_sysctrl.o
    0x000019c4   0x000019c4   0x00000018   Code   RO         3052    i.SysTick_Handler   cw32l011_systick.o
    0x000019dc   0x000019dc   0x00000010   Code   RO           13    i.SystemCoreClockUpdate  system_cw32l011.o
    0x000019ec   0x000019ec   0x0000003c   Code   RO           14    i.SystemInit        system_cw32l011.o
    0x00001a28   0x00001a28   0x00000002   Code   RO          107    i.UART1_IRQHandler  interrupts_cw32l011.o
    0x00001a2a   0x00001a2a   0x00000002   Code   RO          108    i.UART2_IRQHandler  interrupts_cw32l011.o
    0x00001a2c   0x00001a2c   0x00000068   Code   RO          109    i.UART3_IRQHandler  interrupts_cw32l011.o
    0x00001a94   0x00001a94   0x0000006c   Code   RO         3118    i.UART_ClearITPendingBit  cw32l011_uart.o
    0x00001b00   0x00001b00   0x00000040   Code   RO          301    i.UART_Configuration  main.o
    0x00001b40   0x00001b40   0x00000070   Code   RO         3124    i.UART_GetFlagStatus  cw32l011_uart.o
    0x00001bb0   0x00001bb0   0x00000074   Code   RO         3125    i.UART_GetITStatus  cw32l011_uart.o
    0x00001c24   0x00001c24   0x00000090   Code   RO         3127    i.UART_ITConfig     cw32l011_uart.o
    0x00001cb4   0x00001cb4   0x00000358   Code   RO         3128    i.UART_Init         cw32l011_uart.o
    0x0000200c   0x0000200c   0x00000048   Code   RO         3133    i.UART_ReceiveData_8bit  cw32l011_uart.o
    0x00002054   0x00002054   0x00000058   Code   RO         3135    i.UART_SendData_8bit  cw32l011_uart.o
    0x000020ac   0x000020ac   0x00000038   Code   RO         3136    i.UART_SendString   cw32l011_uart.o
    0x000020e4   0x000020e4   0x00000002   Code   RO          110    i.VC1_IRQHandler    interrupts_cw32l011.o
    0x000020e6   0x000020e6   0x00000002   Code   RO          111    i.VC2_IRQHandler    interrupts_cw32l011.o
    0x000020e8   0x000020e8   0x00000002   Code   RO          112    i.WDT_IRQHandler    interrupts_cw32l011.o
    0x000020ea   0x000020ea   0x00000002   PAD
    0x000020ec   0x000020ec   0x00000020   Code   RO          302    i.__NVIC_EnableIRQ  main.o
    0x0000210c   0x0000210c   0x00000078   Code   RO          303    i.__NVIC_SetPriority  main.o
    0x00002184   0x00002184   0x00000004   Code   RO         3578    i._sys_exit         cw32l011_startkit_board.o
    0x00002188   0x00002188   0x00000036   Code   RO          304    i.adc_pa11_init     main.o
    0x000021be   0x000021be   0x00000002   Code   RO          306    i.assert_failed     main.o
    0x000021c0   0x000021c0   0x0000001c   Code   RO          307    i.delay_ms          main.o
    0x000021dc   0x000021dc   0x00000180   Code   RO          308    i.main              main.o
    0x0000235c   0x0000235c   0x00000188   Code   RO          532    i.mqtt_configure    mqtt_client.o
    0x000024e4   0x000024e4   0x00000018   Code   RO          533    i.mqtt_connect      mqtt_client.o
    0x000024fc   0x000024fc   0x00000050   Code   RO          535    i.mqtt_publish      mqtt_client.o
    0x0000254c   0x0000254c   0x00000018   Code   RO          536    i.mqtt_send_and_wait_ok  mqtt_client.o
    0x00002564   0x00002564   0x000000e4   Code   RO          309    i.my_gpio_init      main.o
    0x00002648   0x00002648   0x00000088   Code   RO          310    i.rtc_init_lsi      main.o
    0x000026d0   0x000026d0   0x00000014   Code   RO          311    i.rtc_read          main.o
    0x000026e4   0x000026e4   0x0000002c   Code   RO          312    i.uart_rx_clear_buffer  main.o
    0x00002710   0x00002710   0x00000050   Code   RO          313    i.uart_rx_get_data  main.o
    0x00002760   0x00002760   0x0000001c   Code   RO          314    i.uart_rx_init      main.o
    0x0000277c   0x0000277c   0x0000000c   Code   RO          315    i.uart_rx_is_data_ready  main.o
    0x00002788   0x00002788   0x00000060   Code   RO          445    i.wifi_connect_network  wifi_comm.o
    0x000027e8   0x000027e8   0x0000001c   Code   RO          447    i.wifi_get_ip_address  wifi_comm.o
    0x00002804   0x00002804   0x00000074   Code   RO          449    i.wifi_init         wifi_comm.o
    0x00002878   0x00002878   0x0000008c   Code   RO          451    i.wifi_send_at_command_wait_response  wifi_comm.o
    0x00002904   0x00002904   0x0000008c   Code   RO         3732    x$fpl$fadd          fz_ps.l(faddsub.o)
    0x00002990   0x00002990   0x000000b0   Code   RO         3745    x$fpl$fmul          fz_ps.l(fmul.o)
    0x00002a40   0x00002a40   0x00000018   Code   RO         3733    x$fpl$frsb          fz_ps.l(faddsub.o)
    0x00002a58   0x00002a58   0x000000d0   Code   RO         3734    x$fpl$fsub          fz_ps.l(faddsub.o)
    0x00002b28   0x00002b28   0x00000000   Code   RO         3767    x$fpl$usenofp       fz_ps.l(usenofp.o)
    0x00002b28   0x00002b28   0x00000040   Data   RO         3739    .constdata          fz_ps.l(fdiv.o)
    0x00002b68   0x00002b68   0x00000041   Data   RO          537    .conststring        mqtt_client.o
    0x00002ba9   0x00002ba9   0x00000003   PAD
    0x00002bac   0x00002bac   0x00000020   Data   RO         3928    Region$$Table       anon$$obj.o


    Execution Region RW_IRAM1 (Exec base: 0x20000000, Load base: 0x00002bcc, Size: 0x00000590, Max: 0x00001800, ABSOLUTE)

    Exec Addr    Load Addr    Size         Type   Attr      Idx    E Section Name        Object

    0x20000000   0x00002bcc   0x00000004   Data   RW           15    .data               system_cw32l011.o
    0x20000004   0x00002bd0   0x00000001   Data   RW          113    .data               interrupts_cw32l011.o
    0x20000005   0x00002bd1   0x00000001   PAD
    0x20000006   0x00002bd2   0x00000016   Data   RW          317    .data               main.o
    0x2000001c   0x00002be8   0x00000002   Data   RW          455    .data               wifi_comm.o
    0x2000001e   0x00002bea   0x00000002   PAD
    0x20000020   0x00002bec   0x00000009   Data   RW         3054    .data               cw32l011_systick.o
    0x20000029   0x00002bf5   0x00000003   PAD
    0x2000002c        -       0x00000100   Zero   RW          316    .bss                main.o
    0x2000012c        -       0x00000060   Zero   RW         3807    .bss                c_p.l(libspace.o)
    0x2000018c   0x00002bf5   0x00000004   PAD
    0x20000190        -       0x00000200   Zero   RW            2    HEAP                startup_cw32l011.o
    0x20000390        -       0x00000200   Zero   RW            1    STACK               startup_cw32l011.o


==============================================================================

Image component sizes


      Code (inc. data)   RO Data    RW Data    ZI Data      Debug   Object Name

       930        188          0          0          0       3546   cw32l011_adc.o
       252         10          0          0          0       1492   cw32l011_gpio.o
      1004        168          0          0          0       4437   cw32l011_rtc.o
         4          0          0          0          0        432   cw32l011_startkit_board.o
       804        214          0          0          0       2978   cw32l011_sysctrl.o
        24          8          0          9          0       1625   cw32l011_systick.o
      1552        326          0          0          0       5328   cw32l011_uart.o
       182         24          0          1          0      50107   interrupts_cw32l011.o
      1416        204          0         22        256      36819   main.o
       520        304         65          0          0       2167   mqtt_client.o
        56         26        192          0       1024        604   startup_cw32l011.o
        76         18          0          4          0     118627   system_cw32l011.o
       380         96          0          2          0       3046   wifi_comm.o

    ----------------------------------------------------------------------
      7216       1586        292         44       1280     231208   Object Totals
         0          0         32          0          0          0   (incl. Generated)
        16          0          3          6          0          0   (incl. Padding)

    ----------------------------------------------------------------------

      Code (inc. data)   RO Data    RW Data    ZI Data      Debug   Library Member Name

         8          0          0          0          0         68   __main.o
       108          0          0          0          0         76   __printf.o
         0          0          0          0          0          0   __rtentry.o
        12          0          0          0          0          0   __rtentry2.o
         6          0          0          0          0          0   __rtentry4.o
        60          8          0          0          0          0   __scatter.o
        26          0          0          0          0          0   __scatter_copy.o
        28          0          0          0          0          0   __scatter_zi.o
        46          0          0          0          0        100   _printf_char.o
        48          6          0          0          0         88   _printf_char_common.o
        10          0          0          0          0          0   _printf_d.o
       108         18          0          0          0         76   _printf_dec.o
       176          0          0          0          0         84   _printf_intcommon.o
         2          0          0          0          0          0   _printf_percent.o
         4          0          0          0          0          0   _printf_percent_end.o
        10          0          0          0          0          0   _printf_s.o
        82          0          0          0          0         72   _printf_str.o
        10          0          0          0          0         60   _sputc.o
       346          0          0          0          0         92   aeabi_sdiv.o
        16          0          0          0          0         68   exit.o
         6          0          0          0          0        136   heapauxi.o
         2          0          0          0          0          0   libinit.o
         2          0          0          0          0          0   libinit2.o
         2          0          0          0          0          0   libshutdown.o
         2          0          0          0          0          0   libshutdown2.o
         8          4          0          0         96         68   libspace.o
        40          4          0          0          0         84   noretval__2sprintf.o
        64          0          0          0          0        108   rt_memclr.o
         2          0          0          0          0          0   rtexit.o
        10          0          0          0          0          0   rtexit2.o
        40          0          0          0          0         60   rtudiv10.o
        68          6          0          0          0         72   strlen.o
       160          6          0          0          0         76   strncmp.o
        62          0          0          0          0         80   sys_stackheap_outer.o
         2          0          0          0          0         68   use_no_semi.o
         2          0          0          0          0         68   use_no_semi_2.o
       856         20          0          0          0        208   daddsub.o
        72          4          0          0          0         68   dfixui.o
        84          4          0          0          0         60   f2d.o
       372          8          0          0          0        240   faddsub.o
       352         10         64          0          0         92   fdiv.o
        48          0          0          0          0         60   ffixui.o
        94          0          0          0          0         92   fflti.o
       176          4          0          0          0         80   fmul.o
         0          0          0          0          0          0   usenofp.o

    ----------------------------------------------------------------------
      3640        102         64          0        100       2504   Library Totals
         8          0          0          0          4          0   (incl. Padding)

    ----------------------------------------------------------------------

      Code (inc. data)   RO Data    RW Data    ZI Data      Debug   Library Name

      1578         52          0          0         96       1604   c_p.l
      2054         50         64          0          0        900   fz_ps.l

    ----------------------------------------------------------------------
      3640        102         64          0        100       2504   Library Totals

    ----------------------------------------------------------------------

==============================================================================


      Code (inc. data)   RO Data    RW Data    ZI Data      Debug   

     10856       1688        356         44       1380     228952   Grand Totals
     10856       1688        356         44       1380     228952   ELF Image Totals
     10856       1688        356         44          0          0   ROM Totals

==============================================================================

    Total RO  Size (Code + RO Data)                11212 (  10.95kB)
    Total RW  Size (RW Data + ZI Data)              1424 (   1.39kB)
    Total ROM Size (Code + RO Data + RW Data)      11256 (  10.99kB)

==============================================================================

